#
# There is insufficient memory for the Java Runtime Environment to continue.
# Native memory allocation (malloc) failed to allocate 1111632 bytes. Error detail: Chunk::new
# Possible reasons:
#   The system is out of physical RAM or swap space
#   This process is running with CompressedOops enabled, and the Java Heap may be blocking the growth of the native heap
# Possible solutions:
#   Reduce memory load on the system
#   Increase physical memory or swap space
#   Check if swap backing store is full
#   Decrease Java heap size (-Xmx/-Xms)
#   Decrease number of Java threads
#   Decrease Java thread stack sizes (-Xss)
#   Set larger code cache with -XX:ReservedCodeCacheSize=
#   JVM is running with Unscaled Compressed Oops mode in which the Java heap is
#     placed in the first 4GB address space. The Java Heap base address is the
#     maximum limit for the native heap growth. Please use -XX:HeapBaseMinAddress
#     to set the Java Heap base and to place the Java Heap above 4GB virtual address.
# This output file may be truncated or incomplete.
#
#  Out of Memory Error (arena.cpp:168), pid=14624, tid=6996
#
# JRE version: OpenJDK Runtime Environment Temurin-21.0.10+7 (21.0.10+7) (build 21.0.10+7-LTS)
# Java VM: OpenJDK 64-Bit Server VM Temurin-21.0.10+7 (21.0.10+7-LTS, mixed mode, sharing, tiered, compressed oops, compressed class ptrs, parallel gc, windows-amd64)
# No core dump will be written. Minidumps are not enabled by default on client versions of Windows
#

---------------  S U M M A R Y ------------

Command Line: --add-modules=ALL-SYSTEM --add-opens=java.base/java.util=ALL-UNNAMED --add-opens=java.base/java.lang=ALL-UNNAMED --add-opens=java.base/sun.nio.fs=ALL-UNNAMED -Declipse.application=org.eclipse.jdt.ls.core.id1 -Dosgi.bundles.defaultStartLevel=4 -Declipse.product=org.eclipse.jdt.ls.core.product -Djava.import.generatesMetadataFilesAtProjectRoot=false -DDetectVMInstallationsJob.disabled=true -Dfile.encoding=utf8 -XX:+UseParallelGC -XX:GCTimeRatio=4 -XX:AdaptiveSizePolicyWeight=90 -Dsun.zip.disableMemoryMapping=true -Xmx2G -Xms100m -Xlog:disable -javaagent:c:\Users\Rohit\.vscode\extensions\redhat.java-1.55.2026042408-win32-x64\lombok\lombok-1.18.39-4050.jar -XX:+HeapDumpOnOutOfMemoryError -XX:HeapDumpPath=c:\Users\Rohit\AppData\Roaming\Code\User\workspaceStorage\6d49a6029bcb0fc83d9f2152666a4f8f\redhat.java -Daether.dependencyCollector.impl=bf -XX:+UnlockDiagnosticVMOptions -XX:+AllowArchivingWithJavaAgent -XX:+AutoCreateSharedArchive -XX:SharedArchiveFile=c:\Users\Rohit\AppData\Roaming\Code\User\globalStorage\redhat.java\1.55.2026042408\jdtls.jsa c:\Users\Rohit\.vscode\extensions\redhat.java-1.55.2026042408-win32-x64\server\plugins\org.eclipse.equinox.launcher_1.7.100.v20251111-0406.jar -configuration c:\Users\Rohit\AppData\Roaming\Code\User\globalStorage\redhat.java\1.55.2026042408\config_win -data c:\Users\Rohit\AppData\Roaming\Code\User\workspaceStorage\6d49a6029bcb0fc83d9f2152666a4f8f\redhat.java\jdt_ws --pipe=\\.\pipe\lsp-dc17715bfb569286332545605aac52c0-sock

Host: 13th Gen Intel(R) Core(TM) i5-13420H, 12 cores, 15G,  Windows 11 , 64 bit Build 26100 (10.0.26100.8246)
Time: Mon Apr 27 16:00:27 2026 India Standard Time elapsed time: 32.669906 seconds (0d 0h 0m 32s)

---------------  T H R E A D  ---------------

Current thread (0x000002acecb23860):  JavaThread "C2 CompilerThread1" daemon [_thread_in_native, id=6996, stack(0x000000fc13a00000,0x000000fc13b00000) (1024K)]


Current CompileTask:
C2:32669 2443       4       org.eclipse.osgi.container.ModuleDatabase$Persistence::addMap (289 bytes)

Stack: [0x000000fc13a00000,0x000000fc13b00000]
Native frames: (J=compiled Java code, j=interpreted, Vv=VM code, C=native code)
V  [jvm.dll+0x6d7a39]
V  [jvm.dll+0x8b4b26]
V  [jvm.dll+0x8b70de]
V  [jvm.dll+0x8b77c3]
V  [jvm.dll+0x284346]
V  [jvm.dll+0xc66ed]
V  [jvm.dll+0xc6c31]
V  [jvm.dll+0x3bec3b]
V  [jvm.dll+0x1e3d62]
V  [jvm.dll+0x24c6b3]
V  [jvm.dll+0x24bb40]
V  [jvm.dll+0x1cb34e]
V  [jvm.dll+0x25b85d]
V  [jvm.dll+0x259dea]
V  [jvm.dll+0x3f857e]
V  [jvm.dll+0x85f59d]
V  [jvm.dll+0x6d626d]
C  [ucrtbase.dll+0x37b0]
C  [KERNEL32.DLL+0x2e8d7]
C  [ntdll.dll+0x8c3fc]


---------------  P R O C E S S  ---------------

Threads class SMR info:
_java_thread_list=0x000002acf219a5f0, length=17, elements={
0x000002acd2ea5b50, 0x000002acd2f41f50, 0x000002acd2f44f50, 0x000002acd2f4bf60,
0x000002acd2f4c9c0, 0x000002acd2f4ed40, 0x000002acd2f4fa60, 0x000002acec9e2810,
0x000002acec9e4a40, 0x000002acd2f500f0, 0x000002acd2f50e10, 0x000002acd2f51b30,
0x000002acd2f4f3d0, 0x000002acd2f50780, 0x000002acd2f521c0, 0x000002acd2f514a0,
0x000002acecb23860
}

Java Threads: ( => current thread )
  0x000002acd2ea5b50 JavaThread "main"                              [_thread_blocked, id=9144, stack(0x000000fc12100000,0x000000fc12200000) (1024K)]
  0x000002acd2f41f50 JavaThread "Reference Handler"          daemon [_thread_blocked, id=18756, stack(0x000000fc12500000,0x000000fc12600000) (1024K)]
  0x000002acd2f44f50 JavaThread "Finalizer"                  daemon [_thread_blocked, id=5872, stack(0x000000fc12600000,0x000000fc12700000) (1024K)]
  0x000002acd2f4bf60 JavaThread "Signal Dispatcher"          daemon [_thread_blocked, id=22408, stack(0x000000fc12700000,0x000000fc12800000) (1024K)]
  0x000002acd2f4c9c0 JavaThread "Attach Listener"            daemon [_thread_blocked, id=6020, stack(0x000000fc12800000,0x000000fc12900000) (1024K)]
  0x000002acd2f4ed40 JavaThread "Service Thread"             daemon [_thread_blocked, id=11076, stack(0x000000fc12900000,0x000000fc12a00000) (1024K)]
  0x000002acd2f4fa60 JavaThread "Monitor Deflation Thread"   daemon [_thread_blocked, id=1524, stack(0x000000fc12a00000,0x000000fc12b00000) (1024K)]
  0x000002acec9e2810 JavaThread "C2 CompilerThread0"         daemon [_thread_blocked, id=8404, stack(0x000000fc12b00000,0x000000fc12c00000) (1024K)]
  0x000002acec9e4a40 JavaThread "C1 CompilerThread0"         daemon [_thread_blocked, id=17816, stack(0x000000fc12c00000,0x000000fc12d00000) (1024K)]
  0x000002acd2f500f0 JavaThread "Common-Cleaner"             daemon [_thread_blocked, id=8272, stack(0x000000fc12e00000,0x000000fc12f00000) (1024K)]
  0x000002acd2f50e10 JavaThread "Notification Thread"        daemon [_thread_blocked, id=19748, stack(0x000000fc12f00000,0x000000fc13000000) (1024K)]
  0x000002acd2f51b30 JavaThread "Active Thread: Equinox Container: 9f1781ed-3d38-4870-a8c7-256930cd2c66"        [_thread_blocked, id=11676, stack(0x000000fc13700000,0x000000fc13800000) (1024K)]
  0x000002acd2f4f3d0 JavaThread "Refresh Thread: Equinox Container: 9f1781ed-3d38-4870-a8c7-256930cd2c66" daemon [_thread_blocked, id=21280, stack(0x000000fc12d00000,0x000000fc12e00000) (1024K)]
  0x000002acd2f50780 JavaThread "Framework Event Dispatcher: Equinox Container: 9f1781ed-3d38-4870-a8c7-256930cd2c66" daemon [_thread_blocked, id=4832, stack(0x000000fc13800000,0x000000fc13900000) (1024K)]
  0x000002acd2f521c0 JavaThread "Start Level: Equinox Container: 9f1781ed-3d38-4870-a8c7-256930cd2c66" daemon [_thread_in_native, id=6652, stack(0x000000fc13900000,0x000000fc13a00000) (1024K)]
  0x000002acd2f514a0 JavaThread "Bundle File Closer"         daemon [_thread_blocked, id=12400, stack(0x000000fc13d00000,0x000000fc13e00000) (1024K)]
=>0x000002acecb23860 JavaThread "C2 CompilerThread1"         daemon [_thread_in_native, id=6996, stack(0x000000fc13a00000,0x000000fc13b00000) (1024K)]
Total: 17

Other Threads:
  0x000002aceb554960 VMThread "VM Thread"                           [id=4308, stack(0x000000fc12400000,0x000000fc12500000) (1024K)]
  0x000002aceb44ca00 WatcherThread "VM Periodic Task Thread"        [id=5720, stack(0x000000fc12300000,0x000000fc12400000) (1024K)]
  0x000002acd2ec3920 WorkerThread "GC Thread#0"                     [id=12868, stack(0x000000fc12200000,0x000000fc12300000) (1024K)]
  0x000002acf25890b0 WorkerThread "GC Thread#1"                     [id=13004, stack(0x000000fc13100000,0x000000fc13200000) (1024K)]
  0x000002acf26402f0 WorkerThread "GC Thread#2"                     [id=22004, stack(0x000000fc13200000,0x000000fc13300000) (1024K)]
  0x000002acf26406a0 WorkerThread "GC Thread#3"                     [id=21580, stack(0x000000fc13300000,0x000000fc13400000) (1024K)]
  0x000002acf2267b90 WorkerThread "GC Thread#4"                     [id=10592, stack(0x000000fc13400000,0x000000fc13500000) (1024K)]
  0x000002acf2267f40 WorkerThread "GC Thread#5"                     [id=21724, stack(0x000000fc13500000,0x000000fc13600000) (1024K)]
  0x000002acecd4a850 WorkerThread "GC Thread#6"                     [id=10544, stack(0x000000fc13600000,0x000000fc13700000) (1024K)]
  0x000002acf2bab9d0 WorkerThread "GC Thread#7"                     [id=12556, stack(0x000000fc13000000,0x000000fc13100000) (1024K)]
  0x000002acf2851240 WorkerThread "GC Thread#8"                     [id=4044, stack(0x000000fc13b00000,0x000000fc13c00000) (1024K)]
  0x000002acf23bdb50 WorkerThread "GC Thread#9"                     [id=20160, stack(0x000000fc13c00000,0x000000fc13d00000) (1024K)]
Total: 12

Threads with active compile tasks:
C2 CompilerThread1  32681 2443       4       org.eclipse.osgi.container.ModuleDatabase$Persistence::addMap (289 bytes)
Total: 1

VM state: not at safepoint (normal execution)

VM Mutex/Monitor currently owned by a thread: None

Heap address: 0x0000000080000000, size: 2048 MB, Compressed Oops mode: 32-bit

CDS archive(s) mapped at: [0x000002ac80000000-0x000002ac80ba0000-0x000002ac84170000), size 68616192, SharedBaseAddress: 0x000002ac80000000, ArchiveRelocationMode: 1.
Compressed class space mapped at: 0x000002ac85000000-0x000002acc5000000, reserved size: 1073741824
Narrow klass base: 0x000002ac80000000, Narrow klass shift: 0, Narrow klass range: 0x100000000

GC Precious Log:
 CardTable entry size: 512
 CPUs: 12 total, 12 available
 Memory: 16024M
 Large Page Support: Disabled
 NUMA Support: Disabled
 Compressed Oops: Enabled (32-bit)
 Alignments: Space 512K, Generation 512K, Heap 2M
 Heap Min Capacity: 100M
 Heap Initial Capacity: 100M
 Heap Max Capacity: 2G
 Pre-touch: Disabled
 Parallel Workers: 10

Heap:
 PSYoungGen      total 29696K, used 22088K [0x00000000d5580000, 0x00000000d7680000, 0x0000000100000000)
  eden space 25600K, 70% used [0x00000000d5580000,0x00000000d67181b0,0x00000000d6e80000)
  from space 4096K, 99% used [0x00000000d6e80000,0x00000000d727a0f0,0x00000000d7280000)
  to   space 4096K, 0% used [0x00000000d7280000,0x00000000d7280000,0x00000000d7680000)
 ParOldGen       total 68608K, used 5449K [0x0000000080000000, 0x0000000084300000, 0x00000000d5580000)
  object space 68608K, 7% used [0x0000000080000000,0x00000000805527d8,0x0000000084300000)
 Metaspace       used 6068K, committed 6336K, reserved 1114112K
  class space    used 541K, committed 704K, reserved 1048576K

Card table byte_map: [0x000002ace68b0000,0x000002ace6cc0000] _byte_map_base: 0x000002ace64b0000

Marking Bits: (ParMarkBitMap*) 0x00007ff9eca33450
 Begin Bits: [0x000002ace6f70000, 0x000002ace8f70000)
 End Bits:   [0x000002ace8f70000, 0x000002aceaf70000)

Polling page: 0x000002acd28b0000

Metaspace:

Usage:
  Non-class:      5.40 MB used.
      Class:    541.91 KB used.
       Both:      5.93 MB used.

Virtual space:
  Non-class space:       64.00 MB reserved,       5.50 MB (  9%) committed,  1 nodes.
      Class space:        1.00 GB reserved,     704.00 KB ( <1%) committed,  1 nodes.
             Both:        1.06 GB reserved,       6.19 MB ( <1%) committed. 

Chunk freelists:
   Non-Class:  8.19 MB
       Class:  15.22 MB
        Both:  23.40 MB

MaxMetaspaceSize: unlimited
CompressedClassSpaceSize: 1.00 GB
Initial GC threshold: 21.00 MB
Current GC threshold: 21.00 MB
CDS: on
 - commit_granule_bytes: 65536.
 - commit_granule_words: 8192.
 - virtual_space_node_default_size: 8388608.
 - enlarge_chunks_in_place: 1.
 - use_allocation_guard: 0.


Internal statistics:

num_allocs_failed_limit: 0.
num_arena_births: 174.
num_arena_deaths: 0.
num_vsnodes_births: 2.
num_vsnodes_deaths: 0.
num_space_committed: 99.
num_space_uncommitted: 0.
num_chunks_returned_to_freelist: 0.
num_chunks_taken_from_freelist: 387.
num_chunk_merges: 0.
num_chunk_splits: 257.
num_chunks_enlarged: 179.
num_inconsistent_stats: 0.

CodeHeap 'non-profiled nmethods': size=120000Kb used=1209Kb max_used=1209Kb free=118790Kb
 bounds [0x000002acdf1a0000, 0x000002acdf410000, 0x000002ace66d0000]
CodeHeap 'profiled nmethods': size=120000Kb used=4708Kb max_used=4708Kb free=115292Kb
 bounds [0x000002acd76d0000, 0x000002acd7b70000, 0x000002acdec00000]
CodeHeap 'non-nmethods': size=5760Kb used=1236Kb max_used=1288Kb free=4523Kb
 bounds [0x000002acdec00000, 0x000002acdee70000, 0x000002acdf1a0000]
CodeCache: size=245760Kb, used=7153Kb, max_used=7205Kb, free=238605Kb
 total_blobs=3016, nmethods=2513, adapters=409, full_count=0
Compilation: enabled, stopped_count=0, restarted_count=0

Compilation events (20 events):
Event: 31.452 Thread 0x000002acec9e4a40 2512       3       java.util.Objects::hash (5 bytes)
Event: 31.452 Thread 0x000002acec9e4a40 nmethod 2512 0x000002acd7b67490 code [0x000002acd7b67640, 0x000002acd7b67758]
Event: 31.453 Thread 0x000002acec9e4a40 2515       3       java.util.ImmutableCollections$SetN::<init> (90 bytes)
Event: 31.453 Thread 0x000002acf214cdb0 nmethod 2476 0x000002acdf2c8790 code [0x000002acdf2c89a0, 0x000002acdf2c8eb0]
Event: 31.453 Thread 0x000002acf214cdb0 2514       4       java.util.regex.Pattern$BmpCharPropertyGreedy::match (89 bytes)
Event: 31.454 Thread 0x000002acec9e4a40 nmethod 2515 0x000002acd7b67810 code [0x000002acd7b67ac0, 0x000002acd7b68758]
Event: 31.458 Thread 0x000002acf214cdb0 nmethod 2514 0x000002acdf2c9490 code [0x000002acdf2c9680, 0x000002acdf2c9ba0]
Event: 31.458 Thread 0x000002acf214cdb0 2482       4       org.osgi.framework.Version::hashCode (65 bytes)
Event: 31.459 Thread 0x000002acf214cdb0 nmethod 2482 0x000002acdf2ca010 code [0x000002acdf2ca1a0, 0x000002acdf2ca2d8]
Event: 31.459 Thread 0x000002acf214cdb0 2498       4       java.util.HashMap$EntrySet::iterator (12 bytes)
Event: 31.462 Thread 0x000002acf214cdb0 nmethod 2498 0x000002acdf2ca390 code [0x000002acdf2ca540, 0x000002acdf2ca748]
Event: 31.462 Thread 0x000002acf214cdb0 2495       4       java.util.HashMap::entrySet (27 bytes)
Event: 31.463 Thread 0x000002acf214cdb0 nmethod 2495 0x000002acdf2ca910 code [0x000002acdf2caaa0, 0x000002acdf2cabb8]
Event: 31.463 Thread 0x000002acf214cdb0 2436       4       java.util.Collections$UnmodifiableMap$UnmodifiableEntrySet$UnmodifiableEntry::getValue (10 bytes)
Event: 31.463 Thread 0x000002acf214cdb0 nmethod 2436 0x000002acdf2cac90 code [0x000002acdf2cae20, 0x000002acdf2caef0]
Event: 31.463 Thread 0x000002acf214cdb0 2438       4       java.util.Collections$UnmodifiableMap$UnmodifiableEntrySet$UnmodifiableEntry::getKey (10 bytes)
Event: 31.464 Thread 0x000002acf214cdb0 nmethod 2438 0x000002acdf2caf90 code [0x000002acdf2cb120, 0x000002acdf2cb1f0]
Event: 31.477 Thread 0x000002acec9e2810 nmethod 2484 0x000002acdf2cb290 code [0x000002acdf2cb640, 0x000002acdf2ccdc8]
Event: 31.634 Thread 0x000002acec9e4a40 2516       3       java.util.WeakHashMap::newTable (5 bytes)
Event: 31.634 Thread 0x000002acec9e4a40 nmethod 2516 0x000002acd7b68c10 code [0x000002acd7b68da0, 0x000002acd7b68f40]

GC Heap History (6 events):
Event: 0.900 GC heap before
{Heap before GC invocations=1 (full 0):
 PSYoungGen      total 29696K, used 25600K [0x00000000d5580000, 0x00000000d7680000, 0x0000000100000000)
  eden space 25600K, 100% used [0x00000000d5580000,0x00000000d6e80000,0x00000000d6e80000)
  from space 4096K, 0% used [0x00000000d7280000,0x00000000d7280000,0x00000000d7680000)
  to   space 4096K, 0% used [0x00000000d6e80000,0x00000000d6e80000,0x00000000d7280000)
 ParOldGen       total 68608K, used 0K [0x0000000080000000, 0x0000000084300000, 0x00000000d5580000)
  object space 68608K, 0% used [0x0000000080000000,0x0000000080000000,0x0000000084300000)
 Metaspace       used 1892K, committed 2048K, reserved 1114112K
  class space    used 162K, committed 256K, reserved 1048576K
}
Event: 0.904 GC heap after
{Heap after GC invocations=1 (full 0):
 PSYoungGen      total 29696K, used 3280K [0x00000000d5580000, 0x00000000d7680000, 0x0000000100000000)
  eden space 25600K, 0% used [0x00000000d5580000,0x00000000d5580000,0x00000000d6e80000)
  from space 4096K, 80% used [0x00000000d6e80000,0x00000000d71b4148,0x00000000d7280000)
  to   space 4096K, 0% used [0x00000000d7280000,0x00000000d7280000,0x00000000d7680000)
 ParOldGen       total 68608K, used 16K [0x0000000080000000, 0x0000000084300000, 0x00000000d5580000)
  object space 68608K, 0% used [0x0000000080000000,0x0000000080004000,0x0000000084300000)
 Metaspace       used 1892K, committed 2048K, reserved 1114112K
  class space    used 162K, committed 256K, reserved 1048576K
}
Event: 17.793 GC heap before
{Heap before GC invocations=2 (full 0):
 PSYoungGen      total 29696K, used 28880K [0x00000000d5580000, 0x00000000d7680000, 0x0000000100000000)
  eden space 25600K, 100% used [0x00000000d5580000,0x00000000d6e80000,0x00000000d6e80000)
  from space 4096K, 80% used [0x00000000d6e80000,0x00000000d71b4148,0x00000000d7280000)
  to   space 4096K, 0% used [0x00000000d7280000,0x00000000d7280000,0x00000000d7680000)
 ParOldGen       total 68608K, used 16K [0x0000000080000000, 0x0000000084300000, 0x00000000d5580000)
  object space 68608K, 0% used [0x0000000080000000,0x0000000080004000,0x0000000084300000)
 Metaspace       used 4890K, committed 5056K, reserved 1114112K
  class space    used 433K, committed 512K, reserved 1048576K
}
Event: 17.798 GC heap after
{Heap after GC invocations=2 (full 0):
 PSYoungGen      total 29696K, used 4086K [0x00000000d5580000, 0x00000000d7680000, 0x0000000100000000)
  eden space 25600K, 0% used [0x00000000d5580000,0x00000000d5580000,0x00000000d6e80000)
  from space 4096K, 99% used [0x00000000d7280000,0x00000000d767d810,0x00000000d7680000)
  to   space 4096K, 0% used [0x00000000d6e80000,0x00000000d6e80000,0x00000000d7280000)
 ParOldGen       total 68608K, used 2077K [0x0000000080000000, 0x0000000084300000, 0x00000000d5580000)
  object space 68608K, 3% used [0x0000000080000000,0x00000000802076b8,0x0000000084300000)
 Metaspace       used 4890K, committed 5056K, reserved 1114112K
  class space    used 433K, committed 512K, reserved 1048576K
}
Event: 20.878 GC heap before
{Heap before GC invocations=3 (full 0):
 PSYoungGen      total 29696K, used 29686K [0x00000000d5580000, 0x00000000d7680000, 0x0000000100000000)
  eden space 25600K, 100% used [0x00000000d5580000,0x00000000d6e80000,0x00000000d6e80000)
  from space 4096K, 99% used [0x00000000d7280000,0x00000000d767d810,0x00000000d7680000)
  to   space 4096K, 0% used [0x00000000d6e80000,0x00000000d6e80000,0x00000000d7280000)
 ParOldGen       total 68608K, used 2077K [0x0000000080000000, 0x0000000084300000, 0x00000000d5580000)
  object space 68608K, 3% used [0x0000000080000000,0x00000000802076b8,0x0000000084300000)
 Metaspace       used 5827K, committed 6144K, reserved 1114112K
  class space    used 540K, committed 704K, reserved 1048576K
}
Event: 20.883 GC heap after
{Heap after GC invocations=3 (full 0):
 PSYoungGen      total 29696K, used 4072K [0x00000000d5580000, 0x00000000d7680000, 0x0000000100000000)
  eden space 25600K, 0% used [0x00000000d5580000,0x00000000d5580000,0x00000000d6e80000)
  from space 4096K, 99% used [0x00000000d6e80000,0x00000000d727a0f0,0x00000000d7280000)
  to   space 4096K, 0% used [0x00000000d7280000,0x00000000d7280000,0x00000000d7680000)
 ParOldGen       total 68608K, used 5449K [0x0000000080000000, 0x0000000084300000, 0x00000000d5580000)
  object space 68608K, 7% used [0x0000000080000000,0x00000000805527d8,0x0000000084300000)
 Metaspace       used 5827K, committed 6144K, reserved 1114112K
  class space    used 540K, committed 704K, reserved 1048576K
}

Dll operation events (9 events):
Event: 0.114 Loaded shared library c:\Users\Rohit\.vscode\extensions\redhat.java-1.55.2026042408-win32-x64\jre\21.0.10-win32-x86_64\bin\java.dll
Event: 0.222 Loaded shared library c:\Users\Rohit\.vscode\extensions\redhat.java-1.55.2026042408-win32-x64\jre\21.0.10-win32-x86_64\bin\zip.dll
Event: 0.225 Loaded shared library C:\Users\Rohit\.vscode\extensions\redhat.java-1.55.2026042408-win32-x64\jre\21.0.10-win32-x86_64\bin\instrument.dll
Event: 0.286 Loaded shared library C:\Users\Rohit\.vscode\extensions\redhat.java-1.55.2026042408-win32-x64\jre\21.0.10-win32-x86_64\bin\net.dll
Event: 0.346 Loaded shared library C:\Users\Rohit\.vscode\extensions\redhat.java-1.55.2026042408-win32-x64\jre\21.0.10-win32-x86_64\bin\nio.dll
Event: 0.351 Loaded shared library C:\Users\Rohit\.vscode\extensions\redhat.java-1.55.2026042408-win32-x64\jre\21.0.10-win32-x86_64\bin\zip.dll
Event: 0.368 Loaded shared library C:\Users\Rohit\.vscode\extensions\redhat.java-1.55.2026042408-win32-x64\jre\21.0.10-win32-x86_64\bin\jimage.dll
Event: 0.482 Loaded shared library c:\Users\Rohit\.vscode\extensions\redhat.java-1.55.2026042408-win32-x64\jre\21.0.10-win32-x86_64\bin\verify.dll
Event: 17.890 Loaded shared library C:\Users\Rohit\AppData\Roaming\Code\User\globalStorage\redhat.java\1.55.2026042408\config_win\org.eclipse.equinox.launcher\org.eclipse.equinox.launcher.win32.win32.x86_64_1.3.0.v20260203-2149\eclipse_11919.dll

Deoptimization events (20 events):
Event: 31.395 Thread 0x000002acd2f51b30 DEOPT PACKING pc=0x000002acd7b1eb50 sp=0x000000fc137fe9a0
Event: 31.395 Thread 0x000002acd2f51b30 DEOPT UNPACKING pc=0x000002acdec54242 sp=0x000000fc137fdef8 mode 0
Event: 31.395 Thread 0x000002acd2f51b30 DEOPT PACKING pc=0x000002acd7b1eb50 sp=0x000000fc137fe9a0
Event: 31.395 Thread 0x000002acd2f51b30 DEOPT UNPACKING pc=0x000002acdec54242 sp=0x000000fc137fdef8 mode 0
Event: 31.396 Thread 0x000002acd2f51b30 DEOPT PACKING pc=0x000002acd7b1eb50 sp=0x000000fc137fe9a0
Event: 31.396 Thread 0x000002acd2f51b30 DEOPT UNPACKING pc=0x000002acdec54242 sp=0x000000fc137fdef8 mode 0
Event: 31.396 Thread 0x000002acd2f51b30 DEOPT PACKING pc=0x000002acd7b1eb50 sp=0x000000fc137fe9a0
Event: 31.396 Thread 0x000002acd2f51b30 DEOPT UNPACKING pc=0x000002acdec54242 sp=0x000000fc137fdef8 mode 0
Event: 31.396 Thread 0x000002acd2f51b30 DEOPT PACKING pc=0x000002acd7b1eb50 sp=0x000000fc137fe9a0
Event: 31.396 Thread 0x000002acd2f51b30 DEOPT UNPACKING pc=0x000002acdec54242 sp=0x000000fc137fdef8 mode 0
Event: 31.397 Thread 0x000002acd2f51b30 DEOPT PACKING pc=0x000002acd7b1eb50 sp=0x000000fc137fe9a0
Event: 31.397 Thread 0x000002acd2f51b30 DEOPT UNPACKING pc=0x000002acdec54242 sp=0x000000fc137fdef8 mode 0
Event: 31.398 Thread 0x000002acd2f51b30 Uncommon trap: trap_request=0xffffff45 fr.pc=0x000002acdf23beb4 relative=0x00000000000001d4
Event: 31.398 Thread 0x000002acd2f51b30 Uncommon trap: reason=unstable_if action=reinterpret pc=0x000002acdf23beb4 method=java.util.HashMap.getNode(Ljava/lang/Object;)Ljava/util/HashMap$Node; @ 131 c2
Event: 31.398 Thread 0x000002acd2f51b30 DEOPT PACKING pc=0x000002acdf23beb4 sp=0x000000fc137feb70
Event: 31.398 Thread 0x000002acd2f51b30 DEOPT UNPACKING pc=0x000002acdec53aa2 sp=0x000000fc137fea80 mode 2
Event: 31.398 Thread 0x000002acd2f51b30 Uncommon trap: trap_request=0xffffff45 fr.pc=0x000002acdf23b714 relative=0x0000000000000234
Event: 31.398 Thread 0x000002acd2f51b30 Uncommon trap: reason=unstable_if action=reinterpret pc=0x000002acdf23b714 method=java.util.HashMap.getNode(Ljava/lang/Object;)Ljava/util/HashMap$Node; @ 131 c2
Event: 31.398 Thread 0x000002acd2f51b30 DEOPT PACKING pc=0x000002acdf23b714 sp=0x000000fc137fea90
Event: 31.398 Thread 0x000002acd2f51b30 DEOPT UNPACKING pc=0x000002acdec53aa2 sp=0x000000fc137fea10 mode 2

Classes loaded (18 events):
Event: 0.544 Loading class jdk/internal/vm/PostVMInitHook
Event: 0.544 Loading class jdk/internal/vm/PostVMInitHook done
Event: 0.586 Loading class jdk/internal/event/SecurityProviderServiceEvent
Event: 0.586 Loading class jdk/internal/event/Event
Event: 0.586 Loading class jdk/internal/event/Event done
Event: 0.586 Loading class jdk/internal/event/SecurityProviderServiceEvent done
Event: 0.598 Loading class jdk/internal/event/X509CertificateEvent
Event: 0.598 Loading class jdk/internal/event/X509CertificateEvent done
Event: 18.047 Loading class sun/util/logging/resources/logging_en
Event: 18.047 Loading class sun/util/logging/resources/logging_en done
Event: 18.047 Loading class sun/util/logging/resources/logging_en
Event: 18.047 Loading class sun/util/logging/resources/logging_en done
Event: 18.047 Loading class sun/util/logging/resources/logging_en_IN
Event: 18.047 Loading class sun/util/logging/resources/logging_en_IN done
Event: 18.047 Loading class sun/util/logging/resources/logging_en_IN
Event: 18.047 Loading class sun/util/logging/resources/logging_en_IN done
Event: 31.457 Loading class sun/util/resources/cldr/TimeZoneNames_en_US
Event: 31.457 Loading class sun/util/resources/cldr/TimeZoneNames_en_US done

Classes unloaded (0 events):
No events

Classes redefined (0 events):
No events

Internal exceptions (20 events):
Event: 0.696 Thread 0x000002acd2ea5b50 Exception <a 'java/io/FileNotFoundException'{0x00000000d6482360}> (0x00000000d6482360) 
thrown [s\src\hotspot\share\prims\jni.cpp, line 520]
Event: 0.696 Thread 0x000002acd2ea5b50 Exception <a 'java/io/FileNotFoundException'{0x00000000d6483028}> (0x00000000d6483028) 
thrown [s\src\hotspot\share\prims\jni.cpp, line 520]
Event: 0.696 Thread 0x000002acd2ea5b50 Exception <a 'java/io/FileNotFoundException'{0x00000000d6483ba8}> (0x00000000d6483ba8) 
thrown [s\src\hotspot\share\prims\jni.cpp, line 520]
Event: 0.698 Thread 0x000002acd2ea5b50 Implicit null exception at 0x000002acdf1d0a24 to 0x000002acdf1d0fc8
Event: 0.699 Thread 0x000002acd2ea5b50 Exception <a 'java/io/FileNotFoundException'{0x00000000d64bc048}> (0x00000000d64bc048) 
thrown [s\src\hotspot\share\prims\jni.cpp, line 520]
Event: 0.850 Thread 0x000002acd2ea5b50 Exception <a 'java/lang/NoSuchMethodError'{0x00000000d69fd170}: 'java.lang.ClassLoader java.lang.ClassLoader.getPlatformClassLoader(java.lang.Class)'> (0x00000000d69fd170) 
thrown [s\src\hotspot\share\interpreter\linkResolver.cpp, line 773]
Event: 0.889 Thread 0x000002acd2ea5b50 Exception <a 'java/lang/ClassNotFoundException'{0x00000000d6e17e38}: sun/net/www/protocol/c/Handler> (0x00000000d6e17e38) 
thrown [s\src\hotspot\share\classfile\systemDictionary.cpp, line 312]
Event: 0.889 Thread 0x000002acd2ea5b50 Exception <a 'java/lang/ClassNotFoundException'{0x00000000d6e191e0}: sun/net/www/protocol/d/Handler> (0x00000000d6e191e0) 
thrown [s\src\hotspot\share\classfile\systemDictionary.cpp, line 312]
Event: 0.889 Thread 0x000002acd2ea5b50 Exception <a 'java/lang/ClassNotFoundException'{0x00000000d6e1a3c8}: sun/net/www/protocol/c/Handler> (0x00000000d6e1a3c8) 
thrown [s\src\hotspot\share\classfile\systemDictionary.cpp, line 312]
Event: 0.895 Thread 0x000002acd2ea5b50 Exception <a 'java/io/FileNotFoundException'{0x00000000d6e4d6b8}> (0x00000000d6e4d6b8) 
thrown [s\src\hotspot\share\prims\jni.cpp, line 520]
Event: 0.924 Thread 0x000002acd2ea5b50 Implicit null exception at 0x000002acdf1f8a29 to 0x000002acdf1f929c
Event: 0.924 Thread 0x000002acd2ea5b50 Implicit null exception at 0x000002acdf1ff89a to 0x000002acdf1ffaa0
Event: 0.925 Thread 0x000002acd2ea5b50 Implicit null exception at 0x000002acdf20181a to 0x000002acdf201a24
Event: 0.925 Thread 0x000002acd2ea5b50 Implicit null exception at 0x000002acdf1fa9bd to 0x000002acdf1faa41
Event: 1.188 Thread 0x000002acd2ea5b50 Exception <a 'java/lang/IncompatibleClassChangeError'{0x00000000d654fc38}: Found class java.lang.Object, but interface was expected> (0x00000000d654fc38) 
thrown [s\src\hotspot\share\interpreter\linkResolver.cpp, line 840]
Event: 1.250 Thread 0x000002acd2ea5b50 Exception <a 'java/lang/ClassNotFoundException'{0x00000000d699ebc8}: sun/net/www/protocol/plurl/Handler> (0x00000000d699ebc8) 
thrown [s\src\hotspot\share\classfile\systemDictionary.cpp, line 312]
Event: 1.250 Thread 0x000002acd2ea5b50 Exception <a 'java/lang/ClassNotFoundException'{0x00000000d699fa48}: sun/net/www/protocol/plurl/Handler> (0x00000000d699fa48) 
thrown [s\src\hotspot\share\classfile\systemDictionary.cpp, line 312]
Event: 17.800 Thread 0x000002acd2ea5b50 Exception <a 'java/lang/UnsatisfiedLinkError'{0x00000000d55870f0}: 'void org.eclipse.equinox.launcher.JNIBridge._update_splash()'> (0x00000000d55870f0) 
thrown [s\src\hotspot\share\prims\nativeLookup.cpp, line 415]
Event: 17.999 Thread 0x000002acd2f521c0 Exception <a 'java/lang/NoClassDefFoundError'{0x00000000d5cce530}: jakarta/servlet/ServletContainerInitializer> (0x00000000d5cce530) 
thrown [s\src\hotspot\share\classfile\systemDictionary.cpp, line 301]
Event: 18.046 Thread 0x000002acd2f521c0 Exception <a 'java/lang/ClassNotFoundException'{0x00000000d5e1cd90}: sun/util/logging/resources/spi/loggingProvider> (0x00000000d5e1cd90) 
thrown [s\src\hotspot\share\classfile\systemDictionary.cpp, line 312]

ZGC Phase Switch (0 events):
No events

VM Operations (20 events):
Event: 18.073 Executing non-safepoint VM operation: HandshakeAllThreads (Deoptimize)
Event: 18.073 Executing non-safepoint VM operation: HandshakeAllThreads (Deoptimize) done
Event: 18.084 Executing non-safepoint VM operation: HandshakeAllThreads (Deoptimize)
Event: 18.084 Executing non-safepoint VM operation: HandshakeAllThreads (Deoptimize) done
Event: 19.088 Executing safepoint VM operation: Cleanup
Event: 19.088 Executing safepoint VM operation: Cleanup done
Event: 20.878 Executing safepoint VM operation: ParallelGCFailedAllocation (Allocation Failure)
Event: 20.883 Executing safepoint VM operation: ParallelGCFailedAllocation (Allocation Failure) done
Event: 21.893 Executing safepoint VM operation: Cleanup
Event: 21.893 Executing safepoint VM operation: Cleanup done
Event: 28.532 Executing non-safepoint VM operation: HandshakeAllThreads (Deoptimize)
Event: 28.532 Executing non-safepoint VM operation: HandshakeAllThreads (Deoptimize) done
Event: 28.532 Executing safepoint VM operation: Cleanup
Event: 28.532 Executing safepoint VM operation: Cleanup done
Event: 29.542 Executing safepoint VM operation: Cleanup
Event: 29.542 Executing safepoint VM operation: Cleanup done
Event: 31.559 Executing safepoint VM operation: Cleanup
Event: 31.559 Executing safepoint VM operation: Cleanup done
Event: 32.573 Executing safepoint VM operation: Cleanup
Event: 32.573 Executing safepoint VM operation: Cleanup done

Memory protections (0 events):
No events

Nmethod flushes (0 events):
No events

Events (20 events):
Event: 0.351 Thread 0x000002acecbbe0b0 Thread exited: 0x000002acecbbe0b0
Event: 0.421 Thread 0x000002acec9e4a40 Thread added: 0x000002acecce8210
Event: 0.544 Thread 0x000002acd2ea5b50 Thread added: 0x000002acd2f50e10
Event: 0.631 Thread 0x000002acec9e4a40 Thread added: 0x000002acecd79e40
Event: 1.198 Thread 0x000002acd2ea5b50 Thread added: 0x000002acd2f51b30
Event: 1.844 Thread 0x000002acecd79e40 Thread exited: 0x000002acecd79e40
Event: 1.844 Thread 0x000002acecce8210 Thread exited: 0x000002acecce8210
Event: 17.793 Thread 0x000002acd2ea5b50 Thread added: 0x000002acd2f4f3d0
Event: 17.842 Thread 0x000002acd2f4f3d0 Thread added: 0x000002acd2f50780
Event: 17.893 Thread 0x000002acd2ea5b50 Thread added: 0x000002acd2f521c0
Event: 18.090 Thread 0x000002acec9e4a40 Thread added: 0x000002acecb507c0
Event: 18.090 Thread 0x000002acec9e4a40 Thread added: 0x000002acf223f640
Event: 18.648 Thread 0x000002acf223f640 Thread exited: 0x000002acf223f640
Event: 18.842 Thread 0x000002acecb507c0 Thread exited: 0x000002acecb507c0
Event: 20.799 Thread 0x000002acec9e4a40 Thread added: 0x000002acf284fe80
Event: 20.943 Thread 0x000002acd2f521c0 Thread added: 0x000002acd2f514a0
Event: 21.304 Thread 0x000002acf284fe80 Thread exited: 0x000002acf284fe80
Event: 31.385 Thread 0x000002acec9e4a40 Thread added: 0x000002acecb23860
Event: 31.398 Thread 0x000002acec9e4a40 Thread added: 0x000002acf214cdb0
Event: 31.634 Thread 0x000002acf214cdb0 Thread exited: 0x000002acf214cdb0


Dynamic libraries:
0x00007ff735ab0000 - 0x00007ff735abe000 	c:\Users\Rohit\.vscode\extensions\redhat.java-1.55.2026042408-win32-x64\jre\21.0.10-win32-x86_64\bin\java.exe
0x00007ffa90220000 - 0x00007ffa90487000 	C:\WINDOWS\SYSTEM32\ntdll.dll
0x00007ffa8eb20000 - 0x00007ffa8ebe9000 	C:\WINDOWS\System32\KERNEL32.DLL
0x00007ffa8cf80000 - 0x00007ffa8d374000 	C:\WINDOWS\System32\KERNELBASE.dll
0x00007ffa8cc20000 - 0x00007ffa8cd6b000 	C:\WINDOWS\System32\ucrtbase.dll
0x00007ffa4d0f0000 - 0x00007ffa4d108000 	c:\Users\Rohit\.vscode\extensions\redhat.java-1.55.2026042408-win32-x64\jre\21.0.10-win32-x86_64\bin\jli.dll
0x00007ffa3d3f0000 - 0x00007ffa3d40e000 	c:\Users\Rohit\.vscode\extensions\redhat.java-1.55.2026042408-win32-x64\jre\21.0.10-win32-x86_64\bin\VCRUNTIME140.dll
0x00007ffa8e950000 - 0x00007ffa8eb15000 	C:\WINDOWS\System32\USER32.dll
0x00007ffa8d380000 - 0x00007ffa8d3a7000 	C:\WINDOWS\System32\win32u.dll
0x00007ffa69740000 - 0x00007ffa699d3000 	C:\WINDOWS\WinSxS\amd64_microsoft.windows.common-controls_6595b64144ccf1df_6.0.26100.8115_none_3e075c82e3354f9c\COMCTL32.dll
0x00007ffa8ed80000 - 0x00007ffa8ee29000 	C:\WINDOWS\System32\msvcrt.dll
0x00007ffa8ed50000 - 0x00007ffa8ed7b000 	C:\WINDOWS\System32\GDI32.dll
0x00007ffa8caf0000 - 0x00007ffa8cc1b000 	C:\WINDOWS\System32\gdi32full.dll
0x00007ffa8d520000 - 0x00007ffa8d5c3000 	C:\WINDOWS\System32\msvcp_win.dll
0x00007ffa8ebf0000 - 0x00007ffa8ec22000 	C:\WINDOWS\System32\IMM32.DLL
0x00007ffa4d580000 - 0x00007ffa4d58c000 	c:\Users\Rohit\.vscode\extensions\redhat.java-1.55.2026042408-win32-x64\jre\21.0.10-win32-x86_64\bin\vcruntime140_1.dll
0x00007ff9ee7d0000 - 0x00007ff9ee85d000 	c:\Users\Rohit\.vscode\extensions\redhat.java-1.55.2026042408-win32-x64\jre\21.0.10-win32-x86_64\bin\msvcp140.dll
0x00007ff9ebd70000 - 0x00007ff9ecb11000 	c:\Users\Rohit\.vscode\extensions\redhat.java-1.55.2026042408-win32-x64\jre\21.0.10-win32-x86_64\bin\server\jvm.dll
0x00007ffa90120000 - 0x00007ffa901d6000 	C:\WINDOWS\System32\ADVAPI32.dll
0x00007ffa8e3c0000 - 0x00007ffa8e467000 	C:\WINDOWS\System32\sechost.dll
0x00007ffa8ec30000 - 0x00007ffa8ed48000 	C:\WINDOWS\System32\RPCRT4.dll
0x00007ffa8e7c0000 - 0x00007ffa8e840000 	C:\WINDOWS\System32\WS2_32.dll
0x00007ffa8c240000 - 0x00007ffa8c29e000 	C:\WINDOWS\SYSTEM32\POWRPROF.dll
0x00007ffa812e0000 - 0x00007ffa812eb000 	C:\WINDOWS\SYSTEM32\VERSION.dll
0x00007ffa78970000 - 0x00007ffa789a6000 	C:\WINDOWS\SYSTEM32\WINMM.dll
0x00007ffa8c1d0000 - 0x00007ffa8c1e4000 	C:\WINDOWS\SYSTEM32\UMPDC.dll
0x00007ffa8b880000 - 0x00007ffa8b89b000 	C:\WINDOWS\SYSTEM32\kernel.appcore.dll
0x00007ffa424f0000 - 0x00007ffa424fa000 	c:\Users\Rohit\.vscode\extensions\redhat.java-1.55.2026042408-win32-x64\jre\21.0.10-win32-x86_64\bin\jimage.dll
0x00007ffa8aa40000 - 0x00007ffa8ac82000 	C:\WINDOWS\SYSTEM32\DBGHELP.DLL
0x00007ffa8e010000 - 0x00007ffa8e392000 	C:\WINDOWS\System32\combase.dll
0x00007ffa8e6e0000 - 0x00007ffa8e7b8000 	C:\WINDOWS\System32\OLEAUT32.dll
0x00007ffa68650000 - 0x00007ffa6868b000 	C:\WINDOWS\SYSTEM32\dbgcore.DLL
0x00007ffa8de40000 - 0x00007ffa8dee5000 	C:\WINDOWS\System32\bcryptPrimitives.dll
0x00007ffa82a20000 - 0x00007ffa82a2f000 	c:\Users\Rohit\.vscode\extensions\redhat.java-1.55.2026042408-win32-x64\jre\21.0.10-win32-x86_64\bin\instrument.dll
0x00007ff9ee6b0000 - 0x00007ff9ee6d0000 	c:\Users\Rohit\.vscode\extensions\redhat.java-1.55.2026042408-win32-x64\jre\21.0.10-win32-x86_64\bin\java.dll
0x00007ffa8ee30000 - 0x00007ffa8f597000 	C:\WINDOWS\System32\SHELL32.dll
0x00007ffa8d3b0000 - 0x00007ffa8d51a000 	C:\WINDOWS\System32\wintypes.dll
0x00007ffa8d5d0000 - 0x00007ffa8de38000 	C:\WINDOWS\System32\windows.storage.dll
0x00007ffa8e5e0000 - 0x00007ffa8e6d8000 	C:\WINDOWS\System32\SHCORE.dll
0x00007ffa8f670000 - 0x00007ffa8f6d6000 	C:\WINDOWS\System32\shlwapi.dll
0x00007ffa8ca10000 - 0x00007ffa8ca39000 	C:\WINDOWS\SYSTEM32\profapi.dll
0x00007ff9ee6f0000 - 0x00007ff9ee708000 	c:\Users\Rohit\.vscode\extensions\redhat.java-1.55.2026042408-win32-x64\jre\21.0.10-win32-x86_64\bin\zip.dll
0x00007ff9f1cd0000 - 0x00007ff9f1ce0000 	C:\Users\Rohit\.vscode\extensions\redhat.java-1.55.2026042408-win32-x64\jre\21.0.10-win32-x86_64\bin\net.dll
0x00007ffa83720000 - 0x00007ffa8384d000 	C:\WINDOWS\SYSTEM32\WINHTTP.dll
0x00007ffa8be60000 - 0x00007ffa8becc000 	C:\WINDOWS\system32\mswsock.dll
0x00007ff9ee6d0000 - 0x00007ff9ee6e6000 	C:\Users\Rohit\.vscode\extensions\redhat.java-1.55.2026042408-win32-x64\jre\21.0.10-win32-x86_64\bin\nio.dll
0x00007ffa82a10000 - 0x00007ffa82a20000 	c:\Users\Rohit\.vscode\extensions\redhat.java-1.55.2026042408-win32-x64\jre\21.0.10-win32-x86_64\bin\verify.dll
0x00007ffa67840000 - 0x00007ffa67885000 	C:\Users\Rohit\AppData\Roaming\Code\User\globalStorage\redhat.java\1.55.2026042408\config_win\org.eclipse.equinox.launcher\org.eclipse.equinox.launcher.win32.win32.x86_64_1.3.0.v20260203-2149\eclipse_11919.dll
0x00007ffa8fda0000 - 0x00007ffa8ff37000 	C:\WINDOWS\System32\ole32.dll

JVMTI agents:
c:\Users\Rohit\.vscode\extensions\redhat.java-1.55.2026042408-win32-x64\lombok\lombok-1.18.39-4050.jar path:c:\Users\Rohit\.vscode\extensions\redhat.java-1.55.2026042408-win32-x64\jre\21.0.10-win32-x86_64\bin\instrument.dll, loaded, initialized, instrumentlib options:none

dbghelp: loaded successfully - version: 4.0.5 - missing functions: none
symbol engine: initialized successfully - sym options: 0x614 - pdb path: .;c:\Users\Rohit\.vscode\extensions\redhat.java-1.55.2026042408-win32-x64\jre\21.0.10-win32-x86_64\bin;C:\WINDOWS\SYSTEM32;C:\WINDOWS\WinSxS\amd64_microsoft.windows.common-controls_6595b64144ccf1df_6.0.26100.8115_none_3e075c82e3354f9c;c:\Users\Rohit\.vscode\extensions\redhat.java-1.55.2026042408-win32-x64\jre\21.0.10-win32-x86_64\bin\server;C:\Users\Rohit\AppData\Roaming\Code\User\globalStorage\redhat.java\1.55.2026042408\config_win\org.eclipse.equinox.launcher\org.eclipse.equinox.launcher.win32.win32.x86_64_1.3.0.v20260203-2149

VM Arguments:
jvm_args: --add-modules=ALL-SYSTEM --add-opens=java.base/java.util=ALL-UNNAMED --add-opens=java.base/java.lang=ALL-UNNAMED --add-opens=java.base/sun.nio.fs=ALL-UNNAMED -Declipse.application=org.eclipse.jdt.ls.core.id1 -Dosgi.bundles.defaultStartLevel=4 -Declipse.product=org.eclipse.jdt.ls.core.product -Djava.import.generatesMetadataFilesAtProjectRoot=false -DDetectVMInstallationsJob.disabled=true -Dfile.encoding=utf8 -XX:+UseParallelGC -XX:GCTimeRatio=4 -XX:AdaptiveSizePolicyWeight=90 -Dsun.zip.disableMemoryMapping=true -Xmx2G -Xms100m -Xlog:disable -javaagent:c:\Users\Rohit\.vscode\extensions\redhat.java-1.55.2026042408-win32-x64\lombok\lombok-1.18.39-4050.jar -XX:+HeapDumpOnOutOfMemoryError -XX:HeapDumpPath=c:\Users\Rohit\AppData\Roaming\Code\User\workspaceStorage\6d49a6029bcb0fc83d9f2152666a4f8f\redhat.java -Daether.dependencyCollector.impl=bf -XX:+UnlockDiagnosticVMOptions -XX:+AllowArchivingWithJavaAgent -XX:+AutoCreateSharedArchive -XX:SharedArchiveFile=c:\Users\Rohit\AppData\Roaming\Code\User\globalStorage\redhat.java\1.55.2026042408\jdtls.jsa 
java_command: c:\Users\Rohit\.vscode\extensions\redhat.java-1.55.2026042408-win32-x64\server\plugins\org.eclipse.equinox.launcher_1.7.100.v20251111-0406.jar -configuration c:\Users\Rohit\AppData\Roaming\Code\User\globalStorage\redhat.java\1.55.2026042408\config_win -data c:\Users\Rohit\AppData\Roaming\Code\User\workspaceStorage\6d49a6029bcb0fc83d9f2152666a4f8f\redhat.java\jdt_ws --pipe=\\.\pipe\lsp-dc17715bfb569286332545605aac52c0-sock
java_class_path (initial): c:\Users\Rohit\.vscode\extensions\redhat.java-1.55.2026042408-win32-x64\server\plugins\org.eclipse.equinox.launcher_1.7.100.v20251111-0406.jar
Launcher Type: SUN_STANDARD

[Global flags]
    uintx AdaptiveSizePolicyWeight                 = 90                                        {product} {command line}
     bool AllowArchivingWithJavaAgent              = true                             {JVMCI diagnostic} {command line}
     bool AutoCreateSharedArchive                  = false                               {JVMCI product} {command line}
     intx CICompilerCount                          = 4                                         {product} {ergonomic}
    uintx GCTimeRatio                              = 4                                         {product} {command line}
     bool HeapDumpOnOutOfMemoryError               = true                                   {manageable} {command line}
    ccstr HeapDumpPath                             = c:\Users\Rohit\AppData\Roaming\Code\User\workspaceStorage\6d49a6029bcb0fc83d9f2152666a4f8f\redhat.java         {manageable} {command line}
   size_t InitialHeapSize                          = 104857600                                 {product} {command line}
   size_t MaxHeapSize                              = 2147483648                                {product} {command line}
   size_t MaxNewSize                               = 715653120                                 {product} {ergonomic}
   size_t MinHeapDeltaBytes                        = 524288                                    {product} {ergonomic}
   size_t MinHeapSize                              = 104857600                                 {product} {command line}
   size_t NewSize                                  = 34603008                                  {product} {ergonomic}
    uintx NonNMethodCodeHeapSize                   = 5839372                                {pd product} {ergonomic}
    uintx NonProfiledCodeHeapSize                  = 122909434                              {pd product} {ergonomic}
   size_t OldSize                                  = 70254592                                  {product} {ergonomic}
    uintx ProfiledCodeHeapSize                     = 122909434                              {pd product} {ergonomic}
    uintx ReservedCodeCacheSize                    = 251658240                              {pd product} {ergonomic}
     bool SegmentedCodeCache                       = true                                      {product} {ergonomic}
    ccstr SharedArchiveFile                        = c:\Users\Rohit\AppData\Roaming\Code\User\globalStorage\redhat.java\1.55.2026042408\jdtls.jsa      {JVMCI product} {command line}
   size_t SoftMaxHeapSize                          = 2147483648                             {manageable} {ergonomic}
     bool UnlockDiagnosticVMOptions                = true                                   {diagnostic} {command line}
     bool UseCompressedOops                        = true                           {product lp64_product} {ergonomic}
     bool UseLargePagesIndividualAllocation        = false                                  {pd product} {ergonomic}
     bool UseParallelGC                            = true                                      {product} {command line}

Logging:
Log output configuration:
 #0: stdout all=off uptime,level,tags foldmultilines=false
 #1: stderr all=off uptime,level,tags foldmultilines=false

Release file:
JAVA_VERSION="21.0.10" 
MODULES="java.base java.compiler java.datatransfer java.xml java.prefs java.desktop java.instrument java.logging java.management java.security.sasl java.naming java.rmi java.management.rmi java.net.http java.scripting java.security.jgss java.transaction.xa java.sql java.sql.rowset java.xml.crypto java.se java.smartcardio jdk.accessibility jdk.internal.jvmstat jdk.attach jdk.charsets jdk.internal.opt jdk.zipfs jdk.compiler jdk.crypto.ec jdk.crypto.cryptoki jdk.crypto.mscapi jdk.dynalink jdk.internal.ed jdk.editpad jdk.hotspot.agent jdk.httpserver jdk.internal.le jdk.internal.vm.ci jdk.internal.vm.compiler jdk.internal.vm.compiler.management jdk.jartool jdk.javadoc jdk.jcmd jdk.management jdk.management.agent jdk.jconsole jdk.jdeps jdk.jdwp.agent jdk.jdi jdk.jfr jdk.jshell jdk.jsobject jdk.jstatd jdk.localedata jdk.management.jfr jdk.naming.dns jdk.naming.rmi jdk.net jdk.nio.mapmode jdk.random jdk.sctp jdk.security.auth jdk.security.jgss jdk.unsupported jdk.unsupported.desktop jdk.xml.dom" 

Environment Variables:
JAVA_HOME=C:\Program Files\Java\jdk-17
PATH=C:\Users\Rohit\AppData\Local\Programs\Microsoft VS Code;C:\Program Files\Java\jdk-17\bin;C:\Program Files\Common Files\Oracle\Java\javapath;C:\oraclexe\app\oracle\product\10.2.0\server\bin;C:\windows\system32;C:\windows;C:\windows\System32\Wbem;C:\windows\System32\WindowsPowerShell\v1.0\;C:\windows\System32\OpenSSH\;C:\Program Files (x86)\NVIDIA Corporation\PhysX\Common;C:\Program Files\NVIDIA Corporation\NVIDIA NvDLISR;C:\Users\Administrator\AppData\Local\Microsoft\WindowsApps;C:\Program Files\HP\OMEN-Broadcast\Common;C:\ProgramData\chocolatey\bin;C:\Program Files\nodejs\;C:\xampp\php;C:\ProgramData\ComposerSetup\bin;C:\Program Files\Git\cmd;C:\Program Files\Microsoft SQL Server\150\Tools\Binn\;C:\Program Files\Microsoft SQL Server\Client SDK\ODBC\170\Tools\Binn\;C:\Program Files\dotnet\;%SystemRoot%\system32;%SystemRoot%;%SystemRoot%\System32\Wbem;%SYSTEMROOT%\System32\WindowsPowerShell\v1.0\;%SYSTEMROOT%\System32\OpenSSH\;C:\Users\Rohit\AppData\Local\Programs\Python\Python313\Scripts\;C:\Users\Rohit\AppData\Local\Programs\Python\Python313\;C:\Users\Rohit\AppData\Local\Microsoft\WindowsApps;C:\Users\Rohit\AppData\Local\Programs\Microsoft VS Code\bin;C:\Program Files\Java\jdk-17\bin;D:\Android\Flutter\SDK\flutter\bin;C:\Users\Rohit\AppData\Local\GitHubDesktop\bin;C:\Users\Rohit\AppData\Roaming\npm;C:\Users\Rohit\AppData\Local\Android\Sdk;C:\Users\Rohit\AppData\Roaming\Composer\vendor\bin;C:\Users\Rohit\.dotnet\tools;C:\Program Files\MySQL\MySQL Server 9.3\bin;
USERNAME=Rohit
OS=Windows_NT
PROCESSOR_IDENTIFIER=Intel64 Family 6 Model 186 Stepping 2, GenuineIntel
TMP=C:\Users\Rohit\AppData\Local\Temp
TEMP=C:\Users\Rohit\AppData\Local\Temp




Periodic native trim disabled

---------------  S Y S T E M  ---------------

OS:
 Windows 11 , 64 bit Build 26100 (10.0.26100.8246)
OS uptime: 0 days 0:33 hours
Hyper-V role detected

CPU: total 12 (initial active 12) (6 cores per cpu, 2 threads per core) family 6 model 186 stepping 2 microcode 0x4122, cx8, cmov, fxsr, ht, mmx, 3dnowpref, sse, sse2, sse3, ssse3, sse4.1, sse4.2, popcnt, lzcnt, tsc, tscinvbit, avx, avx2, aes, erms, clmul, bmi1, bmi2, adx, sha, fma, vzeroupper, clflush, clflushopt, clwb, hv, serialize, rdtscp, rdpid, fsrm, f16c, cet_ibt, cet_ss
Processor Information for the first 12 processors :
  Max Mhz: 2100, Current Mhz: 2100, Mhz Limit: 2100

Memory: 4k page, system-wide physical 16024M (1484M free)
TotalPageFile size 24216M (AvailPageFile size 4M)
current process WorkingSet (physical memory assigned to process): 169M, peak: 172M
current process commit charge ("private bytes"): 317M, peak: 320M

vm_info: OpenJDK 64-Bit Server VM (21.0.10+7-LTS) for windows-amd64 JRE (21.0.10+7-LTS), built on 2026-01-20T00:00:00Z by "admin" with MS VC++ 17.12 (VS2022)

END.
