#
# There is insufficient memory for the Java Runtime Environment to continue.
# Native memory allocation (mmap) failed to map 17825792 bytes. Error detail: G1 virtual space
# Possible reasons:
#   The system is out of physical RAM or swap space
#   This process is running with CompressedOops enabled, and the Java Heap may be blocking the growth of the native heap
# Possible solutions:
#   Reduce memory load on the system
#   Increase physical memory or swap space
#   Check if swap backing store is full
#   Decrease Java heap size (-Xmx/-Xms)
#   Decrease number of Java threads
#   Decrease Java thread stack sizes (-Xss)
#   Set larger code cache with -XX:ReservedCodeCacheSize=
#   JVM is running with Unscaled Compressed Oops mode in which the Java heap is
#     placed in the first 4GB address space. The Java Heap base address is the
#     maximum limit for the native heap growth. Please use -XX:HeapBaseMinAddress
#     to set the Java Heap base and to place the Java Heap above 4GB virtual address.
# This output file may be truncated or incomplete.
#
#  Out of Memory Error (os_windows.cpp:3714), pid=13356, tid=5324
#
# JRE version: OpenJDK Runtime Environment Temurin-21.0.10+7 (21.0.10+7) (build 21.0.10+7-LTS)
# Java VM: OpenJDK 64-Bit Server VM Temurin-21.0.10+7 (21.0.10+7-LTS, mixed mode, sharing, tiered, compressed oops, compressed class ptrs, g1 gc, windows-amd64)
# No core dump will be written. Minidumps are not enabled by default on client versions of Windows
#

---------------  S U M M A R Y ------------

Command Line: --add-opens=java.base/java.lang=ALL-UNNAMED --add-opens=java.base/java.lang.invoke=ALL-UNNAMED --add-opens=java.base/java.util=ALL-UNNAMED --add-opens=java.prefs/java.util.prefs=ALL-UNNAMED --add-exports=jdk.compiler/com.sun.tools.javac.api=ALL-UNNAMED --add-exports=jdk.compiler/com.sun.tools.javac.util=ALL-UNNAMED --add-opens=java.base/java.util=ALL-UNNAMED --add-opens=java.prefs/java.util.prefs=ALL-UNNAMED --add-opens=java.base/java.nio.charset=ALL-UNNAMED --add-opens=java.base/java.net=ALL-UNNAMED --add-opens=java.base/java.util.concurrent=ALL-UNNAMED --add-opens=java.base/java.util.concurrent.atomic=ALL-UNNAMED --add-opens=java.xml/javax.xml.namespace=ALL-UNNAMED -XX:MaxMetaspaceSize=512m -Xmx2048m -Dfile.encoding=UTF-8 -Duser.country=IN -Duser.language=en -Duser.variant -javaagent:C:\Users\Rohit\.gradle\wrapper\dists\gradle-9.0.0-bin\d6wjpkvcgsg3oed0qlfss3wgl\gradle-9.0.0\lib\agents\gradle-instrumentation-agent-9.0.0.jar org.gradle.launcher.daemon.bootstrap.GradleDaemon 9.0.0

Host: 13th Gen Intel(R) Core(TM) i5-13420H, 12 cores, 15G,  Windows 11 , 64 bit Build 26100 (10.0.26100.7920)
Time: Tue Mar 24 17:20:50 2026 India Standard Time elapsed time: 58.029089 seconds (0d 0h 0m 58s)

---------------  T H R E A D  ---------------

Current thread (0x000001b060309230):  VMThread "VM Thread"          [id=5324, stack(0x00000095b7000000,0x00000095b7100000) (1024K)]

Stack: [0x00000095b7000000,0x00000095b7100000]
Native frames: (J=compiled Java code, j=interpreted, Vv=VM code, C=native code)
V  [jvm.dll+0x6d7a39]
V  [jvm.dll+0x8b4b26]
V  [jvm.dll+0x8b70de]
V  [jvm.dll+0x8b77c3]
V  [jvm.dll+0x284346]
V  [jvm.dll+0x6d4355]
V  [jvm.dll+0x6c808a]
V  [jvm.dll+0x35edb8]
V  [jvm.dll+0x3669f6]
V  [jvm.dll+0x3b7afe]
V  [jvm.dll+0x3b7da8]
V  [jvm.dll+0x332fbc]
V  [jvm.dll+0x3357d6]
V  [jvm.dll+0x33f7cd]
V  [jvm.dll+0x374e8f]
V  [jvm.dll+0x8bd4b0]
V  [jvm.dll+0x8be824]
V  [jvm.dll+0x8bed50]
V  [jvm.dll+0x8beff3]
V  [jvm.dll+0x85f59d]
V  [jvm.dll+0x6d626d]
C  [ucrtbase.dll+0x37b0]
C  [KERNEL32.DLL+0x2e8d7]
C  [ntdll.dll+0x8c48c]

VM_Operation (0x00000095b6bff830): G1PauseRemark, mode: safepoint, requested by thread 0x000001b0487a8cc0


---------------  P R O C E S S  ---------------

Threads class SMR info:
_java_thread_list=0x000001b002b17ca0, length=176, elements={
0x000001b04873d3f0, 0x000001b060329ee0, 0x000001b06032a940, 0x000001b06032b990,
0x000001b06032c670, 0x000001b06032f0e0, 0x000001b06032fb40, 0x000001b060340a10,
0x000001b0603d4190, 0x000001b0606abc50, 0x000001b0605f1460, 0x000001b000edcad0,
0x000001b0010c0390, 0x000001b001359010, 0x000001b00104a250, 0x000001b00105d9e0,
0x000001b0010fba40, 0x000001b001122630, 0x000001b001124700, 0x000001b0011239e0,
0x000001b001124070, 0x000001b001121280, 0x000001b001122cc0, 0x000001b001123350,
0x000001b0018b9590, 0x000001b0018b7b50, 0x000001b0018b81e0, 0x000001b0018b9c20,
0x000001b0018ba2b0, 0x000001b0018b8870, 0x000001b0018ba940, 0x000001b0018bafd0,
0x000001b003252ae0, 0x000001b003253170, 0x000001b003252450, 0x000001b003253800,
0x000001b003253e90, 0x000001b003254520, 0x000001b003254bb0, 0x000001b0040f9c30,
0x000001b0040f7b60, 0x000001b0040f81f0, 0x000001b0040f74d0, 0x000001b0040f95a0,
0x000001b0040fa950, 0x000001b0040f8f10, 0x000001b0040fa2c0, 0x000001b00123d480,
0x000001b00123e1a0, 0x000001b00123b3b0, 0x000001b00123db10, 0x000001b00123eec0,
0x000001b00123c760, 0x000001b00123c0d0, 0x000001b00123e830, 0x000001b00123cdf0,
0x000001b00123ba40, 0x000001b00123fbe0, 0x000001b001240270, 0x000001b001241cb0,
0x000001b001242340, 0x000001b001240f90, 0x000001b001241620, 0x000001b001240900,
0x000001b0012429d0, 0x000001b00123f550, 0x000001b0019f4d30, 0x000001b0019f4010,
0x000001b0019f46a0, 0x000001b0019f60e0, 0x000001b0019f53c0, 0x000001b0019f6770,
0x000001b0019f5a50, 0x000001b0019f6e00, 0x000001b0019f8840, 0x000001b0019fa280,
0x000001b0019f9bf0, 0x000001b0019f7490, 0x000001b0019f7b20, 0x000001b0019fa910,
0x000001b0019f9560, 0x000001b003b636f0, 0x000001b003b63d80, 0x000001b003b657c0,
0x000001b003b664e0, 0x000001b003b65e50, 0x000001b003b63060, 0x000001b003b64410,
0x000001b003b64aa0, 0x000001b003b65130, 0x000001b004764690, 0x000001b0047653b0,
0x000001b004764d20, 0x000001b0047632e0, 0x000001b0047625c0, 0x000001b004764000,
0x000001b004762c50, 0x000001b004766df0, 0x000001b004765a40, 0x000001b0047660d0,
0x000001b004766760, 0x000001b004763970, 0x000001b004768ec0, 0x000001b004767b10,
0x000001b0047681a0, 0x000001b004767480, 0x000001b004768830, 0x000001b004769550,
0x000001b004769be0, 0x000001b00547f580, 0x000001b00547fc10, 0x000001b00547e860,
0x000001b005481ce0, 0x000001b005480fc0, 0x000001b0054802a0, 0x000001b00547eef0,
0x000001b005482370, 0x000001b005481650, 0x000001b005483db0, 0x000001b005482a00,
0x000001b005480930, 0x000001b005483720, 0x000001b0054857f0, 0x000001b005484440,
0x000001b005483090, 0x000001b005484ad0, 0x000001b005485e80, 0x000001b005485160,
0x000001b003a7b770, 0x000001b003a79010, 0x000001b003a7aa50, 0x000001b003a7b0e0,
0x000001b003a79d30, 0x000001b003a7a3c0, 0x000001b003a7be00, 0x000001b003a78980,
0x000001b003a7d1b0, 0x000001b003a7f910, 0x000001b003a7ebf0, 0x000001b003a7d840,
0x000001b003a7ded0, 0x000001b003a7f280, 0x000001b003a7e560, 0x000001b003a7c490,
0x000001b003a7ffa0, 0x000001b003a7cb20, 0x000001b004e577d0, 0x000001b004e55d90,
0x000001b004e57e60, 0x000001b004e584f0, 0x000001b004e55700, 0x000001b004e57140,
0x000001b004e55070, 0x000001b004e56420, 0x000001b004e56ab0, 0x000001b003fa0160,
0x000001b003fa1ba0, 0x000001b003fa0e80, 0x000001b003fa2230, 0x000001b003fa1510,
0x000001b003fa07f0, 0x000001b003fa28c0, 0x000001b003fa2f50, 0x000001b003f9fad0,
0x000001b003399e00, 0x000001b0033983c0, 0x000001b003398a50, 0x000001b0033976a0,
0x000001b003397d30, 0x000001b003396980, 0x000001b0033990e0, 0x000001b00339a490,
0x000001b003399770, 0x000001b003397010, 0x000001b00339ab20, 0x000001b00339dfa0
}

Java Threads: ( => current thread )
  0x000001b04873d3f0 JavaThread "main"                              [_thread_blocked, id=19024, stack(0x00000095b6900000,0x00000095b6a00000) (1024K)]
  0x000001b060329ee0 JavaThread "Reference Handler"          daemon [_thread_blocked, id=25720, stack(0x00000095b7100000,0x00000095b7200000) (1024K)]
  0x000001b06032a940 JavaThread "Finalizer"                  daemon [_thread_blocked, id=26996, stack(0x00000095b7200000,0x00000095b7300000) (1024K)]
  0x000001b06032b990 JavaThread "Signal Dispatcher"          daemon [_thread_blocked, id=13944, stack(0x00000095b7300000,0x00000095b7400000) (1024K)]
  0x000001b06032c670 JavaThread "Attach Listener"            daemon [_thread_blocked, id=11884, stack(0x00000095b7400000,0x00000095b7500000) (1024K)]
  0x000001b06032f0e0 JavaThread "Service Thread"             daemon [_thread_blocked, id=17624, stack(0x00000095b7500000,0x00000095b7600000) (1024K)]
  0x000001b06032fb40 JavaThread "Monitor Deflation Thread"   daemon [_thread_blocked, id=16888, stack(0x00000095b7600000,0x00000095b7700000) (1024K)]
  0x000001b060340a10 JavaThread "C2 CompilerThread0"         daemon [_thread_blocked, id=21064, stack(0x00000095b7700000,0x00000095b7800000) (1024K)]
  0x000001b0603d4190 JavaThread "C1 CompilerThread0"         daemon [_thread_blocked, id=10356, stack(0x00000095b7800000,0x00000095b7900000) (1024K)]
  0x000001b0606abc50 JavaThread "Common-Cleaner"             daemon [_thread_blocked, id=12420, stack(0x00000095b7900000,0x00000095b7a00000) (1024K)]
  0x000001b0605f1460 JavaThread "Notification Thread"        daemon [_thread_blocked, id=27248, stack(0x00000095b7a00000,0x00000095b7b00000) (1024K)]
  0x000001b000edcad0 JavaThread "Daemon health stats"               [_thread_blocked, id=2308, stack(0x00000095b8500000,0x00000095b8600000) (1024K)]
  0x000001b0010c0390 JavaThread "Incoming local TCP Connector on port 60462"        [_thread_in_native, id=17092, stack(0x00000095b8600000,0x00000095b8700000) (1024K)]
  0x000001b001359010 JavaThread "Daemon periodic checks"            [_thread_blocked, id=20716, stack(0x00000095b8700000,0x00000095b8800000) (1024K)]
  0x000001b00104a250 JavaThread "Daemon"                            [_thread_blocked, id=15000, stack(0x00000095b7b00000,0x00000095b7c00000) (1024K)]
  0x000001b00105d9e0 JavaThread "Handler for socket connection from /127.0.0.1:60462 to /127.0.0.1:51555"        [_thread_in_native, id=7608, stack(0x00000095b7c00000,0x00000095b7d00000) (1024K)]
  0x000001b0010fba40 JavaThread "Cancel handler"                    [_thread_blocked, id=5668, stack(0x00000095b8800000,0x00000095b8900000) (1024K)]
  0x000001b001122630 JavaThread "Daemon worker"                     [_thread_blocked, id=25444, stack(0x00000095b8900000,0x00000095b8a00000) (1024K)]
  0x000001b001124700 JavaThread "Asynchronous log dispatcher for DefaultDaemonConnection: socket connection from /127.0.0.1:60462 to /127.0.0.1:51555"        [_thread_blocked, id=1864, stack(0x00000095b8a00000,0x00000095b8b00000) (1024K)]
  0x000001b0011239e0 JavaThread "Stdin handler"                     [_thread_blocked, id=24764, stack(0x00000095b8b00000,0x00000095b8c00000) (1024K)]
  0x000001b001124070 JavaThread "Daemon client event forwarder"        [_thread_blocked, id=18248, stack(0x00000095b8c00000,0x00000095b8d00000) (1024K)]
  0x000001b001121280 JavaThread "Cache worker for journal cache (C:\Users\Rohit\.gradle\caches\journal-1)"        [_thread_blocked, id=24896, stack(0x00000095b8d00000,0x00000095b8e00000) (1024K)]
  0x000001b001122cc0 JavaThread "File lock request listener"        [_thread_in_native, id=15308, stack(0x00000095b8e00000,0x00000095b8f00000) (1024K)]
  0x000001b001123350 JavaThread "Cache worker for file hash cache (C:\Users\Rohit\.gradle\caches\9.0.0\fileHashes)"        [_thread_blocked, id=27260, stack(0x00000095b8f00000,0x00000095b9000000) (1024K)]
  0x000001b0018b9590 JavaThread "Cache worker for file hash cache (D:\my project\main project\FootFlex\forntend\android\.gradle\9.0.0\fileHashes)"        [_thread_blocked, id=25100, stack(0x00000095b9300000,0x00000095b9400000) (1024K)]
  0x000001b0018b7b50 JavaThread "Cache worker for Build Output Cleanup Cache (D:\my project\main project\FootFlex\forntend\android\.gradle\buildOutputCleanup)"        [_thread_blocked, id=17504, stack(0x00000095b9400000,0x00000095b9500000) (1024K)]
  0x000001b0018b81e0 JavaThread "File watcher server"        daemon [_thread_in_native, id=15956, stack(0x00000095b9500000,0x00000095b9600000) (1024K)]
  0x000001b0018b9c20 JavaThread "File watcher consumer"      daemon [_thread_blocked, id=22920, stack(0x00000095b9600000,0x00000095b9700000) (1024K)]
  0x000001b0018ba2b0 JavaThread "Cache worker for checksums cache (D:\my project\main project\FootFlex\forntend\android\.gradle\9.0.0\checksums)"        [_thread_blocked, id=24844, stack(0x00000095b9700000,0x00000095b9800000) (1024K)]
  0x000001b0018b8870 JavaThread "Cache worker for file content cache (C:\Users\Rohit\.gradle\caches\9.0.0\fileContent)"        [_thread_blocked, id=24824, stack(0x00000095b9800000,0x00000095b9900000) (1024K)]
  0x000001b0018ba940 JavaThread "Cache worker for cache directory md-supplier (C:\Users\Rohit\.gradle\caches\9.0.0\md-supplier)"        [_thread_blocked, id=24804, stack(0x00000095b9900000,0x00000095b9a00000) (1024K)]
  0x000001b0018bafd0 JavaThread "Cache worker for cache directory md-rule (C:\Users\Rohit\.gradle\caches\9.0.0\md-rule)"        [_thread_blocked, id=10080, stack(0x00000095b9a00000,0x00000095b9b00000) (1024K)]
  0x000001b003252ae0 JavaThread "jar transforms"                    [_thread_blocked, id=21836, stack(0x00000095b9b00000,0x00000095b9c00000) (1024K)]
  0x000001b003253170 JavaThread "Cache worker for Build Output Cleanup Cache (D:\my project\main project\FootFlex\forntend\node_modules\@react-native\gradle-plugin\.gradle\buildOutputCleanup)"        [_thread_blocked, id=18584, stack(0x00000095b9d00000,0x00000095b9e00000) (1024K)]
  0x000001b003252450 JavaThread "Unconstrained build operations"        [_thread_blocked, id=17160, stack(0x00000095b9c00000,0x00000095b9d00000) (1024K)]
  0x000001b003253800 JavaThread "Unconstrained build operations Thread 2"        [_thread_blocked, id=10156, stack(0x00000095b9e00000,0x00000095b9f00000) (1024K)]
  0x000001b003253e90 JavaThread "Unconstrained build operations Thread 3"        [_thread_blocked, id=17144, stack(0x00000095b9f00000,0x00000095ba000000) (1024K)]
  0x000001b003254520 JavaThread "Unconstrained build operations Thread 4"        [_thread_blocked, id=2344, stack(0x00000095ba000000,0x00000095ba100000) (1024K)]
  0x000001b003254bb0 JavaThread "Unconstrained build operations Thread 5"        [_thread_blocked, id=1840, stack(0x00000095ba100000,0x00000095ba200000) (1024K)]
  0x000001b0040f9c30 JavaThread "Unconstrained build operations Thread 6"        [_thread_blocked, id=11300, stack(0x00000095ba200000,0x00000095ba300000) (1024K)]
  0x000001b0040f7b60 JavaThread "Unconstrained build operations Thread 7"        [_thread_blocked, id=25996, stack(0x00000095b6700000,0x00000095b6800000) (1024K)]
  0x000001b0040f81f0 JavaThread "Unconstrained build operations Thread 8"        [_thread_blocked, id=26512, stack(0x00000095ba300000,0x00000095ba400000) (1024K)]
  0x000001b0040f74d0 JavaThread "Unconstrained build operations Thread 9"        [_thread_blocked, id=20324, stack(0x00000095ba400000,0x00000095ba500000) (1024K)]
  0x000001b0040f95a0 JavaThread "Unconstrained build operations Thread 10"        [_thread_blocked, id=26172, stack(0x00000095ba500000,0x00000095ba600000) (1024K)]
  0x000001b0040fa950 JavaThread "Unconstrained build operations Thread 11"        [_thread_blocked, id=17688, stack(0x00000095ba600000,0x00000095ba700000) (1024K)]
  0x000001b0040f8f10 JavaThread "Unconstrained build operations Thread 12"        [_thread_blocked, id=21768, stack(0x00000095ba700000,0x00000095ba800000) (1024K)]
  0x000001b0040fa2c0 JavaThread "Unconstrained build operations Thread 13"        [_thread_blocked, id=21816, stack(0x00000095ba800000,0x00000095ba900000) (1024K)]
  0x000001b00123d480 JavaThread "Unconstrained build operations Thread 14"        [_thread_blocked, id=11632, stack(0x00000095ba900000,0x00000095baa00000) (1024K)]
  0x000001b00123e1a0 JavaThread "Unconstrained build operations Thread 15"        [_thread_blocked, id=23048, stack(0x00000095baa00000,0x00000095bab00000) (1024K)]
  0x000001b00123b3b0 JavaThread "Unconstrained build operations Thread 16"        [_thread_blocked, id=24728, stack(0x00000095bab00000,0x00000095bac00000) (1024K)]
  0x000001b00123db10 JavaThread "Unconstrained build operations Thread 17"        [_thread_blocked, id=25764, stack(0x00000095bac00000,0x00000095bad00000) (1024K)]
  0x000001b00123eec0 JavaThread "Unconstrained build operations Thread 18"        [_thread_blocked, id=19712, stack(0x00000095bad00000,0x00000095bae00000) (1024K)]
  0x000001b00123c760 JavaThread "Unconstrained build operations Thread 19"        [_thread_blocked, id=26372, stack(0x00000095bae00000,0x00000095baf00000) (1024K)]
  0x000001b00123c0d0 JavaThread "Unconstrained build operations Thread 20"        [_thread_blocked, id=21020, stack(0x00000095baf00000,0x00000095bb000000) (1024K)]
  0x000001b00123e830 JavaThread "Unconstrained build operations Thread 21"        [_thread_blocked, id=6980, stack(0x00000095bb000000,0x00000095bb100000) (1024K)]
  0x000001b00123cdf0 JavaThread "Unconstrained build operations Thread 22"        [_thread_blocked, id=13244, stack(0x00000095bb100000,0x00000095bb200000) (1024K)]
  0x000001b00123ba40 JavaThread "Unconstrained build operations Thread 23"        [_thread_blocked, id=22480, stack(0x00000095bb200000,0x00000095bb300000) (1024K)]
  0x000001b00123fbe0 JavaThread "Unconstrained build operations Thread 24"        [_thread_blocked, id=7236, stack(0x00000095bb300000,0x00000095bb400000) (1024K)]
  0x000001b001240270 JavaThread "Unconstrained build operations Thread 25"        [_thread_blocked, id=10432, stack(0x00000095bb400000,0x00000095bb500000) (1024K)]
  0x000001b001241cb0 JavaThread "Unconstrained build operations Thread 26"        [_thread_blocked, id=21584, stack(0x00000095bb500000,0x00000095bb600000) (1024K)]
  0x000001b001242340 JavaThread "Unconstrained build operations Thread 27"        [_thread_blocked, id=24600, stack(0x00000095bb600000,0x00000095bb700000) (1024K)]
  0x000001b001240f90 JavaThread "Unconstrained build operations Thread 28"        [_thread_blocked, id=16508, stack(0x00000095bb700000,0x00000095bb800000) (1024K)]
  0x000001b001241620 JavaThread "Unconstrained build operations Thread 29"        [_thread_blocked, id=20976, stack(0x00000095bb800000,0x00000095bb900000) (1024K)]
  0x000001b001240900 JavaThread "Unconstrained build operations Thread 30"        [_thread_blocked, id=9672, stack(0x00000095bb900000,0x00000095bba00000) (1024K)]
  0x000001b0012429d0 JavaThread "Unconstrained build operations Thread 31"        [_thread_blocked, id=22536, stack(0x00000095bba00000,0x00000095bbb00000) (1024K)]
  0x000001b00123f550 JavaThread "Unconstrained build operations Thread 32"        [_thread_blocked, id=24492, stack(0x00000095bbb00000,0x00000095bbc00000) (1024K)]
  0x000001b0019f4d30 JavaThread "Unconstrained build operations Thread 33"        [_thread_blocked, id=13684, stack(0x00000095bbc00000,0x00000095bbd00000) (1024K)]
  0x000001b0019f4010 JavaThread "Unconstrained build operations Thread 34"        [_thread_blocked, id=15788, stack(0x00000095bbd00000,0x00000095bbe00000) (1024K)]
  0x000001b0019f46a0 JavaThread "Unconstrained build operations Thread 35"        [_thread_blocked, id=1168, stack(0x00000095bbe00000,0x00000095bbf00000) (1024K)]
  0x000001b0019f60e0 JavaThread "Unconstrained build operations Thread 36"        [_thread_blocked, id=18172, stack(0x00000095bbf00000,0x00000095bc000000) (1024K)]
  0x000001b0019f53c0 JavaThread "Unconstrained build operations Thread 37"        [_thread_blocked, id=22212, stack(0x00000095bc000000,0x00000095bc100000) (1024K)]
  0x000001b0019f6770 JavaThread "Unconstrained build operations Thread 38"        [_thread_blocked, id=6484, stack(0x00000095bc100000,0x00000095bc200000) (1024K)]
  0x000001b0019f5a50 JavaThread "Unconstrained build operations Thread 39"        [_thread_blocked, id=5172, stack(0x00000095bc200000,0x00000095bc300000) (1024K)]
  0x000001b0019f6e00 JavaThread "build event listener"              [_thread_blocked, id=10212, stack(0x00000095bc300000,0x00000095bc400000) (1024K)]
  0x000001b0019f8840 JavaThread "Memory manager"                    [_thread_blocked, id=19916, stack(0x00000095bc500000,0x00000095bc600000) (1024K)]
  0x000001b0019fa280 JavaThread "ForkJoinPool.commonPool-worker-1" daemon [_thread_blocked, id=13004, stack(0x00000095bc400000,0x00000095bc500000) (1024K)]
  0x000001b0019f9bf0 JavaThread "ForkJoinPool.commonPool-worker-2" daemon [_thread_blocked, id=27604, stack(0x00000095bc600000,0x00000095bc700000) (1024K)]
  0x000001b0019f7490 JavaThread "ForkJoinPool.commonPool-worker-3" daemon [_thread_blocked, id=22884, stack(0x00000095bc700000,0x00000095bc800000) (1024K)]
  0x000001b0019f7b20 JavaThread "ForkJoinPool.commonPool-worker-4" daemon [_thread_blocked, id=19420, stack(0x00000095bc800000,0x00000095bc900000) (1024K)]
  0x000001b0019fa910 JavaThread "ForkJoinPool.commonPool-worker-5" daemon [_thread_blocked, id=25696, stack(0x00000095bc900000,0x00000095bca00000) (1024K)]
  0x000001b0019f9560 JavaThread "ForkJoinPool.commonPool-worker-6" daemon [_thread_blocked, id=24680, stack(0x00000095bca00000,0x00000095bcb00000) (1024K)]
  0x000001b003b636f0 JavaThread "ForkJoinPool.commonPool-worker-7" daemon [_thread_blocked, id=960, stack(0x00000095bcb00000,0x00000095bcc00000) (1024K)]
  0x000001b003b63d80 JavaThread "ForkJoinPool.commonPool-worker-8" daemon [_thread_blocked, id=21988, stack(0x00000095bcc00000,0x00000095bcd00000) (1024K)]
  0x000001b003b657c0 JavaThread "ForkJoinPool.commonPool-worker-9" daemon [_thread_blocked, id=23456, stack(0x00000095bcd00000,0x00000095bce00000) (1024K)]
  0x000001b003b664e0 JavaThread "ForkJoinPool.commonPool-worker-10" daemon [_thread_blocked, id=9668, stack(0x00000095bce00000,0x00000095bcf00000) (1024K)]
  0x000001b003b65e50 JavaThread "Exec process"                      [_thread_blocked, id=25352, stack(0x00000095bcf00000,0x00000095bd000000) (1024K)]
  0x000001b003b63060 JavaThread "Exec process Thread 2"             [_thread_blocked, id=23464, stack(0x00000095bd000000,0x00000095bd100000) (1024K)]
  0x000001b003b64410 JavaThread "Exec process Thread 3"             [_thread_blocked, id=22272, stack(0x00000095bd100000,0x00000095bd200000) (1024K)]
  0x000001b003b64aa0 JavaThread "included builds"                   [_thread_blocked, id=22820, stack(0x00000095bd200000,0x00000095bd300000) (1024K)]
  0x000001b003b65130 JavaThread "Execution worker"                  [_thread_blocked, id=8712, stack(0x00000095bd300000,0x00000095bd400000) (1024K)]
  0x000001b004764690 JavaThread "Execution worker Thread 2"         [_thread_blocked, id=11284, stack(0x00000095bd400000,0x00000095bd500000) (1024K)]
  0x000001b0047653b0 JavaThread "Execution worker Thread 3"         [_thread_blocked, id=6556, stack(0x00000095bd500000,0x00000095bd600000) (1024K)]
  0x000001b004764d20 JavaThread "Execution worker Thread 4"         [_thread_blocked, id=1104, stack(0x00000095bd600000,0x00000095bd700000) (1024K)]
  0x000001b0047632e0 JavaThread "Execution worker Thread 5"         [_thread_blocked, id=16904, stack(0x00000095bd700000,0x00000095bd800000) (1024K)]
  0x000001b0047625c0 JavaThread "Execution worker Thread 6"         [_thread_blocked, id=9828, stack(0x00000095bd800000,0x00000095bd900000) (1024K)]
  0x000001b004764000 JavaThread "Execution worker Thread 7"         [_thread_blocked, id=27124, stack(0x00000095bd900000,0x00000095bda00000) (1024K)]
  0x000001b004762c50 JavaThread "Execution worker Thread 8"         [_thread_blocked, id=13084, stack(0x00000095bda00000,0x00000095bdb00000) (1024K)]
  0x000001b004766df0 JavaThread "Execution worker Thread 9"         [_thread_blocked, id=10632, stack(0x00000095bdb00000,0x00000095bdc00000) (1024K)]
  0x000001b004765a40 JavaThread "Execution worker Thread 10"        [_thread_blocked, id=15412, stack(0x00000095bdc00000,0x00000095bdd00000) (1024K)]
  0x000001b0047660d0 JavaThread "Execution worker Thread 11"        [_thread_blocked, id=26092, stack(0x00000095bdd00000,0x00000095bde00000) (1024K)]
  0x000001b004766760 JavaThread "Cache worker for execution history cache (D:\my project\main project\FootFlex\forntend\node_modules\@react-native\gradle-plugin\.gradle\9.0.0\executionHistory)"        [_thread_blocked, id=25620, stack(0x00000095bde00000,0x00000095bdf00000) (1024K)]
  0x000001b004763970 JavaThread "Unconstrained build operations Thread 40"        [_thread_blocked, id=24380, stack(0x00000095bdf00000,0x00000095be000000) (1024K)]
  0x000001b004768ec0 JavaThread "Unconstrained build operations Thread 41"        [_thread_blocked, id=11376, stack(0x00000095be000000,0x00000095be100000) (1024K)]
  0x000001b004767b10 JavaThread "Unconstrained build operations Thread 42"        [_thread_blocked, id=27232, stack(0x00000095be100000,0x00000095be200000) (1024K)]
  0x000001b0047681a0 JavaThread "Unconstrained build operations Thread 43"        [_thread_blocked, id=12520, stack(0x00000095be200000,0x00000095be300000) (1024K)]
  0x000001b004767480 JavaThread "Unconstrained build operations Thread 44"        [_thread_blocked, id=27136, stack(0x00000095be300000,0x00000095be400000) (1024K)]
  0x000001b004768830 JavaThread "Unconstrained build operations Thread 45"        [_thread_blocked, id=12464, stack(0x00000095be400000,0x00000095be500000) (1024K)]
  0x000001b004769550 JavaThread "Unconstrained build operations Thread 46"        [_thread_blocked, id=8204, stack(0x00000095be500000,0x00000095be600000) (1024K)]
  0x000001b004769be0 JavaThread "Unconstrained build operations Thread 47"        [_thread_blocked, id=27164, stack(0x00000095be600000,0x00000095be700000) (1024K)]
  0x000001b00547f580 JavaThread "Unconstrained build operations Thread 48"        [_thread_blocked, id=25116, stack(0x00000095be700000,0x00000095be800000) (1024K)]
  0x000001b00547fc10 JavaThread "Unconstrained build operations Thread 49"        [_thread_blocked, id=25888, stack(0x00000095be800000,0x00000095be900000) (1024K)]
  0x000001b00547e860 JavaThread "Unconstrained build operations Thread 50"        [_thread_blocked, id=22848, stack(0x00000095be900000,0x00000095bea00000) (1024K)]
  0x000001b005481ce0 JavaThread "Unconstrained build operations Thread 51"        [_thread_blocked, id=26340, stack(0x00000095bea00000,0x00000095beb00000) (1024K)]
  0x000001b005480fc0 JavaThread "Unconstrained build operations Thread 52"        [_thread_blocked, id=11476, stack(0x00000095beb00000,0x00000095bec00000) (1024K)]
  0x000001b0054802a0 JavaThread "Unconstrained build operations Thread 53"        [_thread_blocked, id=11640, stack(0x00000095bec00000,0x00000095bed00000) (1024K)]
  0x000001b00547eef0 JavaThread "Unconstrained build operations Thread 54"        [_thread_blocked, id=12456, stack(0x00000095bed00000,0x00000095bee00000) (1024K)]
  0x000001b005482370 JavaThread "Unconstrained build operations Thread 55"        [_thread_blocked, id=26436, stack(0x00000095bee00000,0x00000095bef00000) (1024K)]
  0x000001b005481650 JavaThread "Unconstrained build operations Thread 56"        [_thread_blocked, id=22988, stack(0x00000095bef00000,0x00000095bf000000) (1024K)]
  0x000001b005483db0 JavaThread "Unconstrained build operations Thread 57"        [_thread_blocked, id=20100, stack(0x00000095bf000000,0x00000095bf100000) (1024K)]
  0x000001b005482a00 JavaThread "Unconstrained build operations Thread 58"        [_thread_blocked, id=16952, stack(0x00000095bf100000,0x00000095bf200000) (1024K)]
  0x000001b005480930 JavaThread "Unconstrained build operations Thread 59"        [_thread_blocked, id=13672, stack(0x00000095bf200000,0x00000095bf300000) (1024K)]
  0x000001b005483720 JavaThread "Unconstrained build operations Thread 60"        [_thread_blocked, id=17240, stack(0x00000095bf300000,0x00000095bf400000) (1024K)]
  0x000001b0054857f0 JavaThread "Unconstrained build operations Thread 61"        [_thread_blocked, id=22248, stack(0x00000095bf400000,0x00000095bf500000) (1024K)]
  0x000001b005484440 JavaThread "Unconstrained build operations Thread 62"        [_thread_blocked, id=24776, stack(0x00000095bf500000,0x00000095bf600000) (1024K)]
  0x000001b005483090 JavaThread "Unconstrained build operations Thread 63"        [_thread_blocked, id=17564, stack(0x00000095bf600000,0x00000095bf700000) (1024K)]
  0x000001b005484ad0 JavaThread "Unconstrained build operations Thread 64"        [_thread_blocked, id=27128, stack(0x00000095bf700000,0x00000095bf800000) (1024K)]
  0x000001b005485e80 JavaThread "Unconstrained build operations Thread 65"        [_thread_blocked, id=25308, stack(0x00000095bf800000,0x00000095bf900000) (1024K)]
  0x000001b005485160 JavaThread "Unconstrained build operations Thread 66"        [_thread_blocked, id=7984, stack(0x00000095bf900000,0x00000095bfa00000) (1024K)]
  0x000001b003a7b770 JavaThread "Unconstrained build operations Thread 67"        [_thread_blocked, id=9756, stack(0x00000095bfa00000,0x00000095bfb00000) (1024K)]
  0x000001b003a79010 JavaThread "Unconstrained build operations Thread 68"        [_thread_blocked, id=15568, stack(0x00000095bfb00000,0x00000095bfc00000) (1024K)]
  0x000001b003a7aa50 JavaThread "Unconstrained build operations Thread 69"        [_thread_blocked, id=26204, stack(0x00000095bfc00000,0x00000095bfd00000) (1024K)]
  0x000001b003a7b0e0 JavaThread "Unconstrained build operations Thread 70"        [_thread_blocked, id=10612, stack(0x00000095bfd00000,0x00000095bfe00000) (1024K)]
  0x000001b003a79d30 JavaThread "Unconstrained build operations Thread 71"        [_thread_blocked, id=25964, stack(0x00000095bfe00000,0x00000095bff00000) (1024K)]
  0x000001b003a7a3c0 JavaThread "Unconstrained build operations Thread 72"        [_thread_blocked, id=24692, stack(0x00000095bff00000,0x00000095c0000000) (1024K)]
  0x000001b003a7be00 JavaThread "Unconstrained build operations Thread 73"        [_thread_blocked, id=7624, stack(0x00000095c0000000,0x00000095c0100000) (1024K)]
  0x000001b003a78980 JavaThread "Unconstrained build operations Thread 74"        [_thread_blocked, id=12508, stack(0x00000095c0100000,0x00000095c0200000) (1024K)]
  0x000001b003a7d1b0 JavaThread "Unconstrained build operations Thread 75"        [_thread_blocked, id=27468, stack(0x00000095c0200000,0x00000095c0300000) (1024K)]
  0x000001b003a7f910 JavaThread "Unconstrained build operations Thread 76"        [_thread_blocked, id=22664, stack(0x00000095c0300000,0x00000095c0400000) (1024K)]
  0x000001b003a7ebf0 JavaThread "Unconstrained build operations Thread 77"        [_thread_blocked, id=25524, stack(0x00000095c0400000,0x00000095c0500000) (1024K)]
  0x000001b003a7d840 JavaThread "Unconstrained build operations Thread 78"        [_thread_blocked, id=26388, stack(0x00000095c0500000,0x00000095c0600000) (1024K)]
  0x000001b003a7ded0 JavaThread "Unconstrained build operations Thread 79"        [_thread_blocked, id=27116, stack(0x00000095c0600000,0x00000095c0700000) (1024K)]
  0x000001b003a7f280 JavaThread "Unconstrained build operations Thread 80"        [_thread_blocked, id=9748, stack(0x00000095c0700000,0x00000095c0800000) (1024K)]
  0x000001b003a7e560 JavaThread "Unconstrained build operations Thread 81"        [_thread_blocked, id=12552, stack(0x00000095c0800000,0x00000095c0900000) (1024K)]
  0x000001b003a7c490 JavaThread "Unconstrained build operations Thread 82"        [_thread_blocked, id=23144, stack(0x00000095c0900000,0x00000095c0a00000) (1024K)]
  0x000001b003a7ffa0 JavaThread "Unconstrained build operations Thread 83"        [_thread_blocked, id=24032, stack(0x00000095c0a00000,0x00000095c0b00000) (1024K)]
  0x000001b003a7cb20 JavaThread "Unconstrained build operations Thread 84"        [_thread_blocked, id=19672, stack(0x00000095c0b00000,0x00000095c0c00000) (1024K)]
  0x000001b004e577d0 JavaThread "Unconstrained build operations Thread 85"        [_thread_blocked, id=6404, stack(0x00000095c0c00000,0x00000095c0d00000) (1024K)]
  0x000001b004e55d90 JavaThread "Unconstrained build operations Thread 86"        [_thread_blocked, id=21276, stack(0x00000095c0d00000,0x00000095c0e00000) (1024K)]
  0x000001b004e57e60 JavaThread "Unconstrained build operations Thread 87"        [_thread_blocked, id=11460, stack(0x00000095c0e00000,0x00000095c0f00000) (1024K)]
  0x000001b004e584f0 JavaThread "Unconstrained build operations Thread 88"        [_thread_blocked, id=10368, stack(0x00000095c0f00000,0x00000095c1000000) (1024K)]
  0x000001b004e55700 JavaThread "Unconstrained build operations Thread 89"        [_thread_blocked, id=23096, stack(0x00000095c1000000,0x00000095c1100000) (1024K)]
  0x000001b004e57140 JavaThread "Unconstrained build operations Thread 90"        [_thread_blocked, id=15560, stack(0x00000095c1100000,0x00000095c1200000) (1024K)]
  0x000001b004e55070 JavaThread "Unconstrained build operations Thread 91"        [_thread_blocked, id=23912, stack(0x00000095c1200000,0x00000095c1300000) (1024K)]
  0x000001b004e56420 JavaThread "Unconstrained build operations Thread 92"        [_thread_blocked, id=21544, stack(0x00000095c1300000,0x00000095c1400000) (1024K)]
  0x000001b004e56ab0 JavaThread "Unconstrained build operations Thread 93"        [_thread_blocked, id=15196, stack(0x00000095c1400000,0x00000095c1500000) (1024K)]
  0x000001b003fa0160 JavaThread "Unconstrained build operations Thread 94"        [_thread_blocked, id=27036, stack(0x00000095c1500000,0x00000095c1600000) (1024K)]
  0x000001b003fa1ba0 JavaThread "Unconstrained build operations Thread 95"        [_thread_blocked, id=27512, stack(0x00000095c1600000,0x00000095c1700000) (1024K)]
  0x000001b003fa0e80 JavaThread "Unconstrained build operations Thread 96"        [_thread_blocked, id=20280, stack(0x00000095c1700000,0x00000095c1800000) (1024K)]
  0x000001b003fa2230 JavaThread "Unconstrained build operations Thread 97"        [_thread_blocked, id=22284, stack(0x00000095c1800000,0x00000095c1900000) (1024K)]
  0x000001b003fa1510 JavaThread "Unconstrained build operations Thread 98"        [_thread_blocked, id=23056, stack(0x00000095c1900000,0x00000095c1a00000) (1024K)]
  0x000001b003fa07f0 JavaThread "Unconstrained build operations Thread 99"        [_thread_blocked, id=24024, stack(0x00000095c1a00000,0x00000095c1b00000) (1024K)]
  0x000001b003fa28c0 JavaThread "Unconstrained build operations Thread 100"        [_thread_blocked, id=3628, stack(0x00000095c1b00000,0x00000095c1c00000) (1024K)]
  0x000001b003fa2f50 JavaThread "Unconstrained build operations Thread 101"        [_thread_blocked, id=4412, stack(0x00000095c1c00000,0x00000095c1d00000) (1024K)]
  0x000001b003f9fad0 JavaThread "Unconstrained build operations Thread 102"        [_thread_blocked, id=21976, stack(0x00000095c1d00000,0x00000095c1e00000) (1024K)]
  0x000001b003399e00 JavaThread "Unconstrained build operations Thread 103"        [_thread_blocked, id=3180, stack(0x00000095c1e00000,0x00000095c1f00000) (1024K)]
  0x000001b0033983c0 JavaThread "Unconstrained build operations Thread 104"        [_thread_blocked, id=3516, stack(0x00000095c1f00000,0x00000095c2000000) (1024K)]
  0x000001b003398a50 JavaThread "Unconstrained build operations Thread 105"        [_thread_blocked, id=3196, stack(0x00000095c2000000,0x00000095c2100000) (1024K)]
  0x000001b0033976a0 JavaThread "Unconstrained build operations Thread 106"        [_thread_blocked, id=12728, stack(0x00000095c2100000,0x00000095c2200000) (1024K)]
  0x000001b003397d30 JavaThread "Unconstrained build operations Thread 107"        [_thread_blocked, id=2128, stack(0x00000095c2200000,0x00000095c2300000) (1024K)]
  0x000001b003396980 JavaThread "Unconstrained build operations Thread 108"        [_thread_blocked, id=20948, stack(0x00000095c2300000,0x00000095c2400000) (1024K)]
  0x000001b0033990e0 JavaThread "Unconstrained build operations Thread 109"        [_thread_blocked, id=10476, stack(0x00000095c2400000,0x00000095c2500000) (1024K)]
  0x000001b00339a490 JavaThread "Unconstrained build operations Thread 110"        [_thread_blocked, id=23664, stack(0x00000095c2500000,0x00000095c2600000) (1024K)]
  0x000001b003399770 JavaThread "Unconstrained build operations Thread 111"        [_thread_blocked, id=20884, stack(0x00000095c2600000,0x00000095c2700000) (1024K)]
  0x000001b003397010 JavaThread "Unconstrained build operations Thread 112"        [_thread_blocked, id=24748, stack(0x00000095c2700000,0x00000095c2800000) (1024K)]
  0x000001b00339ab20 JavaThread "jar transforms Thread 2"           [_thread_blocked, id=12832, stack(0x00000095c2800000,0x00000095c2900000) (1024K)]
  0x000001b00339dfa0 JavaThread "jar transforms Thread 3"           [_thread_blocked, id=9860, stack(0x00000095c2900000,0x00000095c2a00000) (1024K)]
Total: 176

Other Threads:
=>0x000001b060309230 VMThread "VM Thread"                           [id=5324, stack(0x00000095b7000000,0x00000095b7100000) (1024K)]
  0x000001b0603d19e0 WatcherThread "VM Periodic Task Thread"        [id=24636, stack(0x00000095b6f00000,0x00000095b7000000) (1024K)]
  0x000001b048797ab0 WorkerThread "GC Thread#0"                     [id=22992, stack(0x00000095b6a00000,0x00000095b6b00000) (1024K)]
  0x000001b0607329d0 WorkerThread "GC Thread#1"                     [id=21808, stack(0x00000095b7d00000,0x00000095b7e00000) (1024K)]
  0x000001b060732d80 WorkerThread "GC Thread#2"                     [id=25080, stack(0x00000095b7e00000,0x00000095b7f00000) (1024K)]
  0x000001b0607f6590 WorkerThread "GC Thread#3"                     [id=20428, stack(0x00000095b7f00000,0x00000095b8000000) (1024K)]
  0x000001b06075d550 WorkerThread "GC Thread#4"                     [id=20676, stack(0x00000095b8000000,0x00000095b8100000) (1024K)]
  0x000001b06075d900 WorkerThread "GC Thread#5"                     [id=23680, stack(0x00000095b8100000,0x00000095b8200000) (1024K)]
  0x000001b000fc0b50 WorkerThread "GC Thread#6"                     [id=9036, stack(0x00000095b8200000,0x00000095b8300000) (1024K)]
  0x000001b00101c200 WorkerThread "GC Thread#7"                     [id=4776, stack(0x00000095b8300000,0x00000095b8400000) (1024K)]
  0x000001b000f87500 WorkerThread "GC Thread#8"                     [id=22904, stack(0x00000095b8400000,0x00000095b8500000) (1024K)]
  0x000001b001120130 WorkerThread "GC Thread#9"                     [id=11864, stack(0x00000095b9000000,0x00000095b9100000) (1024K)]
  0x000001b0487a8cc0 ConcurrentGCThread "G1 Main Marker"            [id=24564, stack(0x00000095b6b00000,0x00000095b6c00000) (1024K)]
  0x000001b0487ab910 WorkerThread "G1 Conc#0"                       [id=26900, stack(0x00000095b6c00000,0x00000095b6d00000) (1024K)]
  0x000001b0011204e0 WorkerThread "G1 Conc#1"                       [id=17984, stack(0x00000095b9100000,0x00000095b9200000) (1024K)]
  0x000001b001120c40 WorkerThread "G1 Conc#2"                       [id=24444, stack(0x00000095b9200000,0x00000095b9300000) (1024K)]
  0x000001b060249480 ConcurrentGCThread "G1 Refine#0"               [id=26260, stack(0x00000095b6d00000,0x00000095b6e00000) (1024K)]
  0x000001b060249cb0 ConcurrentGCThread "G1 Service"                [id=21260, stack(0x00000095b6e00000,0x00000095b6f00000) (1024K)]
Total: 18

Threads with active compile tasks:
Total: 0

VM state: at safepoint (normal execution)

VM Mutex/Monitor currently owned by a thread:  ([mutex/lock_event])
[0x00007ff9e64ee560] Threads_lock - owner thread: 0x000001b060309230
[0x00007ff9e64ee660] Heap_lock - owner thread: 0x000001b0487a8cc0

Heap address: 0x0000000080000000, size: 2048 MB, Compressed Oops mode: 32-bit

CDS archive(s) mapped at: [0x000001b061000000-0x000001b061ba0000-0x000001b061ba0000), size 12189696, SharedBaseAddress: 0x000001b061000000, ArchiveRelocationMode: 1.
Compressed class space mapped at: 0x000001b062000000-0x000001b07c000000, reserved size: 436207616
Narrow klass base: 0x000001b061000000, Narrow klass shift: 0, Narrow klass range: 0x100000000

GC Precious Log:
 CardTable entry size: 512
 Card Set container configuration: InlinePtr #cards 5 size 8 Array Of Cards #cards 12 size 40 Howl #buckets 4 coarsen threshold 1843 Howl Bitmap #cards 512 size 80 coarsen threshold 460 Card regions per heap region 1 cards per card region 2048
 CPUs: 12 total, 12 available
 Memory: 16024M
 Large Page Support: Disabled
 NUMA Support: Disabled
 Compressed Oops: Enabled (32-bit)
 Heap Region Size: 1M
 Heap Min Capacity: 8M
 Heap Initial Capacity: 252M
 Heap Max Capacity: 2G
 Pre-touch: Disabled
 Parallel Workers: 10
 Concurrent Workers: 3
 Concurrent Refinement Workers: 10
 Periodic GC: Disabled

Heap:
 garbage-first heap   total 112640K, used 77801K [0x0000000080000000, 0x0000000100000000)
  region size 1024K, 5 young (5120K), 4 survivors (4096K)
 Metaspace       used 77082K, committed 79488K, reserved 557056K
  class space    used 11383K, committed 12544K, reserved 425984K

Heap Regions: E=young(eden), S=young(survivor), O=old, HS=humongous(starts), HC=humongous(continues), CS=collection set, F=free, TAMS=top-at-mark-start, PB=parsable bottom
|   0|0x0000000080000000, 0x0000000080100000, 0x0000000080100000|100%|HS|  |TAMS 0x0000000080100000| PB 0x0000000080000000| Complete 
|   1|0x0000000080100000, 0x0000000080200000, 0x0000000080200000|100%|HC|  |TAMS 0x0000000080200000| PB 0x0000000080100000| Complete 
|   2|0x0000000080200000, 0x0000000080300000, 0x0000000080300000|100%|HC|  |TAMS 0x0000000080300000| PB 0x0000000080200000| Complete 
|   3|0x0000000080300000, 0x0000000080400000, 0x0000000080400000|100%| O|  |TAMS 0x0000000080400000| PB 0x0000000080400000| Untracked 
|   4|0x0000000080400000, 0x0000000080500000, 0x0000000080500000|100%| O|  |TAMS 0x0000000080500000| PB 0x0000000080500000| Untracked 
|   5|0x0000000080500000, 0x0000000080600000, 0x0000000080600000|100%| O|  |TAMS 0x0000000080600000| PB 0x0000000080600000| Untracked 
|   6|0x0000000080600000, 0x0000000080700000, 0x0000000080700000|100%|HS|  |TAMS 0x0000000080700000| PB 0x0000000080600000| Complete 
|   7|0x0000000080700000, 0x0000000080800000, 0x0000000080800000|100%| O|  |TAMS 0x0000000080800000| PB 0x0000000080800000| Untracked 
|   8|0x0000000080800000, 0x0000000080900000, 0x0000000080900000|100%| O|  |TAMS 0x0000000080900000| PB 0x0000000080900000| Untracked 
|   9|0x0000000080900000, 0x0000000080a00000, 0x0000000080a00000|100%| O|  |TAMS 0x0000000080a00000| PB 0x0000000080a00000| Untracked 
|  10|0x0000000080a00000, 0x0000000080b00000, 0x0000000080b00000|100%| O|  |TAMS 0x0000000080b00000| PB 0x0000000080b00000| Untracked 
|  11|0x0000000080b00000, 0x0000000080c00000, 0x0000000080c00000|100%| O|  |TAMS 0x0000000080c00000| PB 0x0000000080c00000| Untracked 
|  12|0x0000000080c00000, 0x0000000080d00000, 0x0000000080d00000|100%| O|  |TAMS 0x0000000080d00000| PB 0x0000000080d00000| Untracked 
|  13|0x0000000080d00000, 0x0000000080e00000, 0x0000000080e00000|100%| O|  |TAMS 0x0000000080e00000| PB 0x0000000080e00000| Untracked 
|  14|0x0000000080e00000, 0x0000000080f00000, 0x0000000080f00000|100%| O|  |TAMS 0x0000000080f00000| PB 0x0000000080f00000| Untracked 
|  15|0x0000000080f00000, 0x0000000081000000, 0x0000000081000000|100%| O|  |TAMS 0x0000000081000000| PB 0x0000000081000000| Untracked 
|  16|0x0000000081000000, 0x0000000081100000, 0x0000000081100000|100%| O|  |TAMS 0x0000000081100000| PB 0x0000000081100000| Untracked 
|  17|0x0000000081100000, 0x0000000081200000, 0x0000000081200000|100%| O|  |TAMS 0x0000000081200000| PB 0x0000000081200000| Updating 
|  18|0x0000000081200000, 0x0000000081300000, 0x0000000081300000|100%| O|  |TAMS 0x0000000081300000| PB 0x0000000081300000| Untracked 
|  19|0x0000000081300000, 0x0000000081400000, 0x0000000081400000|100%| O|  |TAMS 0x0000000081400000| PB 0x0000000081400000| Updating 
|  20|0x0000000081400000, 0x0000000081500000, 0x0000000081500000|100%| O|  |TAMS 0x0000000081500000| PB 0x0000000081500000| Untracked 
|  21|0x0000000081500000, 0x0000000081600000, 0x0000000081600000|100%| O|  |TAMS 0x0000000081600000| PB 0x0000000081600000| Untracked 
|  22|0x0000000081600000, 0x0000000081700000, 0x0000000081700000|100%| O|  |TAMS 0x0000000081700000| PB 0x0000000081700000| Untracked 
|  23|0x0000000081700000, 0x0000000081800000, 0x0000000081800000|100%| O|  |TAMS 0x0000000081800000| PB 0x0000000081800000| Updating 
|  24|0x0000000081800000, 0x0000000081900000, 0x0000000081900000|100%| O|  |TAMS 0x0000000081900000| PB 0x0000000081900000| Updating 
|  25|0x0000000081900000, 0x0000000081a00000, 0x0000000081a00000|100%| O|  |TAMS 0x0000000081a00000| PB 0x0000000081a00000| Updating 
|  26|0x0000000081a00000, 0x0000000081b00000, 0x0000000081b00000|100%| O|  |TAMS 0x0000000081b00000| PB 0x0000000081b00000| Untracked 
|  27|0x0000000081b00000, 0x0000000081c00000, 0x0000000081c00000|100%| O|  |TAMS 0x0000000081c00000| PB 0x0000000081c00000| Updating 
|  28|0x0000000081c00000, 0x0000000081d00000, 0x0000000081d00000|100%| O|  |TAMS 0x0000000081d00000| PB 0x0000000081d00000| Updating 
|  29|0x0000000081d00000, 0x0000000081e00000, 0x0000000081e00000|100%|HS|  |TAMS 0x0000000081e00000| PB 0x0000000081d00000| Complete 
|  30|0x0000000081e00000, 0x0000000081f00000, 0x0000000081f00000|100%|HC|  |TAMS 0x0000000081f00000| PB 0x0000000081e00000| Complete 
|  31|0x0000000081f00000, 0x0000000082000000, 0x0000000082000000|100%|HC|  |TAMS 0x0000000082000000| PB 0x0000000081f00000| Complete 
|  32|0x0000000082000000, 0x0000000082100000, 0x0000000082100000|100%|HS|  |TAMS 0x0000000082100000| PB 0x0000000082000000| Complete 
|  33|0x0000000082100000, 0x0000000082200000, 0x0000000082200000|100%|HC|  |TAMS 0x0000000082200000| PB 0x0000000082100000| Complete 
|  34|0x0000000082200000, 0x0000000082300000, 0x0000000082300000|100%|HC|  |TAMS 0x0000000082300000| PB 0x0000000082200000| Complete 
|  35|0x0000000082300000, 0x0000000082400000, 0x0000000082400000|100%| O|  |TAMS 0x0000000082400000| PB 0x0000000082400000| Untracked 
|  36|0x0000000082400000, 0x0000000082500000, 0x0000000082500000|100%| O|  |TAMS 0x0000000082500000| PB 0x0000000082500000| Untracked 
|  37|0x0000000082500000, 0x0000000082600000, 0x0000000082600000|100%| O|  |TAMS 0x0000000082600000| PB 0x0000000082600000| Updating 
|  38|0x0000000082600000, 0x0000000082700000, 0x0000000082700000|100%| O|  |TAMS 0x0000000082600000| PB 0x0000000082600000| Untracked 
|  39|0x0000000082700000, 0x0000000082800000, 0x0000000082800000|100%| O|  |TAMS 0x0000000082800000| PB 0x0000000082800000| Untracked 
|  40|0x0000000082800000, 0x0000000082900000, 0x0000000082900000|100%| O|  |TAMS 0x0000000082900000| PB 0x0000000082900000| Updating 
|  41|0x0000000082900000, 0x0000000082a00000, 0x0000000082a00000|100%| O|  |TAMS 0x0000000082a00000| PB 0x0000000082a00000| Updating 
|  42|0x0000000082a00000, 0x0000000082b00000, 0x0000000082b00000|100%| O|  |TAMS 0x0000000082b00000| PB 0x0000000082b00000| Untracked 
|  43|0x0000000082b00000, 0x0000000082c00000, 0x0000000082c00000|100%| O|  |TAMS 0x0000000082c00000| PB 0x0000000082c00000| Updating 
|  44|0x0000000082c00000, 0x0000000082d00000, 0x0000000082d00000|100%| O|  |TAMS 0x0000000082c00000| PB 0x0000000082c00000| Untracked 
|  45|0x0000000082d00000, 0x0000000082e00000, 0x0000000082e00000|100%| O|  |TAMS 0x0000000082e00000| PB 0x0000000082e00000| Untracked 
|  46|0x0000000082e00000, 0x0000000082f00000, 0x0000000082f00000|100%| O|  |TAMS 0x0000000082f00000| PB 0x0000000082f00000| Updating 
|  47|0x0000000082f00000, 0x0000000083000000, 0x0000000083000000|100%| O|  |TAMS 0x0000000083000000| PB 0x0000000083000000| Untracked 
|  48|0x0000000083000000, 0x0000000083100000, 0x0000000083100000|100%| O|  |TAMS 0x0000000083100000| PB 0x0000000083100000| Untracked 
|  49|0x0000000083100000, 0x0000000083200000, 0x0000000083200000|100%| O|  |TAMS 0x0000000083200000| PB 0x0000000083200000| Updating 
|  50|0x0000000083200000, 0x0000000083300000, 0x0000000083300000|100%| O|  |TAMS 0x0000000083300000| PB 0x0000000083300000| Updating 
|  51|0x0000000083300000, 0x0000000083400000, 0x0000000083400000|100%| O|  |TAMS 0x0000000083400000| PB 0x0000000083400000| Untracked 
|  52|0x0000000083400000, 0x0000000083500000, 0x0000000083500000|100%| O|  |TAMS 0x0000000083500000| PB 0x0000000083500000| Untracked 
|  53|0x0000000083500000, 0x0000000083600000, 0x0000000083600000|100%| O|  |TAMS 0x0000000083600000| PB 0x0000000083600000| Updating 
|  54|0x0000000083600000, 0x0000000083700000, 0x0000000083700000|100%| O|  |TAMS 0x0000000083700000| PB 0x0000000083700000| Updating 
|  55|0x0000000083700000, 0x0000000083800000, 0x0000000083800000|100%| O|  |TAMS 0x0000000083800000| PB 0x0000000083800000| Untracked 
|  56|0x0000000083800000, 0x0000000083900000, 0x0000000083900000|100%| O|  |TAMS 0x0000000083900000| PB 0x0000000083900000| Updating 
|  57|0x0000000083900000, 0x0000000083a00000, 0x0000000083a00000|100%| O|  |TAMS 0x0000000083a00000| PB 0x0000000083a00000| Updating 
|  58|0x0000000083a00000, 0x0000000083b00000, 0x0000000083b00000|100%| O|  |TAMS 0x0000000083b00000| PB 0x0000000083b00000| Untracked 
|  59|0x0000000083b00000, 0x0000000083c00000, 0x0000000083c00000|100%| O|  |TAMS 0x0000000083c00000| PB 0x0000000083c00000| Updating 
|  60|0x0000000083c00000, 0x0000000083d00000, 0x0000000083d00000|100%| O|  |TAMS 0x0000000083c33d98| PB 0x0000000083c33d98| Updating 
|  61|0x0000000083d00000, 0x0000000083e00000, 0x0000000083e00000|100%| O|  |TAMS 0x0000000083d00000| PB 0x0000000083d00000| Untracked 
|  62|0x0000000083e00000, 0x0000000083e00000, 0x0000000083f00000|  0%| F|  |TAMS 0x0000000083e00000| PB 0x0000000083e00000| Untracked 
|  63|0x0000000083f00000, 0x0000000083f00000, 0x0000000084000000|  0%| F|  |TAMS 0x0000000083f00000| PB 0x0000000083f00000| Untracked 
|  64|0x0000000084000000, 0x0000000084000000, 0x0000000084100000|  0%| F|  |TAMS 0x0000000084000000| PB 0x0000000084000000| Untracked 
|  65|0x0000000084100000, 0x0000000084100000, 0x0000000084200000|  0%| F|  |TAMS 0x0000000084100000| PB 0x0000000084100000| Untracked 
|  66|0x0000000084200000, 0x0000000084200000, 0x0000000084300000|  0%| F|  |TAMS 0x0000000084200000| PB 0x0000000084200000| Untracked 
|  67|0x0000000084300000, 0x00000000843fa410, 0x0000000084400000| 97%| O|  |TAMS 0x0000000084300000| PB 0x0000000084300000| Untracked 
|  68|0x0000000084400000, 0x0000000084400000, 0x0000000084500000|  0%| F|  |TAMS 0x0000000084400000| PB 0x0000000084400000| Untracked 
|  69|0x0000000084500000, 0x0000000084500000, 0x0000000084600000|  0%| F|  |TAMS 0x0000000084500000| PB 0x0000000084500000| Untracked 
|  70|0x0000000084600000, 0x0000000084700000, 0x0000000084700000|100%| S|CS|TAMS 0x0000000084600000| PB 0x0000000084600000| Complete 
|  71|0x0000000084700000, 0x0000000084800000, 0x0000000084800000|100%| S|CS|TAMS 0x0000000084700000| PB 0x0000000084700000| Complete 
|  72|0x0000000084800000, 0x0000000084900000, 0x0000000084900000|100%| S|CS|TAMS 0x0000000084800000| PB 0x0000000084800000| Complete 
|  73|0x0000000084900000, 0x0000000084a00000, 0x0000000084a00000|100%| S|CS|TAMS 0x0000000084900000| PB 0x0000000084900000| Complete 
|  74|0x0000000084a00000, 0x0000000084a00000, 0x0000000084b00000|  0%| F|  |TAMS 0x0000000084a00000| PB 0x0000000084a00000| Untracked 
|  75|0x0000000084b00000, 0x0000000084b00000, 0x0000000084c00000|  0%| F|  |TAMS 0x0000000084b00000| PB 0x0000000084b00000| Untracked 
|  76|0x0000000084c00000, 0x0000000084c00000, 0x0000000084d00000|  0%| F|  |TAMS 0x0000000084c00000| PB 0x0000000084c00000| Untracked 
|  77|0x0000000084d00000, 0x0000000084d00000, 0x0000000084e00000|  0%| F|  |TAMS 0x0000000084d00000| PB 0x0000000084d00000| Untracked 
|  78|0x0000000084e00000, 0x0000000084e00000, 0x0000000084f00000|  0%| F|  |TAMS 0x0000000084e00000| PB 0x0000000084e00000| Untracked 
|  79|0x0000000084f00000, 0x0000000084f00000, 0x0000000085000000|  0%| F|  |TAMS 0x0000000084f00000| PB 0x0000000084f00000| Untracked 
|  80|0x0000000085000000, 0x0000000085000000, 0x0000000085100000|  0%| F|  |TAMS 0x0000000085000000| PB 0x0000000085000000| Untracked 
|  81|0x0000000085100000, 0x0000000085100000, 0x0000000085200000|  0%| F|  |TAMS 0x0000000085100000| PB 0x0000000085100000| Untracked 
|  82|0x0000000085200000, 0x0000000085200000, 0x0000000085300000|  0%| F|  |TAMS 0x0000000085200000| PB 0x0000000085200000| Untracked 
|  83|0x0000000085300000, 0x0000000085300000, 0x0000000085400000|  0%| F|  |TAMS 0x0000000085300000| PB 0x0000000085300000| Untracked 
|  84|0x0000000085400000, 0x0000000085400000, 0x0000000085500000|  0%| F|  |TAMS 0x0000000085400000| PB 0x0000000085400000| Untracked 
|  85|0x0000000085500000, 0x0000000085500000, 0x0000000085600000|  0%| F|  |TAMS 0x0000000085500000| PB 0x0000000085500000| Untracked 
|  86|0x0000000085600000, 0x0000000085600000, 0x0000000085700000|  0%| F|  |TAMS 0x0000000085600000| PB 0x0000000085600000| Untracked 
| 151|0x0000000089700000, 0x0000000089700000, 0x0000000089800000|  0%| F|  |TAMS 0x0000000089700000| PB 0x0000000089700000| Untracked 
| 152|0x0000000089800000, 0x0000000089800000, 0x0000000089900000|  0%| F|  |TAMS 0x0000000089800000| PB 0x0000000089800000| Untracked 
| 153|0x0000000089900000, 0x0000000089900000, 0x0000000089a00000|  0%| F|  |TAMS 0x0000000089900000| PB 0x0000000089900000| Untracked 
| 154|0x0000000089a00000, 0x0000000089a00000, 0x0000000089b00000|  0%| F|  |TAMS 0x0000000089a00000| PB 0x0000000089a00000| Untracked 
| 155|0x0000000089b00000, 0x0000000089b00000, 0x0000000089c00000|  0%| F|  |TAMS 0x0000000089b00000| PB 0x0000000089b00000| Untracked 
| 156|0x0000000089c00000, 0x0000000089c00000, 0x0000000089d00000|  0%| F|  |TAMS 0x0000000089c00000| PB 0x0000000089c00000| Untracked 
| 157|0x0000000089d00000, 0x0000000089d00000, 0x0000000089e00000|  0%| F|  |TAMS 0x0000000089d00000| PB 0x0000000089d00000| Untracked 
| 158|0x0000000089e00000, 0x0000000089e00000, 0x0000000089f00000|  0%| F|  |TAMS 0x0000000089e00000| PB 0x0000000089e00000| Untracked 
| 159|0x0000000089f00000, 0x0000000089f00000, 0x000000008a000000|  0%| F|  |TAMS 0x0000000089f00000| PB 0x0000000089f00000| Untracked 
| 160|0x000000008a000000, 0x000000008a000000, 0x000000008a100000|  0%| F|  |TAMS 0x000000008a000000| PB 0x000000008a000000| Untracked 
| 161|0x000000008a100000, 0x000000008a100000, 0x000000008a200000|  0%| F|  |TAMS 0x000000008a100000| PB 0x000000008a100000| Untracked 
| 162|0x000000008a200000, 0x000000008a200000, 0x000000008a300000|  0%| F|  |TAMS 0x000000008a200000| PB 0x000000008a200000| Untracked 
| 251|0x000000008fb00000, 0x000000008fb00000, 0x000000008fc00000|  0%| F|  |TAMS 0x000000008fb00000| PB 0x000000008fb00000| Untracked 
|2038|0x00000000ff600000, 0x00000000ff700000, 0x00000000ff700000|100%| O|  |TAMS 0x00000000ff700000| PB 0x00000000ff700000| Updating 
|2039|0x00000000ff700000, 0x00000000ff800000, 0x00000000ff800000|100%| O|  |TAMS 0x00000000ff800000| PB 0x00000000ff800000| Updating 
|2040|0x00000000ff800000, 0x00000000ff84c928, 0x00000000ff900000| 29%| E|  |TAMS 0x00000000ff800000| PB 0x00000000ff800000| Complete 
|2041|0x00000000ff900000, 0x00000000ffa00000, 0x00000000ffa00000|100%| O|  |TAMS 0x00000000ffa00000| PB 0x00000000ffa00000| Updating 
|2042|0x00000000ffa00000, 0x00000000ffb00000, 0x00000000ffb00000|100%| O|  |TAMS 0x00000000ffb00000| PB 0x00000000ffb00000| Updating 
|2043|0x00000000ffb00000, 0x00000000ffc00000, 0x00000000ffc00000|100%| O|  |TAMS 0x00000000ffc00000| PB 0x00000000ffc00000| Untracked 
|2044|0x00000000ffc00000, 0x00000000ffd00000, 0x00000000ffd00000|100%| O|  |TAMS 0x00000000ffd00000| PB 0x00000000ffd00000| Untracked 
|2045|0x00000000ffd00000, 0x00000000ffe00000, 0x00000000ffe00000|100%| O|  |TAMS 0x00000000ffe00000| PB 0x00000000ffe00000| Untracked 
|2046|0x00000000ffe00000, 0x00000000fff00000, 0x00000000fff00000|100%| O|  |TAMS 0x00000000fff00000| PB 0x00000000fff00000| Untracked 
|2047|0x00000000fff00000, 0x0000000100000000, 0x0000000100000000|100%| O|  |TAMS 0x0000000100000000| PB 0x0000000100000000| Untracked 

Card table byte_map: [0x000001b05b2a0000,0x000001b05b6a0000] _byte_map_base: 0x000001b05aea0000

Marking Bits: (CMBitMap*) 0x000001b0487980d0
 Bits: [0x000001b05b6a0000, 0x000001b05d6a0000)

Polling page: 0x000001b0465a0000

Metaspace:

Usage:
  Non-class:     64.16 MB used.
      Class:     11.12 MB used.
       Both:     75.28 MB used.

Virtual space:
  Non-class space:      128.00 MB reserved,      65.38 MB ( 51%) committed,  2 nodes.
      Class space:      416.00 MB reserved,      12.25 MB (  3%) committed,  1 nodes.
             Both:      544.00 MB reserved,      77.62 MB ( 14%) committed. 

Chunk freelists:
   Non-Class:  14.17 MB
       Class:  3.64 MB
        Both:  17.81 MB

MaxMetaspaceSize: 512.00 MB
CompressedClassSpaceSize: 416.00 MB
Initial GC threshold: 21.00 MB
Current GC threshold: 120.44 MB
CDS: on
 - commit_granule_bytes: 65536.
 - commit_granule_words: 8192.
 - virtual_space_node_default_size: 8388608.
 - enlarge_chunks_in_place: 1.
 - use_allocation_guard: 0.


Internal statistics:

num_allocs_failed_limit: 12.
num_arena_births: 4230.
num_arena_deaths: 0.
num_vsnodes_births: 3.
num_vsnodes_deaths: 0.
num_space_committed: 1242.
num_space_uncommitted: 0.
num_chunks_returned_to_freelist: 12.
num_chunks_taken_from_freelist: 8133.
num_chunk_merges: 9.
num_chunk_splits: 5217.
num_chunks_enlarged: 3143.
num_inconsistent_stats: 0.

CodeHeap 'non-profiled nmethods': size=120000Kb used=5079Kb max_used=5155Kb free=114920Kb
 bounds [0x000001b053410000, 0x000001b053920000, 0x000001b05a940000]
CodeHeap 'profiled nmethods': size=120000Kb used=17993Kb max_used=18536Kb free=102006Kb
 bounds [0x000001b04b940000, 0x000001b04cb60000, 0x000001b052e70000]
CodeHeap 'non-nmethods': size=5760Kb used=1964Kb max_used=1997Kb free=3795Kb
 bounds [0x000001b052e70000, 0x000001b0530e0000, 0x000001b053410000]
CodeCache: size=245760Kb, used=25036Kb, max_used=25688Kb, free=220721Kb
 total_blobs=10395, nmethods=9569, adapters=730, full_count=0
Compilation: enabled, stopped_count=0, restarted_count=0

Compilation events (20 events):
Event: 55.900 Thread 0x000001b0603d4190 11047       3       org.gradle.api.internal.artifacts.ivyservice.resolveengine.graph.builder.NodeState::sameIncomingEdgesAsPreviousPass (33 bytes)
Event: 55.901 Thread 0x000001b0603d4190 nmethod 11047 0x000001b04cb55c10 code [0x000001b04cb55dc0, 0x000001b04cb55f88]
Event: 55.901 Thread 0x000001b0603d4190 11048       1       org.gradle.api.internal.artifacts.ivyservice.ivyresolve.strategy.AbstractVersionSelector::canShortCircuitWhenVersionAlreadyPreselected (2 bytes)
Event: 55.901 Thread 0x000001b0603d4190 nmethod 11048 0x000001b053918310 code [0x000001b0539184a0, 0x000001b053918568]
Event: 55.902 Thread 0x000001b0603d4190 11049       1       com.google.common.collect.RegularImmutableList::internalArray (5 bytes)
Event: 55.902 Thread 0x000001b0603d4190 nmethod 11049 0x000001b053918610 code [0x000001b0539187a0, 0x000001b053918868]
Event: 55.902 Thread 0x000001b0603d4190 11050       1       com.google.common.collect.RegularImmutableList::internalArrayStart (2 bytes)
Event: 55.902 Thread 0x000001b0603d4190 nmethod 11050 0x000001b053918910 code [0x000001b053918aa0, 0x000001b053918b68]
Event: 55.902 Thread 0x000001b0603d4190 11051       3       org.gradle.api.internal.artifacts.ivyservice.resolveengine.graph.builder.ComponentState::getMetadata (14 bytes)
Event: 55.902 Thread 0x000001b0603d4190 nmethod 11051 0x000001b04cb56010 code [0x000001b04cb561c0, 0x000001b04cb56400]
Event: 55.904 Thread 0x000001b0603d4190 11052       3       java.lang.Long::compare (22 bytes)
Event: 55.904 Thread 0x000001b0603d4190 nmethod 11052 0x000001b04cb56510 code [0x000001b04cb566c0, 0x000001b04cb568a0]
Event: 55.904 Thread 0x000001b0603d4190 11053       3       org.gradle.api.internal.artifacts.ivyservice.resolveengine.graph.builder.NodeState::visitOwners (127 bytes)
Event: 55.905 Thread 0x000001b0603d4190 nmethod 11053 0x000001b04cb56910 code [0x000001b04cb56c40, 0x000001b04cb57ff8]
Event: 55.921 Thread 0x000001b0603d4190 11054       3       org.gradle.api.internal.artifacts.ivyservice.resolveengine.graph.builder.NodeState::joinEdgeAndNodeExclusionsThenCacheResult (33 bytes)
Event: 55.922 Thread 0x000001b0603d4190 nmethod 11054 0x000001b04cb58690 code [0x000001b04cb58840, 0x000001b04cb58b18]
Event: 55.922 Thread 0x000001b0603d4190 11055       3       org.gradle.api.internal.artifacts.ivyservice.resolveengine.graph.builder.NodeState::dependencies (94 bytes)
Event: 55.923 Thread 0x000001b0603d4190 nmethod 11055 0x000001b04cb58c90 code [0x000001b04cb58ee0, 0x000001b04cb598e0]
Event: 55.923 Thread 0x000001b0603d4190 11056       3       org.gradle.api.internal.artifacts.ivyservice.resolveengine.graph.builder.NodeState::getAllDependencies (10 bytes)
Event: 55.923 Thread 0x000001b0603d4190 nmethod 11056 0x000001b04cb59b90 code [0x000001b04cb59d40, 0x000001b04cb59f18]

GC Heap History (20 events):
Event: 36.296 GC heap before
{Heap before GC invocations=14 (full 0):
 garbage-first heap   total 102400K, used 84962K [0x0000000080000000, 0x0000000100000000)
  region size 1024K, 40 young (40960K), 7 survivors (7168K)
 Metaspace       used 58565K, committed 60608K, reserved 491520K
  class space    used 8577K, committed 9600K, reserved 425984K
}
Event: 36.307 GC heap after
{Heap after GC invocations=15 (full 0):
 garbage-first heap   total 102400K, used 54707K [0x0000000080000000, 0x0000000100000000)
  region size 1024K, 3 young (3072K), 3 survivors (3072K)
 Metaspace       used 58565K, committed 60608K, reserved 491520K
  class space    used 8577K, committed 9600K, reserved 425984K
}
Event: 37.504 GC heap before
{Heap before GC invocations=16 (full 0):
 garbage-first heap   total 102400K, used 90547K [0x0000000080000000, 0x0000000100000000)
  region size 1024K, 38 young (38912K), 3 survivors (3072K)
 Metaspace       used 61003K, committed 63040K, reserved 491520K
  class space    used 8932K, committed 9920K, reserved 425984K
}
Event: 37.511 GC heap after
{Heap after GC invocations=17 (full 0):
 garbage-first heap   total 102400K, used 56300K [0x0000000080000000, 0x0000000100000000)
  region size 1024K, 5 young (5120K), 5 survivors (5120K)
 Metaspace       used 61003K, committed 63040K, reserved 491520K
  class space    used 8932K, committed 9920K, reserved 425984K
}
Event: 38.735 GC heap before
{Heap before GC invocations=17 (full 0):
 garbage-first heap   total 102400K, used 91116K [0x0000000080000000, 0x0000000100000000)
  region size 1024K, 39 young (39936K), 5 survivors (5120K)
 Metaspace       used 63910K, committed 66048K, reserved 491520K
  class space    used 9428K, committed 10432K, reserved 425984K
}
Event: 38.746 GC heap after
{Heap after GC invocations=18 (full 0):
 garbage-first heap   total 102400K, used 57130K [0x0000000080000000, 0x0000000100000000)
  region size 1024K, 4 young (4096K), 4 survivors (4096K)
 Metaspace       used 63910K, committed 66048K, reserved 491520K
  class space    used 9428K, committed 10432K, reserved 425984K
}
Event: 40.033 GC heap before
{Heap before GC invocations=18 (full 0):
 garbage-first heap   total 102400K, used 91946K [0x0000000080000000, 0x0000000100000000)
  region size 1024K, 38 young (38912K), 4 survivors (4096K)
 Metaspace       used 65816K, committed 68032K, reserved 491520K
  class space    used 9727K, committed 10816K, reserved 425984K
}
Event: 40.040 GC heap after
{Heap after GC invocations=19 (full 0):
 garbage-first heap   total 102400K, used 58065K [0x0000000080000000, 0x0000000100000000)
  region size 1024K, 3 young (3072K), 3 survivors (3072K)
 Metaspace       used 65816K, committed 68032K, reserved 491520K
  class space    used 9727K, committed 10816K, reserved 425984K
}
Event: 41.305 GC heap before
{Heap before GC invocations=20 (full 0):
 garbage-first heap   total 102400K, used 93905K [0x0000000080000000, 0x0000000100000000)
  region size 1024K, 38 young (38912K), 3 survivors (3072K)
 Metaspace       used 67854K, committed 70016K, reserved 491520K
  class space    used 10042K, committed 11136K, reserved 425984K
}
Event: 41.314 GC heap after
{Heap after GC invocations=21 (full 0):
 garbage-first heap   total 102400K, used 60807K [0x0000000080000000, 0x0000000100000000)
  region size 1024K, 5 young (5120K), 5 survivors (5120K)
 Metaspace       used 67854K, committed 70016K, reserved 491520K
  class space    used 10042K, committed 11136K, reserved 425984K
}
Event: 43.546 GC heap before
{Heap before GC invocations=21 (full 0):
 garbage-first heap   total 102400K, used 94599K [0x0000000080000000, 0x0000000100000000)
  region size 1024K, 38 young (38912K), 5 survivors (5120K)
 Metaspace       used 69858K, committed 72064K, reserved 491520K
  class space    used 10272K, committed 11328K, reserved 425984K
}
Event: 43.561 GC heap after
{Heap after GC invocations=22 (full 0):
 garbage-first heap   total 106496K, used 64856K [0x0000000080000000, 0x0000000100000000)
  region size 1024K, 5 young (5120K), 5 survivors (5120K)
 Metaspace       used 69858K, committed 72064K, reserved 491520K
  class space    used 10272K, committed 11328K, reserved 425984K
}
Event: 45.391 GC heap before
{Heap before GC invocations=22 (full 0):
 garbage-first heap   total 106496K, used 96600K [0x0000000080000000, 0x0000000100000000)
  region size 1024K, 36 young (36864K), 5 survivors (5120K)
 Metaspace       used 71683K, committed 73920K, reserved 491520K
  class space    used 10558K, committed 11648K, reserved 425984K
}
Event: 45.403 GC heap after
{Heap after GC invocations=23 (full 0):
 garbage-first heap   total 106496K, used 67425K [0x0000000080000000, 0x0000000100000000)
  region size 1024K, 4 young (4096K), 4 survivors (4096K)
 Metaspace       used 71683K, committed 73920K, reserved 491520K
  class space    used 10558K, committed 11648K, reserved 425984K
}
Event: 47.530 GC heap before
{Heap before GC invocations=24 (full 0):
 garbage-first heap   total 112640K, used 97121K [0x0000000080000000, 0x0000000100000000)
  region size 1024K, 33 young (33792K), 4 survivors (4096K)
 Metaspace       used 74349K, committed 76736K, reserved 491520K
  class space    used 11031K, committed 12224K, reserved 425984K
}
Event: 47.540 GC heap after
{Heap after GC invocations=25 (full 0):
 garbage-first heap   total 112640K, used 70490K [0x0000000080000000, 0x0000000100000000)
  region size 1024K, 4 young (4096K), 4 survivors (4096K)
 Metaspace       used 74349K, committed 76736K, reserved 491520K
  class space    used 11031K, committed 12224K, reserved 425984K
}
Event: 52.715 GC heap before
{Heap before GC invocations=25 (full 0):
 garbage-first heap   total 112640K, used 100186K [0x0000000080000000, 0x0000000100000000)
  region size 1024K, 34 young (34816K), 4 survivors (4096K)
 Metaspace       used 75802K, committed 78208K, reserved 557056K
  class space    used 11238K, committed 12416K, reserved 425984K
}
Event: 52.727 GC heap after
{Heap after GC invocations=26 (full 0):
 garbage-first heap   total 112640K, used 73228K [0x0000000080000000, 0x0000000100000000)
  region size 1024K, 5 young (5120K), 5 survivors (5120K)
 Metaspace       used 75802K, committed 78208K, reserved 557056K
  class space    used 11238K, committed 12416K, reserved 425984K
}
Event: 55.923 GC heap before
{Heap before GC invocations=26 (full 0):
 garbage-first heap   total 112640K, used 99852K [0x0000000080000000, 0x0000000100000000)
  region size 1024K, 32 young (32768K), 5 survivors (5120K)
 Metaspace       used 77082K, committed 79488K, reserved 557056K
  class space    used 11383K, committed 12544K, reserved 425984K
}
Event: 55.934 GC heap after
{Heap after GC invocations=27 (full 0):
 garbage-first heap   total 112640K, used 77801K [0x0000000080000000, 0x0000000100000000)
  region size 1024K, 4 young (4096K), 4 survivors (4096K)
 Metaspace       used 77082K, committed 79488K, reserved 557056K
  class space    used 11383K, committed 12544K, reserved 425984K
}

Dll operation events (14 events):
Event: 0.011 Loaded shared library C:\Users\Rohit\.vscode\extensions\redhat.java-1.54.2026032008-win32-x64\jre\21.0.10-win32-x86_64\bin\java.dll
Event: 0.063 Loaded shared library C:\Users\Rohit\.vscode\extensions\redhat.java-1.54.2026032008-win32-x64\jre\21.0.10-win32-x86_64\bin\zip.dll
Event: 0.078 Loaded shared library C:\Users\Rohit\.vscode\extensions\redhat.java-1.54.2026032008-win32-x64\jre\21.0.10-win32-x86_64\bin\instrument.dll
Event: 0.082 Loaded shared library C:\Users\Rohit\.vscode\extensions\redhat.java-1.54.2026032008-win32-x64\jre\21.0.10-win32-x86_64\bin\net.dll
Event: 0.084 Loaded shared library C:\Users\Rohit\.vscode\extensions\redhat.java-1.54.2026032008-win32-x64\jre\21.0.10-win32-x86_64\bin\nio.dll
Event: 0.087 Loaded shared library C:\Users\Rohit\.vscode\extensions\redhat.java-1.54.2026032008-win32-x64\jre\21.0.10-win32-x86_64\bin\zip.dll
Event: 0.594 Loaded shared library C:\Users\Rohit\.vscode\extensions\redhat.java-1.54.2026032008-win32-x64\jre\21.0.10-win32-x86_64\bin\jimage.dll
Event: 1.026 Loaded shared library C:\Users\Rohit\.vscode\extensions\redhat.java-1.54.2026032008-win32-x64\jre\21.0.10-win32-x86_64\bin\verify.dll
Event: 1.056 Loaded shared library C:\Users\Rohit\.gradle\native\1def1411415f61bf3af743bc5b6707747c0891f09f0c88961ee8f79bc544acac\windows-amd64\native-platform.dll
Event: 1.072 Loaded shared library C:\Users\Rohit\.gradle\native\0.2.8\x86_64-windows-gnu\gradle-fileevents.dll
Event: 2.392 Loaded shared library C:\Users\Rohit\.vscode\extensions\redhat.java-1.54.2026032008-win32-x64\jre\21.0.10-win32-x86_64\bin\management.dll
Event: 2.395 Loaded shared library C:\Users\Rohit\.vscode\extensions\redhat.java-1.54.2026032008-win32-x64\jre\21.0.10-win32-x86_64\bin\management_ext.dll
Event: 2.617 Loaded shared library C:\Users\Rohit\.vscode\extensions\redhat.java-1.54.2026032008-win32-x64\jre\21.0.10-win32-x86_64\bin\extnet.dll
Event: 3.501 Loaded shared library C:\Users\Rohit\.vscode\extensions\redhat.java-1.54.2026032008-win32-x64\jre\21.0.10-win32-x86_64\bin\sunmscapi.dll

Deoptimization events (20 events):
Event: 52.979 Thread 0x000001b001122630 DEOPT PACKING pc=0x000001b05375efe8 sp=0x00000095b89f8e30
Event: 52.979 Thread 0x000001b001122630 DEOPT UNPACKING pc=0x000001b052ec4422 sp=0x00000095b89f8d78 mode 2
Event: 53.008 Thread 0x000001b001122630 Uncommon trap: trap_request=0xffffffde fr.pc=0x000001b053656c64 relative=0x0000000000005324
Event: 53.008 Thread 0x000001b001122630 Uncommon trap: reason=class_check action=maybe_recompile pc=0x000001b053656c64 method=jdk.internal.reflect.Reflection.filterMethods(Ljava/lang/Class;[Ljava/lang/reflect/Method;)[Ljava/lang/reflect/Method; @ 13 c2
Event: 53.008 Thread 0x000001b001122630 DEOPT PACKING pc=0x000001b053656c64 sp=0x00000095b89fa490
Event: 53.008 Thread 0x000001b001122630 DEOPT UNPACKING pc=0x000001b052ec4422 sp=0x00000095b89fa338 mode 2
Event: 53.021 Thread 0x000001b001122630 DEOPT PACKING pc=0x000001b04ca6f99d sp=0x00000095b89f8fc0
Event: 53.021 Thread 0x000001b001122630 DEOPT UNPACKING pc=0x000001b052ec4bc2 sp=0x00000095b89f84f8 mode 0
Event: 53.052 Thread 0x000001b001122630 Uncommon trap: trap_request=0xffffff45 fr.pc=0x000001b0538a3b44 relative=0x0000000000001104
Event: 53.052 Thread 0x000001b001122630 Uncommon trap: reason=unstable_if action=reinterpret pc=0x000001b0538a3b44 method=com.google.common.collect.RegularImmutableMap.checkNoConflictInKeyBucket(Ljava/lang/Object;Ljava/lang/Object;Lcom/google/common/collect/ImmutableMapEntry;Z)Lcom/google/commo
Event: 53.052 Thread 0x000001b001122630 DEOPT PACKING pc=0x000001b0538a3b44 sp=0x00000095b89fa930
Event: 53.052 Thread 0x000001b001122630 DEOPT UNPACKING pc=0x000001b052ec4422 sp=0x00000095b89fa798 mode 2
Event: 53.052 Thread 0x000001b001122630 Uncommon trap: trap_request=0xffffff45 fr.pc=0x000001b053764680 relative=0x00000000000000e0
Event: 53.052 Thread 0x000001b001122630 Uncommon trap: reason=unstable_if action=reinterpret pc=0x000001b053764680 method=com.google.common.collect.RegularImmutableMap.checkNoConflictInKeyBucket(Ljava/lang/Object;Ljava/lang/Object;Lcom/google/common/collect/ImmutableMapEntry;Z)Lcom/google/commo
Event: 53.052 Thread 0x000001b001122630 DEOPT PACKING pc=0x000001b053764680 sp=0x00000095b89fa7f0
Event: 53.052 Thread 0x000001b001122630 DEOPT UNPACKING pc=0x000001b052ec4422 sp=0x00000095b89fa798 mode 2
Event: 53.052 Thread 0x000001b001122630 Uncommon trap: trap_request=0xffffffde fr.pc=0x000001b0538c050c relative=0x000000000000014c
Event: 53.052 Thread 0x000001b001122630 Uncommon trap: reason=class_check action=maybe_recompile pc=0x000001b0538c050c method=com.google.common.collect.RegularImmutableMap.makeImmutable(Ljava/util/Map$Entry;Ljava/lang/Object;Ljava/lang/Object;)Lcom/google/common/collect/ImmutableMapEntry; @ 8 c
Event: 53.052 Thread 0x000001b001122630 DEOPT PACKING pc=0x000001b0538c050c sp=0x00000095b89fa690
Event: 53.052 Thread 0x000001b001122630 DEOPT UNPACKING pc=0x000001b052ec4422 sp=0x00000095b89fa620 mode 2

Classes loaded (20 events):
Event: 52.930 Loading class sun/reflect/generics/repository/FieldRepository
Event: 52.930 Loading class sun/reflect/generics/repository/FieldRepository done
Event: 52.944 Loading class jdk/internal/vm/annotation/ForceInline
Event: 52.944 Loading class jdk/internal/vm/annotation/ForceInline done
Event: 52.962 Loading class java/util/AbstractMap$2
Event: 52.962 Loading class java/util/AbstractMap$2 done
Event: 52.962 Loading class java/util/AbstractMap$2$1
Event: 52.962 Loading class java/util/AbstractMap$2$1 done
Event: 53.334 Loading class java/util/AbstractCollectionBeanInfo
Event: 53.334 Loading class java/util/AbstractCollectionBeanInfo done
Event: 53.334 Loading class java/util/AbstractCollectionBeanInfo
Event: 53.334 Loading class java/util/AbstractCollectionBeanInfo done
Event: 53.334 Loading class java/util/AbstractCollectionCustomizer
Event: 53.334 Loading class java/util/AbstractCollectionCustomizer done
Event: 53.335 Loading class java/util/AbstractCollectionCustomizer
Event: 53.335 Loading class java/util/AbstractCollectionCustomizer done
Event: 55.476 Loading class java/util/Collections$ReverseComparator
Event: 55.476 Loading class java/util/Collections$ReverseComparator done
Event: 55.476 Loading class java/util/Collections$ReverseComparator2
Event: 55.476 Loading class java/util/Collections$ReverseComparator2 done

Classes unloaded (0 events):
No events

Classes redefined (0 events):
No events

Internal exceptions (20 events):
Event: 53.300 Thread 0x000001b001122630 Exception <a 'java/lang/ClassNotFoundException'{0x0000000089860008}: org/gradle/api/internal/initialization/DefaultScriptHandlerCustomizer> (0x0000000089860008) 
thrown [s\src\hotspot\share\classfile\systemDictionary.cpp, line 312]
Event: 53.302 Thread 0x000001b001122630 Exception <a 'java/lang/ClassNotFoundException'{0x0000000089880018}: org/gradle/api/internal/initialization/DefaultScriptHandler_DecoratedCustomizer> (0x0000000089880018) 
thrown [s\src\hotspot\share\classfile\systemDictionary.cpp, line 312]
Event: 53.326 Thread 0x000001b001122630 Exception <a 'java/lang/ClassNotFoundException'{0x00000000897439b8}: org/gradle/api/internal/artifacts/dsl/DefaultRepositoryHandler_DecoratedBeanInfo> (0x00000000897439b8) 
thrown [s\src\hotspot\share\classfile\systemDictionary.cpp, line 312]
Event: 53.327 Thread 0x000001b001122630 Exception <a 'java/lang/ClassNotFoundException'{0x000000008975b858}: org/gradle/api/internal/artifacts/dsl/DefaultRepositoryHandlerBeanInfo> (0x000000008975b858) 
thrown [s\src\hotspot\share\classfile\systemDictionary.cpp, line 312]
Event: 53.330 Thread 0x000001b001122630 Exception <a 'java/lang/ClassNotFoundException'{0x0000000089773a58}: org/gradle/api/internal/artifacts/DefaultArtifactRepositoryContainerBeanInfo> (0x0000000089773a58) 
thrown [s\src\hotspot\share\classfile\systemDictionary.cpp, line 312]
Event: 53.331 Thread 0x000001b001122630 Exception <a 'java/lang/ClassNotFoundException'{0x0000000089788f70}: org/gradle/api/internal/DefaultNamedDomainObjectListBeanInfo> (0x0000000089788f70) 
thrown [s\src\hotspot\share\classfile\systemDictionary.cpp, line 312]
Event: 53.333 Thread 0x000001b001122630 Exception <a 'java/lang/ClassNotFoundException'{0x000000008979e9e0}: org/gradle/api/internal/DefaultNamedDomainObjectCollectionBeanInfo> (0x000000008979e9e0) 
thrown [s\src\hotspot\share\classfile\systemDictionary.cpp, line 312]
Event: 53.334 Thread 0x000001b001122630 Exception <a 'java/lang/ClassNotFoundException'{0x00000000897b3ef0}: org/gradle/api/internal/DefaultDomainObjectCollectionBeanInfo> (0x00000000897b3ef0) 
thrown [s\src\hotspot\share\classfile\systemDictionary.cpp, line 312]
Event: 53.334 Thread 0x000001b001122630 Exception <a 'java/lang/ClassNotFoundException'{0x00000000897bbdf0}: java/util/AbstractCollectionBeanInfo> (0x00000000897bbdf0) 
thrown [s\src\hotspot\share\classfile\systemDictionary.cpp, line 312]
Event: 53.335 Thread 0x000001b001122630 Exception <a 'java/lang/ClassNotFoundException'{0x00000000897c3cb8}: java/util/AbstractCollectionCustomizer> (0x00000000897c3cb8) 
thrown [s\src\hotspot\share\classfile\systemDictionary.cpp, line 312]
Event: 53.337 Thread 0x000001b001122630 Exception <a 'java/lang/ClassNotFoundException'{0x00000000897eafb0}: org/gradle/api/internal/DefaultDomainObjectCollectionCustomizer> (0x00000000897eafb0) 
thrown [s\src\hotspot\share\classfile\systemDictionary.cpp, line 312]
Event: 53.343 Thread 0x000001b001122630 Exception <a 'java/lang/ClassNotFoundException'{0x000000008563ac30}: org/gradle/api/internal/DefaultNamedDomainObjectCollectionCustomizer> (0x000000008563ac30) 
thrown [s\src\hotspot\share\classfile\systemDictionary.cpp, line 312]
Event: 53.349 Thread 0x000001b001122630 Exception <a 'java/lang/ClassNotFoundException'{0x0000000085694ba8}: org/gradle/api/internal/DefaultNamedDomainObjectListCustomizer> (0x0000000085694ba8) 
thrown [s\src\hotspot\share\classfile\systemDictionary.cpp, line 312]
Event: 53.361 Thread 0x000001b001122630 Exception <a 'java/lang/ClassNotFoundException'{0x0000000085528b00}: org/gradle/api/internal/artifacts/DefaultArtifactRepositoryContainerCustomizer> (0x0000000085528b00) 
thrown [s\src\hotspot\share\classfile\systemDictionary.cpp, line 312]
Event: 53.381 Thread 0x000001b001122630 Exception <a 'java/lang/ClassNotFoundException'{0x00000000855caed0}: org/gradle/api/internal/artifacts/dsl/DefaultRepositoryHandlerCustomizer> (0x00000000855caed0) 
thrown [s\src\hotspot\share\classfile\systemDictionary.cpp, line 312]
Event: 53.398 Thread 0x000001b001122630 Exception <a 'java/lang/ClassNotFoundException'{0x00000000854994e8}: org/gradle/api/internal/artifacts/dsl/DefaultRepositoryHandler_DecoratedCustomizer> (0x00000000854994e8) 
thrown [s\src\hotspot\share\classfile\systemDictionary.cpp, line 312]
Event: 53.418 Thread 0x000001b001122630 Exception <a 'java/lang/ClassNotFoundException'{0x0000000085335eb8}: org/gradle/api/internal/artifacts/dsl/dependencies/DefaultDependencyHandler_DecoratedBeanInfo> (0x0000000085335eb8) 
thrown [s\src\hotspot\share\classfile\systemDictionary.cpp, line 312]
Event: 53.420 Thread 0x000001b001122630 Exception <a 'java/lang/ClassNotFoundException'{0x000000008534e4a8}: org/gradle/api/internal/artifacts/dsl/dependencies/DefaultDependencyHandlerBeanInfo> (0x000000008534e4a8) 
thrown [s\src\hotspot\share\classfile\systemDictionary.cpp, line 312]
Event: 53.423 Thread 0x000001b001122630 Exception <a 'java/lang/ClassNotFoundException'{0x0000000085365a38}: org/gradle/api/internal/artifacts/dsl/dependencies/DefaultDependencyHandlerCustomizer> (0x0000000085365a38) 
thrown [s\src\hotspot\share\classfile\systemDictionary.cpp, line 312]
Event: 53.428 Thread 0x000001b001122630 Exception <a 'java/lang/ClassNotFoundException'{0x00000000853bed50}: org/gradle/api/internal/artifacts/dsl/dependencies/DefaultDependencyHandler_DecoratedCustomizer> (0x00000000853bed50) 
thrown [s\src\hotspot\share\classfile\systemDictionary.cpp, line 312]

ZGC Phase Switch (0 events):
No events

VM Operations (20 events):
Event: 48.591 Executing non-safepoint VM operation: HandshakeAllThreads (Deoptimize) done
Event: 49.599 Executing safepoint VM operation: Cleanup
Event: 49.599 Executing safepoint VM operation: Cleanup done
Event: 49.777 Executing non-safepoint VM operation: HandshakeAllThreads (Deoptimize)
Event: 49.777 Executing non-safepoint VM operation: HandshakeAllThreads (Deoptimize) done
Event: 50.784 Executing safepoint VM operation: Cleanup
Event: 50.784 Executing safepoint VM operation: Cleanup done
Event: 51.786 Executing safepoint VM operation: Cleanup
Event: 51.787 Executing safepoint VM operation: Cleanup done
Event: 52.715 Executing safepoint VM operation: G1CollectForAllocation (G1 Evacuation Pause)
Event: 52.727 Executing safepoint VM operation: G1CollectForAllocation (G1 Evacuation Pause) done
Event: 53.491 Executing non-safepoint VM operation: HandshakeAllThreads (Deoptimize)
Event: 53.491 Executing non-safepoint VM operation: HandshakeAllThreads (Deoptimize) done
Event: 54.503 Executing safepoint VM operation: Cleanup
Event: 54.503 Executing safepoint VM operation: Cleanup done
Event: 55.517 Executing safepoint VM operation: Cleanup
Event: 55.517 Executing safepoint VM operation: Cleanup done
Event: 55.923 Executing safepoint VM operation: G1CollectForAllocation (G1 Evacuation Pause)
Event: 55.935 Executing safepoint VM operation: G1CollectForAllocation (G1 Evacuation Pause) done
Event: 55.985 Executing safepoint VM operation: G1PauseRemark

Memory protections (0 events):
No events

Nmethod flushes (20 events):
Event: 55.994 Thread 0x000001b060309230 flushing  nmethod 0x000001b04c5f5f10
Event: 55.994 Thread 0x000001b060309230 flushing  nmethod 0x000001b04c690d10
Event: 55.994 Thread 0x000001b060309230 flushing  nmethod 0x000001b04b949390
Event: 55.994 Thread 0x000001b060309230 flushing  nmethod 0x000001b04b94ec10
Event: 55.994 Thread 0x000001b060309230 flushing  nmethod 0x000001b04b9c8490
Event: 55.994 Thread 0x000001b060309230 flushing  nmethod 0x000001b04b9f6f10
Event: 55.994 Thread 0x000001b060309230 flushing  nmethod 0x000001b04b9f9d90
Event: 55.994 Thread 0x000001b060309230 flushing  nmethod 0x000001b04ba22a90
Event: 55.994 Thread 0x000001b060309230 flushing  nmethod 0x000001b04bb3cf90
Event: 55.994 Thread 0x000001b060309230 flushing  nmethod 0x000001b04bc35490
Event: 55.994 Thread 0x000001b060309230 flushing  nmethod 0x000001b04bc38110
Event: 55.994 Thread 0x000001b060309230 flushing  nmethod 0x000001b04bc6c490
Event: 55.994 Thread 0x000001b060309230 flushing  nmethod 0x000001b04be41690
Event: 55.994 Thread 0x000001b060309230 flushing  nmethod 0x000001b04c171590
Event: 55.994 Thread 0x000001b060309230 flushing  nmethod 0x000001b04c172410
Event: 55.994 Thread 0x000001b060309230 flushing  nmethod 0x000001b04c1a2410
Event: 55.994 Thread 0x000001b060309230 flushing  nmethod 0x000001b04c1e7410
Event: 55.994 Thread 0x000001b060309230 flushing  nmethod 0x000001b04c1ea310
Event: 55.994 Thread 0x000001b060309230 flushing  nmethod 0x000001b04c528210
Event: 55.994 Thread 0x000001b060309230 flushing  nmethod 0x000001b04c58d210

Events (20 events):
Event: 49.681 Thread 0x000001b001122630 Thread added: 0x000001b003fa1ba0
Event: 49.682 Thread 0x000001b001122630 Thread added: 0x000001b003fa0e80
Event: 49.683 Thread 0x000001b001122630 Thread added: 0x000001b003fa2230
Event: 49.686 Thread 0x000001b001122630 Thread added: 0x000001b003fa1510
Event: 49.689 Thread 0x000001b001122630 Thread added: 0x000001b003fa07f0
Event: 49.690 Thread 0x000001b001122630 Thread added: 0x000001b003fa28c0
Event: 49.691 Thread 0x000001b001122630 Thread added: 0x000001b003fa2f50
Event: 49.860 Thread 0x000001b001122630 Thread added: 0x000001b003f9fad0
Event: 49.861 Thread 0x000001b001122630 Thread added: 0x000001b003399e00
Event: 49.862 Thread 0x000001b001122630 Thread added: 0x000001b0033983c0
Event: 49.864 Thread 0x000001b001122630 Thread added: 0x000001b003398a50
Event: 49.865 Thread 0x000001b001122630 Thread added: 0x000001b0033976a0
Event: 49.867 Thread 0x000001b001122630 Thread added: 0x000001b003397d30
Event: 49.868 Thread 0x000001b001122630 Thread added: 0x000001b003396980
Event: 49.868 Thread 0x000001b001122630 Thread added: 0x000001b0033990e0
Event: 49.871 Thread 0x000001b001122630 Thread added: 0x000001b00339a490
Event: 49.871 Thread 0x000001b001122630 Thread added: 0x000001b003399770
Event: 49.872 Thread 0x000001b001122630 Thread added: 0x000001b003397010
Event: 50.975 Thread 0x000001b001122630 Thread added: 0x000001b00339ab20
Event: 53.141 Thread 0x000001b001122630 Thread added: 0x000001b00339dfa0


Dynamic libraries:
0x00007ff69ab40000 - 0x00007ff69ab4e000 	C:\Users\Rohit\.vscode\extensions\redhat.java-1.54.2026032008-win32-x64\jre\21.0.10-win32-x86_64\bin\java.exe
0x00007ffaa0340000 - 0x00007ffaa05a7000 	C:\WINDOWS\SYSTEM32\ntdll.dll
0x00007ffa9e0e0000 - 0x00007ffa9e1a9000 	C:\WINDOWS\System32\KERNEL32.DLL
0x00007ffa9dcb0000 - 0x00007ffa9e0a1000 	C:\WINDOWS\System32\KERNELBASE.dll
0x00007ffa9d110000 - 0x00007ffa9d25b000 	C:\WINDOWS\System32\ucrtbase.dll
0x00007ffa7b7a0000 - 0x00007ffa7b7be000 	C:\Users\Rohit\.vscode\extensions\redhat.java-1.54.2026032008-win32-x64\jre\21.0.10-win32-x86_64\bin\VCRUNTIME140.dll
0x00007ffa229a0000 - 0x00007ffa229b8000 	C:\Users\Rohit\.vscode\extensions\redhat.java-1.54.2026032008-win32-x64\jre\21.0.10-win32-x86_64\bin\jli.dll
0x00007ffa9e930000 - 0x00007ffa9eaf5000 	C:\WINDOWS\System32\USER32.dll
0x00007ffa9e0b0000 - 0x00007ffa9e0d7000 	C:\WINDOWS\System32\win32u.dll
0x00007ffa7c6e0000 - 0x00007ffa7c973000 	C:\WINDOWS\WinSxS\amd64_microsoft.windows.common-controls_6595b64144ccf1df_6.0.26100.8037_none_3e092faae333b53b\COMCTL32.dll
0x00007ffa9e1b0000 - 0x00007ffa9e1db000 	C:\WINDOWS\System32\GDI32.dll
0x00007ffa9eb00000 - 0x00007ffa9eba9000 	C:\WINDOWS\System32\msvcrt.dll
0x00007ffa9d260000 - 0x00007ffa9d38b000 	C:\WINDOWS\System32\gdi32full.dll
0x00007ffa9d390000 - 0x00007ffa9d433000 	C:\WINDOWS\System32\msvcp_win.dll
0x00007ffa9e2d0000 - 0x00007ffa9e301000 	C:\WINDOWS\System32\IMM32.DLL
0x00007ffa6e7c0000 - 0x00007ffa6e7cc000 	C:\Users\Rohit\.vscode\extensions\redhat.java-1.54.2026032008-win32-x64\jre\21.0.10-win32-x86_64\bin\vcruntime140_1.dll
0x00007ffa20190000 - 0x00007ffa2021d000 	C:\Users\Rohit\.vscode\extensions\redhat.java-1.54.2026032008-win32-x64\jre\21.0.10-win32-x86_64\bin\msvcp140.dll
0x00007ff9e5830000 - 0x00007ff9e65d1000 	C:\Users\Rohit\.vscode\extensions\redhat.java-1.54.2026032008-win32-x64\jre\21.0.10-win32-x86_64\bin\server\jvm.dll
0x00007ffa9e210000 - 0x00007ffa9e2cb000 	C:\WINDOWS\System32\ADVAPI32.dll
0x00007ffa9e680000 - 0x00007ffa9e727000 	C:\WINDOWS\System32\sechost.dll
0x00007ffa9e3d0000 - 0x00007ffa9e4e8000 	C:\WINDOWS\System32\RPCRT4.dll
0x00007ffa9f6d0000 - 0x00007ffa9f744000 	C:\WINDOWS\System32\WS2_32.dll
0x00007ffa9c370000 - 0x00007ffa9c3ce000 	C:\WINDOWS\SYSTEM32\POWRPROF.dll
0x00007ffa8ae30000 - 0x00007ffa8ae65000 	C:\WINDOWS\SYSTEM32\WINMM.dll
0x00007ffa93750000 - 0x00007ffa9375b000 	C:\WINDOWS\SYSTEM32\VERSION.dll
0x00007ffa9c350000 - 0x00007ffa9c364000 	C:\WINDOWS\SYSTEM32\UMPDC.dll
0x00007ffa9b9b0000 - 0x00007ffa9b9cb000 	C:\WINDOWS\SYSTEM32\kernel.appcore.dll
0x00007ffa64c30000 - 0x00007ffa64c3a000 	C:\Users\Rohit\.vscode\extensions\redhat.java-1.54.2026032008-win32-x64\jre\21.0.10-win32-x86_64\bin\jimage.dll
0x00007ffa9a640000 - 0x00007ffa9a882000 	C:\WINDOWS\SYSTEM32\DBGHELP.DLL
0x00007ffa9ebb0000 - 0x00007ffa9ef32000 	C:\WINDOWS\System32\combase.dll
0x00007ffa9e840000 - 0x00007ffa9e917000 	C:\WINDOWS\System32\OLEAUT32.dll
0x00007ffa79d60000 - 0x00007ffa79d9b000 	C:\WINDOWS\SYSTEM32\dbgcore.DLL
0x00007ffa9cc20000 - 0x00007ffa9ccc5000 	C:\WINDOWS\System32\bcryptPrimitives.dll
0x00007ffa92ec0000 - 0x00007ffa92ecf000 	C:\Users\Rohit\.vscode\extensions\redhat.java-1.54.2026032008-win32-x64\jre\21.0.10-win32-x86_64\bin\instrument.dll
0x00007ffa20170000 - 0x00007ffa20190000 	C:\Users\Rohit\.vscode\extensions\redhat.java-1.54.2026032008-win32-x64\jre\21.0.10-win32-x86_64\bin\java.dll
0x00007ffa9ef60000 - 0x00007ffa9f6bf000 	C:\WINDOWS\System32\SHELL32.dll
0x00007ffa9ccd0000 - 0x00007ffa9ce3a000 	C:\WINDOWS\System32\wintypes.dll
0x00007ffa9d440000 - 0x00007ffa9dca4000 	C:\WINDOWS\System32\windows.storage.dll
0x00007ffa9e4f0000 - 0x00007ffa9e5e7000 	C:\WINDOWS\System32\SHCORE.dll
0x00007ffa9e7d0000 - 0x00007ffa9e837000 	C:\WINDOWS\System32\shlwapi.dll
0x00007ffa9cb40000 - 0x00007ffa9cb69000 	C:\WINDOWS\SYSTEM32\profapi.dll
0x00007ffa20150000 - 0x00007ffa20168000 	C:\Users\Rohit\.vscode\extensions\redhat.java-1.54.2026032008-win32-x64\jre\21.0.10-win32-x86_64\bin\zip.dll
0x00007ffa61b70000 - 0x00007ffa61b80000 	C:\Users\Rohit\.vscode\extensions\redhat.java-1.54.2026032008-win32-x64\jre\21.0.10-win32-x86_64\bin\net.dll
0x00007ffa94910000 - 0x00007ffa94a37000 	C:\WINDOWS\SYSTEM32\WINHTTP.dll
0x00007ffa9bf90000 - 0x00007ffa9bffb000 	C:\WINDOWS\system32\mswsock.dll
0x00007ffa20130000 - 0x00007ffa20146000 	C:\Users\Rohit\.vscode\extensions\redhat.java-1.54.2026032008-win32-x64\jre\21.0.10-win32-x86_64\bin\nio.dll
0x00007ffa92eb0000 - 0x00007ffa92ec0000 	C:\Users\Rohit\.vscode\extensions\redhat.java-1.54.2026032008-win32-x64\jre\21.0.10-win32-x86_64\bin\verify.dll
0x00007ffa4fde0000 - 0x00007ffa4fe07000 	C:\Users\Rohit\.gradle\native\1def1411415f61bf3af743bc5b6707747c0891f09f0c88961ee8f79bc544acac\windows-amd64\native-platform.dll
0x00007ffa238b0000 - 0x00007ffa23927000 	C:\Users\Rohit\.gradle\native\0.2.8\x86_64-windows-gnu\gradle-fileevents.dll
0x00007ffa60c60000 - 0x00007ffa60c6a000 	C:\Users\Rohit\.vscode\extensions\redhat.java-1.54.2026032008-win32-x64\jre\21.0.10-win32-x86_64\bin\management.dll
0x00007ffa4fda0000 - 0x00007ffa4fdac000 	C:\Users\Rohit\.vscode\extensions\redhat.java-1.54.2026032008-win32-x64\jre\21.0.10-win32-x86_64\bin\management_ext.dll
0x00007ffa9e740000 - 0x00007ffa9e748000 	C:\WINDOWS\System32\PSAPI.DLL
0x00007ffa9b450000 - 0x00007ffa9b483000 	C:\WINDOWS\SYSTEM32\IPHLPAPI.DLL
0x00007ffa9e730000 - 0x00007ffa9e73a000 	C:\WINDOWS\System32\NSI.dll
0x00007ffa94630000 - 0x00007ffa94639000 	C:\Users\Rohit\.vscode\extensions\redhat.java-1.54.2026032008-win32-x64\jre\21.0.10-win32-x86_64\bin\extnet.dll
0x00007ffa9c2a0000 - 0x00007ffa9c2bb000 	C:\WINDOWS\SYSTEM32\CRYPTSP.dll
0x00007ffa9b910000 - 0x00007ffa9b949000 	C:\WINDOWS\system32\rsaenh.dll
0x00007ffa9c040000 - 0x00007ffa9c072000 	C:\WINDOWS\SYSTEM32\USERENV.dll
0x00007ffa9cb10000 - 0x00007ffa9cb3a000 	C:\WINDOWS\SYSTEM32\bcrypt.dll
0x00007ffa9c290000 - 0x00007ffa9c29c000 	C:\WINDOWS\SYSTEM32\CRYPTBASE.dll
0x00007ffa4ed30000 - 0x00007ffa4ed3e000 	C:\Users\Rohit\.vscode\extensions\redhat.java-1.54.2026032008-win32-x64\jre\21.0.10-win32-x86_64\bin\sunmscapi.dll
0x00007ffa9ced0000 - 0x00007ffa9d047000 	C:\WINDOWS\System32\CRYPT32.dll
0x00007ffa9c540000 - 0x00007ffa9c570000 	C:\WINDOWS\SYSTEM32\ncrypt.dll
0x00007ffa9c4f0000 - 0x00007ffa9c52f000 	C:\WINDOWS\SYSTEM32\NTASN1.dll
0x00007ffa79d20000 - 0x00007ffa79d28000 	C:\WINDOWS\system32\wshunix.dll

JVMTI agents:
C:\Users\Rohit\.gradle\wrapper\dists\gradle-9.0.0-bin\d6wjpkvcgsg3oed0qlfss3wgl\gradle-9.0.0\lib\agents\gradle-instrumentation-agent-9.0.0.jar path:C:\Users\Rohit\.vscode\extensions\redhat.java-1.54.2026032008-win32-x64\jre\21.0.10-win32-x86_64\bin\instrument.dll, loaded, initialized, instrumentlib options:none

dbghelp: loaded successfully - version: 4.0.5 - missing functions: none
symbol engine: initialized successfully - sym options: 0x614 - pdb path: .;C:\Users\Rohit\.vscode\extensions\redhat.java-1.54.2026032008-win32-x64\jre\21.0.10-win32-x86_64\bin;C:\WINDOWS\SYSTEM32;C:\WINDOWS\WinSxS\amd64_microsoft.windows.common-controls_6595b64144ccf1df_6.0.26100.8037_none_3e092faae333b53b;C:\Users\Rohit\.vscode\extensions\redhat.java-1.54.2026032008-win32-x64\jre\21.0.10-win32-x86_64\bin\server;C:\Users\Rohit\.gradle\native\1def1411415f61bf3af743bc5b6707747c0891f09f0c88961ee8f79bc544acac\windows-amd64;C:\Users\Rohit\.gradle\native\0.2.8\x86_64-windows-gnu

VM Arguments:
jvm_args: --add-opens=java.base/java.lang=ALL-UNNAMED --add-opens=java.base/java.lang.invoke=ALL-UNNAMED --add-opens=java.base/java.util=ALL-UNNAMED --add-opens=java.prefs/java.util.prefs=ALL-UNNAMED --add-exports=jdk.compiler/com.sun.tools.javac.api=ALL-UNNAMED --add-exports=jdk.compiler/com.sun.tools.javac.util=ALL-UNNAMED --add-opens=java.base/java.util=ALL-UNNAMED --add-opens=java.prefs/java.util.prefs=ALL-UNNAMED --add-opens=java.base/java.nio.charset=ALL-UNNAMED --add-opens=java.base/java.net=ALL-UNNAMED --add-opens=java.base/java.util.concurrent=ALL-UNNAMED --add-opens=java.base/java.util.concurrent.atomic=ALL-UNNAMED --add-opens=java.xml/javax.xml.namespace=ALL-UNNAMED -XX:MaxMetaspaceSize=512m -Xmx2048m -Dfile.encoding=UTF-8 -Duser.country=IN -Duser.language=en -Duser.variant -javaagent:C:\Users\Rohit\.gradle\wrapper\dists\gradle-9.0.0-bin\d6wjpkvcgsg3oed0qlfss3wgl\gradle-9.0.0\lib\agents\gradle-instrumentation-agent-9.0.0.jar 
java_command: org.gradle.launcher.daemon.bootstrap.GradleDaemon 9.0.0
java_class_path (initial): C:\Users\Rohit\.gradle\wrapper\dists\gradle-9.0.0-bin\d6wjpkvcgsg3oed0qlfss3wgl\gradle-9.0.0\lib\gradle-daemon-main-9.0.0.jar
Launcher Type: SUN_STANDARD

[Global flags]
     intx CICompilerCount                          = 4                                         {product} {ergonomic}
   size_t CompressedClassSpaceSize                 = 436207616                                 {product} {ergonomic}
     uint ConcGCThreads                            = 3                                         {product} {ergonomic}
     uint G1ConcRefinementThreads                  = 10                                        {product} {ergonomic}
   size_t G1HeapRegionSize                         = 1048576                                   {product} {ergonomic}
    uintx GCDrainStackTargetSize                   = 64                                        {product} {ergonomic}
   size_t InitialHeapSize                          = 264241152                                 {product} {ergonomic}
   size_t MarkStackSize                            = 4194304                                   {product} {ergonomic}
   size_t MaxHeapSize                              = 2147483648                                {product} {command line}
   size_t MaxMetaspaceSize                         = 536870912                                 {product} {command line}
   size_t MaxNewSize                               = 1287651328                                {product} {ergonomic}
   size_t MinHeapDeltaBytes                        = 1048576                                   {product} {ergonomic}
   size_t MinHeapSize                              = 8388608                                   {product} {ergonomic}
    uintx NonNMethodCodeHeapSize                   = 5839372                                {pd product} {ergonomic}
    uintx NonProfiledCodeHeapSize                  = 122909434                              {pd product} {ergonomic}
    uintx ProfiledCodeHeapSize                     = 122909434                              {pd product} {ergonomic}
    uintx ReservedCodeCacheSize                    = 251658240                              {pd product} {ergonomic}
     bool SegmentedCodeCache                       = true                                      {product} {ergonomic}
   size_t SoftMaxHeapSize                          = 2147483648                             {manageable} {ergonomic}
     bool UseCompressedOops                        = true                           {product lp64_product} {ergonomic}
     bool UseG1GC                                  = true                                      {product} {ergonomic}
     bool UseLargePagesIndividualAllocation        = false                                  {pd product} {ergonomic}

Logging:
Log output configuration:
 #0: stdout all=warning uptime,level,tags foldmultilines=false
 #1: stderr all=off uptime,level,tags foldmultilines=false

Release file:
JAVA_VERSION="21.0.10" 
MODULES="java.base java.compiler java.datatransfer java.xml java.prefs java.desktop java.instrument java.logging java.management java.security.sasl java.naming java.rmi java.management.rmi java.net.http java.scripting java.security.jgss java.transaction.xa java.sql java.sql.rowset java.xml.crypto java.se java.smartcardio jdk.accessibility jdk.internal.jvmstat jdk.attach jdk.charsets jdk.internal.opt jdk.zipfs jdk.compiler jdk.crypto.ec jdk.crypto.cryptoki jdk.crypto.mscapi jdk.dynalink jdk.internal.ed jdk.editpad jdk.hotspot.agent jdk.httpserver jdk.internal.le jdk.internal.vm.ci jdk.internal.vm.compiler jdk.internal.vm.compiler.management jdk.jartool jdk.javadoc jdk.jcmd jdk.management jdk.management.agent jdk.jconsole jdk.jdeps jdk.jdwp.agent jdk.jdi jdk.jfr jdk.jshell jdk.jsobject jdk.jstatd jdk.localedata jdk.management.jfr jdk.naming.dns jdk.naming.rmi jdk.net jdk.nio.mapmode jdk.random jdk.sctp jdk.security.auth jdk.security.jgss jdk.unsupported jdk.unsupported.desktop jdk.xml.dom" 

Environment Variables:
JAVA_HOME=C:\Program Files\Java\jdk-17
PATH=C:\Users\Rohit\AppData\Local\Programs\Microsoft VS Code;C:\Program Files\Java\jdk-17\bin;C:\Program Files\Common Files\Oracle\Java\javapath;C:\oraclexe\app\oracle\product\10.2.0\server\bin;C:\windows\system32;C:\windows;C:\windows\System32\Wbem;C:\windows\System32\WindowsPowerShell\v1.0\;C:\windows\System32\OpenSSH\;C:\Program Files (x86)\NVIDIA Corporation\PhysX\Common;C:\Program Files\NVIDIA Corporation\NVIDIA NvDLISR;C:\Users\Administrator\AppData\Local\Microsoft\WindowsApps;C:\Program Files\HP\OMEN-Broadcast\Common;C:\ProgramData\chocolatey\bin;C:\Program Files\nodejs\;C:\xampp\php;C:\ProgramData\ComposerSetup\bin;C:\Program Files\Git\cmd;C:\Program Files\Microsoft SQL Server\150\Tools\Binn\;C:\Program Files\Microsoft SQL Server\Client SDK\ODBC\170\Tools\Binn\;C:\Program Files\dotnet\;%SystemRoot%\system32;%SystemRoot%;%SystemRoot%\System32\Wbem;%SYSTEMROOT%\System32\WindowsPowerShell\v1.0\;%SYSTEMROOT%\System32\OpenSSH\;C:\Users\Rohit\AppData\Local\Programs\Python\Python313\Scripts\;C:\Users\Rohit\AppData\Local\Programs\Python\Python313\;C:\Users\Rohit\AppData\Local\Microsoft\WindowsApps;C:\Users\Rohit\AppData\Local\Programs\Microsoft VS Code\bin;C:\Program Files\Java\jdk-17\bin;D:\Android\Flutter\SDK\flutter\bin;C:\Users\Rohit\AppData\Local\GitHubDesktop\bin;C:\Users\Rohit\AppData\Roaming\npm;C:\Users\Rohit\AppData\Local\Android\Sdk;C:\Users\Rohit\AppData\Roaming\Composer\vendor\bin;C:\Users\Rohit\.dotnet\tools;C:\Program Files\MySQL\MySQL Server 9.3\bin;
USERNAME=Rohit
OS=Windows_NT
PROCESSOR_IDENTIFIER=Intel64 Family 6 Model 186 Stepping 2, GenuineIntel
TMP=C:\Users\Rohit\AppData\Local\Temp
TEMP=C:\Users\Rohit\AppData\Local\Temp




Periodic native trim disabled

---------------  S Y S T E M  ---------------

OS:
 Windows 11 , 64 bit Build 26100 (10.0.26100.7920)
OS uptime: 0 days 8:19 hours
Hyper-V role detected

CPU: total 12 (initial active 12) (6 cores per cpu, 2 threads per core) family 6 model 186 stepping 2 microcode 0x4122, cx8, cmov, fxsr, ht, mmx, 3dnowpref, sse, sse2, sse3, ssse3, sse4.1, sse4.2, popcnt, lzcnt, tsc, tscinvbit, avx, avx2, aes, erms, clmul, bmi1, bmi2, adx, sha, fma, vzeroupper, clflush, clflushopt, clwb, hv, serialize, rdtscp, rdpid, fsrm, f16c, cet_ibt, cet_ss
Processor Information for the first 12 processors :
  Max Mhz: 2100, Current Mhz: 2100, Mhz Limit: 2100

Memory: 4k page, system-wide physical 16024M (682M free)
TotalPageFile size 42587M (AvailPageFile size 1M)
current process WorkingSet (physical memory assigned to process): 330M, peak: 341M
current process commit charge ("private bytes"): 379M, peak: 421M

vm_info: OpenJDK 64-Bit Server VM (21.0.10+7-LTS) for windows-amd64 JRE (21.0.10+7-LTS), built on 2026-01-20T00:00:00Z by "admin" with MS VC++ 17.12 (VS2022)

END.
