#
# There is insufficient memory for the Java Runtime Environment to continue.
# Native memory allocation (malloc) failed to allocate 1048576 bytes. Error detail: AllocateHeap
# Possible reasons:
#   The system is out of physical RAM or swap space
#   This process is running with CompressedOops enabled, and the Java Heap may be blocking the growth of the native heap
# Possible solutions:
#   Reduce memory load on the system
#   Increase physical memory or swap space
#   Check if swap backing store is full
#   Decrease Java heap size (-Xmx/-Xms)
#   Decrease number of Java threads
#   Decrease Java thread stack sizes (-Xss)
#   Set larger code cache with -XX:ReservedCodeCacheSize=
#   JVM is running with Unscaled Compressed Oops mode in which the Java heap is
#     placed in the first 4GB address space. The Java Heap base address is the
#     maximum limit for the native heap growth. Please use -XX:HeapBaseMinAddress
#     to set the Java Heap base and to place the Java Heap above 4GB virtual address.
# This output file may be truncated or incomplete.
#
#  Out of Memory Error (allocation.cpp:44), pid=5448, tid=9248
#
# JRE version: OpenJDK Runtime Environment Temurin-21.0.10+7 (21.0.10+7) (build 21.0.10+7-LTS)
# Java VM: OpenJDK 64-Bit Server VM Temurin-21.0.10+7 (21.0.10+7-LTS, mixed mode, sharing, tiered, compressed oops, compressed class ptrs, parallel gc, windows-amd64)
# No core dump will be written. Minidumps are not enabled by default on client versions of Windows
#

---------------  S U M M A R Y ------------

Command Line: --add-modules=ALL-SYSTEM --add-opens=java.base/java.util=ALL-UNNAMED --add-opens=java.base/java.lang=ALL-UNNAMED --add-opens=java.base/sun.nio.fs=ALL-UNNAMED -Declipse.application=org.eclipse.jdt.ls.core.id1 -Dosgi.bundles.defaultStartLevel=4 -Declipse.product=org.eclipse.jdt.ls.core.product -Djava.import.generatesMetadataFilesAtProjectRoot=false -DDetectVMInstallationsJob.disabled=true -Dfile.encoding=utf8 -XX:+UseParallelGC -XX:GCTimeRatio=4 -XX:AdaptiveSizePolicyWeight=90 -Dsun.zip.disableMemoryMapping=true -Xmx2G -Xms100m -Xlog:disable -javaagent:c:\Users\Rohit\.vscode\extensions\redhat.java-1.54.2026032508-win32-x64\lombok\lombok-1.18.39-4050.jar -XX:+HeapDumpOnOutOfMemoryError -XX:HeapDumpPath=c:\Users\Rohit\AppData\Roaming\Code\User\workspaceStorage\6d49a6029bcb0fc83d9f2152666a4f8f\redhat.java -Daether.dependencyCollector.impl=bf -XX:+UnlockDiagnosticVMOptions -XX:+AllowArchivingWithJavaAgent -XX:+AutoCreateSharedArchive -XX:SharedArchiveFile=c:\Users\Rohit\AppData\Roaming\Code\User\globalStorage\redhat.java\1.54.2026032508\jdtls.jsa c:\Users\Rohit\.vscode\extensions\redhat.java-1.54.2026032508-win32-x64\server\plugins\org.eclipse.equinox.launcher_1.7.100.v20251111-0406.jar -configuration c:\Users\Rohit\AppData\Roaming\Code\User\globalStorage\redhat.java\1.54.2026032508\config_win -data c:\Users\Rohit\AppData\Roaming\Code\User\workspaceStorage\6d49a6029bcb0fc83d9f2152666a4f8f\redhat.java\jdt_ws --pipe=\\.\pipe\lsp-0ff817250a1ace3ba8702db323e28270-sock

Host: 13th Gen Intel(R) Core(TM) i5-13420H, 12 cores, 15G,  Windows 11 , 64 bit Build 26100 (10.0.26100.7920)
Time: Mon Mar 30 12:27:21 2026 India Standard Time elapsed time: 12245.036774 seconds (0d 3h 24m 5s)

---------------  T H R E A D  ---------------

Current thread (0x000002075495cce0):  JavaThread "Attach Listener" daemon [_thread_in_vm, id=9248, stack(0x000000c96d500000,0x000000c96d600000) (1024K)]

Stack: [0x000000c96d500000,0x000000c96d600000]
Native frames: (J=compiled Java code, j=interpreted, Vv=VM code, C=native code)
V  [jvm.dll+0x6d7a39]
V  [jvm.dll+0x8b4b26]
V  [jvm.dll+0x8b70de]
V  [jvm.dll+0x8b77c3]
V  [jvm.dll+0x284346]
V  [jvm.dll+0xc1277]
V  [jvm.dll+0x6d82e9]
V  [jvm.dll+0x1334a6]
V  [jvm.dll+0x3f857e]
V  [jvm.dll+0x85f59d]
V  [jvm.dll+0x6d626d]
C  [ucrtbase.dll+0x37b0]
C  [KERNEL32.DLL+0x2e8d7]
C  [ntdll.dll+0x8c48c]


---------------  P R O C E S S  ---------------

Threads class SMR info:
_java_thread_list=0x000002077527da80, length=39, elements={
0x00000207548af4f0, 0x000002075485dbe0, 0x0000020754953b10, 0x000002075495bdf0,
0x000002075495cce0, 0x000002075495d740, 0x000002075495ef60, 0x0000020754967ca0,
0x000002076c5ee4c0, 0x000002076c7a5a80, 0x000002076c94a430, 0x000002076dd1ce40,
0x000002076dd49b00, 0x000002076c756840, 0x000002076c7b5260, 0x000002076d8f9320,
0x000002076d6391d0, 0x000002076d638b40, 0x000002076d637e20, 0x000002076d639860,
0x000002076d639ef0, 0x000002076d6384b0, 0x000002077340b3d0, 0x000002077340ba60,
0x000002077340c780, 0x000002077340c0f0, 0x000002077340a6b0, 0x0000020773409300,
0x0000020773409990, 0x000002077340a020, 0x000002077340ad40, 0x0000020772d8a440,
0x0000020772d86fc0, 0x0000020772d89db0, 0x0000020772d89090, 0x0000020772d8b160,
0x0000020772d87ce0, 0x0000020773158d10, 0x0000020772d87650
}

Java Threads: ( => current thread )
  0x00000207548af4f0 JavaThread "main"                              [_thread_blocked, id=6316, stack(0x000000c96ce00000,0x000000c96cf00000) (1024K)]
  0x000002075485dbe0 JavaThread "Reference Handler"          daemon [_thread_blocked, id=12168, stack(0x000000c96d200000,0x000000c96d300000) (1024K)]
  0x0000020754953b10 JavaThread "Finalizer"                  daemon [_thread_blocked, id=2332, stack(0x000000c96d300000,0x000000c96d400000) (1024K)]
  0x000002075495bdf0 JavaThread "Signal Dispatcher"          daemon [_thread_blocked, id=1252, stack(0x000000c96d400000,0x000000c96d500000) (1024K)]
=>0x000002075495cce0 JavaThread "Attach Listener"            daemon [_thread_in_vm, id=9248, stack(0x000000c96d500000,0x000000c96d600000) (1024K)]
  0x000002075495d740 JavaThread "Service Thread"             daemon [_thread_blocked, id=9480, stack(0x000000c96d600000,0x000000c96d700000) (1024K)]
  0x000002075495ef60 JavaThread "Monitor Deflation Thread"   daemon [_thread_blocked, id=14712, stack(0x000000c96d700000,0x000000c96d800000) (1024K)]
  0x0000020754967ca0 JavaThread "C2 CompilerThread0"         daemon [_thread_blocked, id=9452, stack(0x000000c96d800000,0x000000c96d900000) (1024K)]
  0x000002076c5ee4c0 JavaThread "C1 CompilerThread0"         daemon [_thread_blocked, id=6872, stack(0x000000c96d900000,0x000000c96da00000) (1024K)]
  0x000002076c7a5a80 JavaThread "Common-Cleaner"             daemon [_thread_blocked, id=3760, stack(0x000000c96da00000,0x000000c96db00000) (1024K)]
  0x000002076c94a430 JavaThread "Notification Thread"        daemon [_thread_blocked, id=14816, stack(0x000000c96dc00000,0x000000c96dd00000) (1024K)]
  0x000002076dd1ce40 JavaThread "Active Thread: Equinox Container: dfa597a1-9c01-4373-958e-d0aac7a8ffc5"        [_thread_blocked, id=2696, stack(0x000000c96e400000,0x000000c96e500000) (1024K)]
  0x000002076dd49b00 JavaThread "Refresh Thread: Equinox Container: dfa597a1-9c01-4373-958e-d0aac7a8ffc5" daemon [_thread_blocked, id=17912, stack(0x000000c96db00000,0x000000c96dc00000) (1024K)]
  0x000002076c756840 JavaThread "Framework Event Dispatcher: Equinox Container: dfa597a1-9c01-4373-958e-d0aac7a8ffc5" daemon [_thread_blocked, id=17220, stack(0x000000c96e500000,0x000000c96e600000) (1024K)]
  0x000002076c7b5260 JavaThread "Start Level: Equinox Container: dfa597a1-9c01-4373-958e-d0aac7a8ffc5" daemon [_thread_blocked, id=9472, stack(0x000000c96e600000,0x000000c96e700000) (1024K)]
  0x000002076d8f9320 JavaThread "Bundle File Closer"         daemon [_thread_blocked, id=14160, stack(0x000000c96ea00000,0x000000c96eb00000) (1024K)]
  0x000002076d6391d0 JavaThread "SCR Component Actor"        daemon [_thread_blocked, id=20696, stack(0x000000c96e700000,0x000000c96e800000) (1024K)]
  0x000002076d638b40 JavaThread "Worker-JM"                         [_thread_blocked, id=20752, stack(0x000000c96ed00000,0x000000c96ee00000) (1024K)]
  0x000002076d637e20 JavaThread "JNA Cleaner"                daemon [_thread_blocked, id=20736, stack(0x000000c96ee00000,0x000000c96ef00000) (1024K)]
  0x000002076d639860 JavaThread "Worker-0"                          [_thread_blocked, id=20796, stack(0x000000c96ef00000,0x000000c96f000000) (1024K)]
  0x000002076d639ef0 JavaThread "Java indexing"              daemon [_thread_blocked, id=21076, stack(0x000000c96cc00000,0x000000c96cd00000) (1024K)]
  0x000002076d6384b0 JavaThread "Thread-1"                   daemon [_thread_in_native, id=20968, stack(0x000000c96f500000,0x000000c96f600000) (1024K)]
  0x000002077340b3d0 JavaThread "Thread-2"                   daemon [_thread_in_native, id=13448, stack(0x000000c96f600000,0x000000c96f700000) (1024K)]
  0x000002077340ba60 JavaThread "Thread-3"                   daemon [_thread_in_native, id=21180, stack(0x000000c96f700000,0x000000c96f800000) (1024K)]
  0x000002077340c780 JavaThread "Thread-4"                   daemon [_thread_in_native, id=13092, stack(0x000000c96f800000,0x000000c96f900000) (1024K)]
  0x000002077340c0f0 JavaThread "Thread-5"                   daemon [_thread_in_native, id=7012, stack(0x000000c96f900000,0x000000c96fa00000) (1024K)]
  0x000002077340a6b0 JavaThread "Thread-6"                   daemon [_thread_in_native, id=21008, stack(0x000000c96fa00000,0x000000c96fb00000) (1024K)]
  0x0000020773409300 JavaThread "Thread-7"                   daemon [_thread_in_native, id=21260, stack(0x000000c96fb00000,0x000000c96fc00000) (1024K)]
  0x0000020773409990 JavaThread "Thread-8"                   daemon [_thread_in_native, id=21256, stack(0x000000c96fc00000,0x000000c96fd00000) (1024K)]
  0x000002077340a020 JavaThread "Thread-9"                   daemon [_thread_in_native, id=21252, stack(0x000000c96fd00000,0x000000c96fe00000) (1024K)]
  0x000002077340ad40 JavaThread "Thread-10"                  daemon [_thread_in_native, id=21248, stack(0x000000c96fe00000,0x000000c96ff00000) (1024K)]
  0x0000020772d8a440 JavaThread "Thread-11"                  daemon [_thread_in_native, id=21240, stack(0x000000c96ff00000,0x000000c970000000) (1024K)]
  0x0000020772d86fc0 JavaThread "Thread-12"                  daemon [_thread_in_native, id=21236, stack(0x000000c970000000,0x000000c970100000) (1024K)]
  0x0000020772d89db0 JavaThread "Thread-13"                  daemon [_thread_in_native, id=21232, stack(0x000000c970100000,0x000000c970200000) (1024K)]
  0x0000020772d89090 JavaThread "pool-2-thread-1"                   [_thread_blocked, id=13168, stack(0x000000c970200000,0x000000c970300000) (1024K)]
  0x0000020772d8b160 JavaThread "WorkspaceEventsHandler"            [_thread_blocked, id=13440, stack(0x000000c970500000,0x000000c970600000) (1024K)]
  0x0000020772d87ce0 JavaThread "pool-1-thread-1"                   [_thread_blocked, id=15856, stack(0x000000c970600000,0x000000c970700000) (1024K)]
  0x0000020773158d10 JavaThread "Timer-0"                           [_thread_blocked, id=8352, stack(0x000000c971500000,0x000000c971600000) (1024K)]
  0x0000020772d87650 JavaThread "Worker-9"                          [_thread_blocked, id=6220, stack(0x000000c96f000000,0x000000c96f100000) (1024K)]
Total: 39

Other Threads:
  0x0000020754952bf0 VMThread "VM Thread"                           [id=9476, stack(0x000000c96d100000,0x000000c96d200000) (1024K)]
  0x00000207548a6930 WatcherThread "VM Periodic Task Thread"        [id=9624, stack(0x000000c96d000000,0x000000c96d100000) (1024K)]
  0x00000207548cd870 WorkerThread "GC Thread#0"                     [id=20112, stack(0x000000c96cf00000,0x000000c96d000000) (1024K)]
  0x000002076c995700 WorkerThread "GC Thread#1"                     [id=5760, stack(0x000000c96de00000,0x000000c96df00000) (1024K)]
  0x000002076d7c8ff0 WorkerThread "GC Thread#2"                     [id=9820, stack(0x000000c96df00000,0x000000c96e000000) (1024K)]
  0x000002076d7c93a0 WorkerThread "GC Thread#3"                     [id=9220, stack(0x000000c96e000000,0x000000c96e100000) (1024K)]
  0x000002076d7c9750 WorkerThread "GC Thread#4"                     [id=5404, stack(0x000000c96e100000,0x000000c96e200000) (1024K)]
  0x000002076d7c9b00 WorkerThread "GC Thread#5"                     [id=11480, stack(0x000000c96e200000,0x000000c96e300000) (1024K)]
  0x000002076d7c9eb0 WorkerThread "GC Thread#6"                     [id=16240, stack(0x000000c96e300000,0x000000c96e400000) (1024K)]
  0x000002076d5c5220 WorkerThread "GC Thread#7"                     [id=7188, stack(0x000000c96dd00000,0x000000c96de00000) (1024K)]
  0x000002076d6a63c0 WorkerThread "GC Thread#8"                     [id=9932, stack(0x000000c96e800000,0x000000c96e900000) (1024K)]
  0x000002076d6a6770 WorkerThread "GC Thread#9"                     [id=18456, stack(0x000000c96e900000,0x000000c96ea00000) (1024K)]
Total: 12

Threads with active compile tasks:
Total: 0

VM state: not at safepoint (normal execution)

VM Mutex/Monitor currently owned by a thread: None

Heap address: 0x0000000080000000, size: 2048 MB, Compressed Oops mode: 32-bit

CDS archive(s) mapped at: [0x0000020700000000-0x0000020700ba0000-0x0000020704650000), size 73728000, SharedBaseAddress: 0x0000020700000000, ArchiveRelocationMode: 1.
Compressed class space mapped at: 0x0000020705000000-0x0000020745000000, reserved size: 1073741824
Narrow klass base: 0x0000020700000000, Narrow klass shift: 0, Narrow klass range: 0x100000000

GC Precious Log:
 CardTable entry size: 512
 CPUs: 12 total, 12 available
 Memory: 16024M
 Large Page Support: Disabled
 NUMA Support: Disabled
 Compressed Oops: Enabled (32-bit)
 Alignments: Space 512K, Generation 512K, Heap 2M
 Heap Min Capacity: 100M
 Heap Initial Capacity: 100M
 Heap Max Capacity: 2G
 Pre-touch: Disabled
 Parallel Workers: 10

Heap:
 PSYoungGen      total 12800K, used 2566K [0x00000000d5580000, 0x00000000d6d00000, 0x0000000100000000)
  eden space 12288K, 19% used [0x00000000d5580000,0x00000000d57c9b50,0x00000000d6180000)
  from space 512K, 43% used [0x00000000d6c00000,0x00000000d6c38000,0x00000000d6c80000)
  to   space 512K, 0% used [0x00000000d6c80000,0x00000000d6c80000,0x00000000d6d00000)
 ParOldGen       total 214528K, used 214277K [0x0000000080000000, 0x000000008d180000, 0x00000000d5580000)
  object space 214528K, 99% used [0x0000000080000000,0x000000008d141740,0x000000008d180000)
 Metaspace       used 32400K, committed 33536K, reserved 1114112K
  class space    used 3120K, committed 3584K, reserved 1048576K

Card table byte_map: [0x0000020754250000,0x0000020754660000] _byte_map_base: 0x0000020753e50000

Marking Bits: (ParMarkBitMap*) 0x00007ffae0113450
 Begin Bits: [0x0000020766d60000, 0x0000020768d60000)
 End Bits:   [0x0000020768d60000, 0x000002076ad60000)

Polling page: 0x00000207526b0000

Metaspace:

Usage:
  Non-class:     28.59 MB used.
      Class:      3.05 MB used.
       Both:     31.64 MB used.

Virtual space:
  Non-class space:       64.00 MB reserved,      29.25 MB ( 46%) committed,  1 nodes.
      Class space:        1.00 GB reserved,       3.50 MB ( <1%) committed,  1 nodes.
             Both:        1.06 GB reserved,      32.75 MB (  3%) committed. 

Chunk freelists:
   Non-Class:  2.58 MB
       Class:  12.45 MB
        Both:  15.04 MB

MaxMetaspaceSize: unlimited
CompressedClassSpaceSize: 1.00 GB
Initial GC threshold: 21.00 MB
Current GC threshold: 35.00 MB
CDS: on
 - commit_granule_bytes: 65536.
 - commit_granule_words: 8192.
 - virtual_space_node_default_size: 8388608.
 - enlarge_chunks_in_place: 1.
 - use_allocation_guard: 0.


Internal statistics:

num_allocs_failed_limit: 3.
num_arena_births: 1088.
num_arena_deaths: 44.
num_vsnodes_births: 2.
num_vsnodes_deaths: 0.
num_space_committed: 524.
num_space_uncommitted: 0.
num_chunks_returned_to_freelist: 54.
num_chunks_taken_from_freelist: 2710.
num_chunk_merges: 22.
num_chunk_splits: 1685.
num_chunks_enlarged: 999.
num_inconsistent_stats: 0.

CodeHeap 'non-profiled nmethods': size=120000Kb used=10734Kb max_used=10734Kb free=109265Kb
 bounds [0x000002075f580000, 0x0000020760000000, 0x0000020766ab0000]
CodeHeap 'profiled nmethods': size=120000Kb used=28830Kb max_used=28830Kb free=91169Kb
 bounds [0x0000020757ab0000, 0x00000207596e0000, 0x000002075efe0000]
CodeHeap 'non-nmethods': size=5760Kb used=1479Kb max_used=1557Kb free=4280Kb
 bounds [0x000002075efe0000, 0x000002075f250000, 0x000002075f580000]
CodeCache: size=245760Kb, used=41043Kb, max_used=41121Kb, free=204714Kb
 total_blobs=13449, nmethods=12650, adapters=703, full_count=0
Compilation: enabled, stopped_count=0, restarted_count=0

Compilation events (20 events):
Event: 9267.427 Thread 0x0000020754967ca0 12670       4       com.google.gson.stream.JsonReader::nextName (86 bytes)
Event: 9267.444 Thread 0x0000020754967ca0 nmethod 12670 0x000002075fff7690 code [0x000002075fff7840, 0x000002075fff79f0]
Event: 9329.645 Thread 0x000002076c5ee4c0 12671       3       org.eclipse.core.internal.jobs.JobQueue::enqueue (83 bytes)
Event: 9329.656 Thread 0x000002076c5ee4c0 nmethod 12671 0x00000207596cf990 code [0x00000207596cfbe0, 0x00000207596d0480]
Event: 9363.286 Thread 0x0000020754967ca0 12672       4       java.util.concurrent.ThreadPoolExecutor::beforeExecute (1 bytes)
Event: 9363.287 Thread 0x0000020754967ca0 nmethod 12672 0x000002075fff7b90 code [0x000002075fff7d20, 0x000002075fff7da8]
Event: 9456.174 Thread 0x0000020754967ca0 12673       4       java.util.concurrent.ThreadPoolExecutor::afterExecute (1 bytes)
Event: 9456.174 Thread 0x0000020754967ca0 nmethod 12673 0x000002075fff7e90 code [0x000002075fff8020, 0x000002075fff80a8]
Event: 9992.376 Thread 0x0000020754967ca0 12674       4       java.util.concurrent.locks.AbstractQueuedSynchronizer$Node::getAndUnsetStatus (14 bytes)
Event: 9992.386 Thread 0x0000020754967ca0 nmethod 12674 0x000002075fff8190 code [0x000002075fff8320, 0x000002075fff83f0]
Event: 10832.455 Thread 0x0000020754967ca0 12676   !   4       org.eclipse.core.filesystem.URIUtil::toPath (76 bytes)
Event: 10832.567 Thread 0x0000020754967ca0 nmethod 12676 0x000002075fff8890 code [0x000002075fff8aa0, 0x000002075fff9360]
Event: 10923.572 Thread 0x0000020754967ca0 12677   !   4       java.util.concurrent.locks.AbstractQueuedSynchronizer::acquire (424 bytes)
Event: 10923.689 Thread 0x0000020754967ca0 nmethod 12677 0x000002075fff9990 code [0x000002075fff9c00, 0x000002075fffaae8]
Event: 11129.666 Thread 0x000002076c5ee4c0 12678   !   3       sun.security.provider.AbstractDrbg::engineNextBytes (283 bytes)
Event: 11129.725 Thread 0x000002076c5ee4c0 nmethod 12678 0x00000207596d0810 code [0x00000207596d0c40, 0x00000207596d2870]
Event: 11523.706 Thread 0x000002076c5ee4c0 12683   !   3       org.eclipse.osgi.storage.Storage::save0 (246 bytes)
Event: 11523.766 Thread 0x000002076c5ee4c0 nmethod 12683 0x00000207596d3290 code [0x00000207596d37a0, 0x00000207596d6388]
Event: 12227.940 Thread 0x0000020754967ca0 12684       4       java.util.concurrent.locks.AbstractQueuedSynchronizer$Node::clearStatus (12 bytes)
Event: 12227.941 Thread 0x0000020754967ca0 nmethod 12684 0x000002075fffb610 code [0x000002075fffb7a0, 0x000002075fffb830]

GC Heap History (20 events):
Event: 2217.719 GC heap before
{Heap before GC invocations=177 (full 1):
 PSYoungGen      total 19968K, used 19946K [0x00000000d5580000, 0x00000000d7680000, 0x0000000100000000)
  eden space 12288K, 100% used [0x00000000d5580000,0x00000000d6180000,0x00000000d6180000)
  from space 7680K, 99% used [0x00000000d6580000,0x00000000d6cfa960,0x00000000d6d00000)
  to   space 9728K, 0% used [0x00000000d6d00000,0x00000000d6d00000,0x00000000d7680000)
 ParOldGen       total 206848K, used 206433K [0x0000000080000000, 0x000000008ca00000, 0x00000000d5580000)
  object space 206848K, 99% used [0x0000000080000000,0x000000008c9987d8,0x000000008ca00000)
 Metaspace       used 32199K, committed 33344K, reserved 1114112K
  class space    used 3120K, committed 3584K, reserved 1048576K
}
Event: 2217.727 GC heap after
{Heap after GC invocations=177 (full 1):
 PSYoungGen      total 12800K, used 320K [0x00000000d5580000, 0x00000000d6d80000, 0x0000000100000000)
  eden space 12288K, 0% used [0x00000000d5580000,0x00000000d5580000,0x00000000d6180000)
  from space 512K, 62% used [0x00000000d6d00000,0x00000000d6d50000,0x00000000d6d80000)
  to   space 3584K, 0% used [0x00000000d6680000,0x00000000d6680000,0x00000000d6a00000)
 ParOldGen       total 214016K, used 213989K [0x0000000080000000, 0x000000008d100000, 0x00000000d5580000)
  object space 214016K, 99% used [0x0000000080000000,0x000000008d0f9740,0x000000008d100000)
 Metaspace       used 32199K, committed 33344K, reserved 1114112K
  class space    used 3120K, committed 3584K, reserved 1048576K
}
Event: 2249.925 GC heap before
{Heap before GC invocations=178 (full 1):
 PSYoungGen      total 12800K, used 12608K [0x00000000d5580000, 0x00000000d6d80000, 0x0000000100000000)
  eden space 12288K, 100% used [0x00000000d5580000,0x00000000d6180000,0x00000000d6180000)
  from space 512K, 62% used [0x00000000d6d00000,0x00000000d6d50000,0x00000000d6d80000)
  to   space 3584K, 0% used [0x00000000d6680000,0x00000000d6680000,0x00000000d6a00000)
 ParOldGen       total 214016K, used 213989K [0x0000000080000000, 0x000000008d100000, 0x00000000d5580000)
  object space 214016K, 99% used [0x0000000080000000,0x000000008d0f9740,0x000000008d100000)
 Metaspace       used 32245K, committed 33408K, reserved 1114112K
  class space    used 3120K, committed 3584K, reserved 1048576K
}
Event: 2249.927 GC heap after
{Heap after GC invocations=178 (full 1):
 PSYoungGen      total 15872K, used 224K [0x00000000d5580000, 0x00000000d6d80000, 0x0000000100000000)
  eden space 12288K, 0% used [0x00000000d5580000,0x00000000d5580000,0x00000000d6180000)
  from space 3584K, 6% used [0x00000000d6680000,0x00000000d66b8000,0x00000000d6a00000)
  to   space 1024K, 0% used [0x00000000d6c80000,0x00000000d6c80000,0x00000000d6d80000)
 ParOldGen       total 214528K, used 214093K [0x0000000080000000, 0x000000008d180000, 0x00000000d5580000)
  object space 214528K, 99% used [0x0000000080000000,0x000000008d113740,0x000000008d180000)
 Metaspace       used 32245K, committed 33408K, reserved 1114112K
  class space    used 3120K, committed 3584K, reserved 1048576K
}
Event: 2461.550 GC heap before
{Heap before GC invocations=179 (full 1):
 PSYoungGen      total 15872K, used 12512K [0x00000000d5580000, 0x00000000d6d80000, 0x0000000100000000)
  eden space 12288K, 100% used [0x00000000d5580000,0x00000000d6180000,0x00000000d6180000)
  from space 3584K, 6% used [0x00000000d6680000,0x00000000d66b8000,0x00000000d6a00000)
  to   space 1024K, 0% used [0x00000000d6c80000,0x00000000d6c80000,0x00000000d6d80000)
 ParOldGen       total 214528K, used 214093K [0x0000000080000000, 0x000000008d180000, 0x00000000d5580000)
  object space 214528K, 99% used [0x0000000080000000,0x000000008d113740,0x000000008d180000)
 Metaspace       used 32307K, committed 33408K, reserved 1114112K
  class space    used 3120K, committed 3584K, reserved 1048576K
}
Event: 2461.555 GC heap after
{Heap after GC invocations=179 (full 1):
 PSYoungGen      total 12800K, used 256K [0x00000000d5580000, 0x00000000d6d00000, 0x0000000100000000)
  eden space 12288K, 0% used [0x00000000d5580000,0x00000000d5580000,0x00000000d6180000)
  from space 512K, 50% used [0x00000000d6c80000,0x00000000d6cc0000,0x00000000d6d00000)
  to   space 512K, 0% used [0x00000000d6c00000,0x00000000d6c00000,0x00000000d6c80000)
 ParOldGen       total 214528K, used 214141K [0x0000000080000000, 0x000000008d180000, 0x00000000d5580000)
  object space 214528K, 99% used [0x0000000080000000,0x000000008d11f740,0x000000008d180000)
 Metaspace       used 32307K, committed 33408K, reserved 1114112K
  class space    used 3120K, committed 3584K, reserved 1048576K
}
Event: 3398.048 GC heap before
{Heap before GC invocations=180 (full 1):
 PSYoungGen      total 12800K, used 12544K [0x00000000d5580000, 0x00000000d6d00000, 0x0000000100000000)
  eden space 12288K, 100% used [0x00000000d5580000,0x00000000d6180000,0x00000000d6180000)
  from space 512K, 50% used [0x00000000d6c80000,0x00000000d6cc0000,0x00000000d6d00000)
  to   space 512K, 0% used [0x00000000d6c00000,0x00000000d6c00000,0x00000000d6c80000)
 ParOldGen       total 214528K, used 214141K [0x0000000080000000, 0x000000008d180000, 0x00000000d5580000)
  object space 214528K, 99% used [0x0000000080000000,0x000000008d11f740,0x000000008d180000)
 Metaspace       used 32342K, committed 33472K, reserved 1114112K
  class space    used 3120K, committed 3584K, reserved 1048576K
}
Event: 3398.052 GC heap after
{Heap after GC invocations=180 (full 1):
 PSYoungGen      total 12800K, used 224K [0x00000000d5580000, 0x00000000d6d00000, 0x0000000100000000)
  eden space 12288K, 0% used [0x00000000d5580000,0x00000000d5580000,0x00000000d6180000)
  from space 512K, 43% used [0x00000000d6c00000,0x00000000d6c38000,0x00000000d6c80000)
  to   space 512K, 0% used [0x00000000d6c80000,0x00000000d6c80000,0x00000000d6d00000)
 ParOldGen       total 214528K, used 214205K [0x0000000080000000, 0x000000008d180000, 0x00000000d5580000)
  object space 214528K, 99% used [0x0000000080000000,0x000000008d12f740,0x000000008d180000)
 Metaspace       used 32342K, committed 33472K, reserved 1114112K
  class space    used 3120K, committed 3584K, reserved 1048576K
}
Event: 4548.115 GC heap before
{Heap before GC invocations=181 (full 1):
 PSYoungGen      total 12800K, used 12512K [0x00000000d5580000, 0x00000000d6d00000, 0x0000000100000000)
  eden space 12288K, 100% used [0x00000000d5580000,0x00000000d6180000,0x00000000d6180000)
  from space 512K, 43% used [0x00000000d6c00000,0x00000000d6c38000,0x00000000d6c80000)
  to   space 512K, 0% used [0x00000000d6c80000,0x00000000d6c80000,0x00000000d6d00000)
 ParOldGen       total 214528K, used 214205K [0x0000000080000000, 0x000000008d180000, 0x00000000d5580000)
  object space 214528K, 99% used [0x0000000080000000,0x000000008d12f740,0x000000008d180000)
 Metaspace       used 32350K, committed 33472K, reserved 1114112K
  class space    used 3120K, committed 3584K, reserved 1048576K
}
Event: 4548.130 GC heap after
{Heap after GC invocations=181 (full 1):
 PSYoungGen      total 12800K, used 192K [0x00000000d5580000, 0x00000000d6d00000, 0x0000000100000000)
  eden space 12288K, 0% used [0x00000000d5580000,0x00000000d5580000,0x00000000d6180000)
  from space 512K, 37% used [0x00000000d6c80000,0x00000000d6cb0000,0x00000000d6d00000)
  to   space 512K, 0% used [0x00000000d6c00000,0x00000000d6c00000,0x00000000d6c80000)
 ParOldGen       total 214528K, used 214221K [0x0000000080000000, 0x000000008d180000, 0x00000000d5580000)
  object space 214528K, 99% used [0x0000000080000000,0x000000008d133740,0x000000008d180000)
 Metaspace       used 32350K, committed 33472K, reserved 1114112K
  class space    used 3120K, committed 3584K, reserved 1048576K
}
Event: 6087.386 GC heap before
{Heap before GC invocations=182 (full 1):
 PSYoungGen      total 12800K, used 12480K [0x00000000d5580000, 0x00000000d6d00000, 0x0000000100000000)
  eden space 12288K, 100% used [0x00000000d5580000,0x00000000d6180000,0x00000000d6180000)
  from space 512K, 37% used [0x00000000d6c80000,0x00000000d6cb0000,0x00000000d6d00000)
  to   space 512K, 0% used [0x00000000d6c00000,0x00000000d6c00000,0x00000000d6c80000)
 ParOldGen       total 214528K, used 214221K [0x0000000080000000, 0x000000008d180000, 0x00000000d5580000)
  object space 214528K, 99% used [0x0000000080000000,0x000000008d133740,0x000000008d180000)
 Metaspace       used 32363K, committed 33472K, reserved 1114112K
  class space    used 3120K, committed 3584K, reserved 1048576K
}
Event: 6087.429 GC heap after
{Heap after GC invocations=182 (full 1):
 PSYoungGen      total 12800K, used 160K [0x00000000d5580000, 0x00000000d6d00000, 0x0000000100000000)
  eden space 12288K, 0% used [0x00000000d5580000,0x00000000d5580000,0x00000000d6180000)
  from space 512K, 31% used [0x00000000d6c00000,0x00000000d6c28000,0x00000000d6c80000)
  to   space 512K, 0% used [0x00000000d6c80000,0x00000000d6c80000,0x00000000d6d00000)
 ParOldGen       total 214528K, used 214237K [0x0000000080000000, 0x000000008d180000, 0x00000000d5580000)
  object space 214528K, 99% used [0x0000000080000000,0x000000008d137740,0x000000008d180000)
 Metaspace       used 32363K, committed 33472K, reserved 1114112K
  class space    used 3120K, committed 3584K, reserved 1048576K
}
Event: 7009.219 GC heap before
{Heap before GC invocations=183 (full 1):
 PSYoungGen      total 12800K, used 12448K [0x00000000d5580000, 0x00000000d6d00000, 0x0000000100000000)
  eden space 12288K, 100% used [0x00000000d5580000,0x00000000d6180000,0x00000000d6180000)
  from space 512K, 31% used [0x00000000d6c00000,0x00000000d6c28000,0x00000000d6c80000)
  to   space 512K, 0% used [0x00000000d6c80000,0x00000000d6c80000,0x00000000d6d00000)
 ParOldGen       total 214528K, used 214237K [0x0000000080000000, 0x000000008d180000, 0x00000000d5580000)
  object space 214528K, 99% used [0x0000000080000000,0x000000008d137740,0x000000008d180000)
 Metaspace       used 32372K, committed 33536K, reserved 1114112K
  class space    used 3120K, committed 3584K, reserved 1048576K
}
Event: 7009.224 GC heap after
{Heap after GC invocations=183 (full 1):
 PSYoungGen      total 12800K, used 256K [0x00000000d5580000, 0x00000000d6d00000, 0x0000000100000000)
  eden space 12288K, 0% used [0x00000000d5580000,0x00000000d5580000,0x00000000d6180000)
  from space 512K, 50% used [0x00000000d6c80000,0x00000000d6cc0000,0x00000000d6d00000)
  to   space 512K, 0% used [0x00000000d6c00000,0x00000000d6c00000,0x00000000d6c80000)
 ParOldGen       total 214528K, used 214245K [0x0000000080000000, 0x000000008d180000, 0x00000000d5580000)
  object space 214528K, 99% used [0x0000000080000000,0x000000008d139740,0x000000008d180000)
 Metaspace       used 32372K, committed 33536K, reserved 1114112K
  class space    used 3120K, committed 3584K, reserved 1048576K
}
Event: 8733.224 GC heap before
{Heap before GC invocations=184 (full 1):
 PSYoungGen      total 12800K, used 12544K [0x00000000d5580000, 0x00000000d6d00000, 0x0000000100000000)
  eden space 12288K, 100% used [0x00000000d5580000,0x00000000d6180000,0x00000000d6180000)
  from space 512K, 50% used [0x00000000d6c80000,0x00000000d6cc0000,0x00000000d6d00000)
  to   space 512K, 0% used [0x00000000d6c00000,0x00000000d6c00000,0x00000000d6c80000)
 ParOldGen       total 214528K, used 214245K [0x0000000080000000, 0x000000008d180000, 0x00000000d5580000)
  object space 214528K, 99% used [0x0000000080000000,0x000000008d139740,0x000000008d180000)
 Metaspace       used 32378K, committed 33536K, reserved 1114112K
  class space    used 3120K, committed 3584K, reserved 1048576K
}
Event: 8733.237 GC heap after
{Heap after GC invocations=184 (full 1):
 PSYoungGen      total 12800K, used 192K [0x00000000d5580000, 0x00000000d6d00000, 0x0000000100000000)
  eden space 12288K, 0% used [0x00000000d5580000,0x00000000d5580000,0x00000000d6180000)
  from space 512K, 37% used [0x00000000d6c00000,0x00000000d6c30000,0x00000000d6c80000)
  to   space 512K, 0% used [0x00000000d6c80000,0x00000000d6c80000,0x00000000d6d00000)
 ParOldGen       total 214528K, used 214253K [0x0000000080000000, 0x000000008d180000, 0x00000000d5580000)
  object space 214528K, 99% used [0x0000000080000000,0x000000008d13b740,0x000000008d180000)
 Metaspace       used 32378K, committed 33536K, reserved 1114112K
  class space    used 3120K, committed 3584K, reserved 1048576K
}
Event: 10146.591 GC heap before
{Heap before GC invocations=185 (full 1):
 PSYoungGen      total 12800K, used 12480K [0x00000000d5580000, 0x00000000d6d00000, 0x0000000100000000)
  eden space 12288K, 100% used [0x00000000d5580000,0x00000000d6180000,0x00000000d6180000)
  from space 512K, 37% used [0x00000000d6c00000,0x00000000d6c30000,0x00000000d6c80000)
  to   space 512K, 0% used [0x00000000d6c80000,0x00000000d6c80000,0x00000000d6d00000)
 ParOldGen       total 214528K, used 214253K [0x0000000080000000, 0x000000008d180000, 0x00000000d5580000)
  object space 214528K, 99% used [0x0000000080000000,0x000000008d13b740,0x000000008d180000)
 Metaspace       used 32378K, committed 33536K, reserved 1114112K
  class space    used 3120K, committed 3584K, reserved 1048576K
}
Event: 10146.606 GC heap after
{Heap after GC invocations=185 (full 1):
 PSYoungGen      total 12800K, used 224K [0x00000000d5580000, 0x00000000d6d00000, 0x0000000100000000)
  eden space 12288K, 0% used [0x00000000d5580000,0x00000000d5580000,0x00000000d6180000)
  from space 512K, 43% used [0x00000000d6c80000,0x00000000d6cb8000,0x00000000d6d00000)
  to   space 512K, 0% used [0x00000000d6c00000,0x00000000d6c00000,0x00000000d6c80000)
 ParOldGen       total 214528K, used 214269K [0x0000000080000000, 0x000000008d180000, 0x00000000d5580000)
  object space 214528K, 99% used [0x0000000080000000,0x000000008d13f740,0x000000008d180000)
 Metaspace       used 32378K, committed 33536K, reserved 1114112K
  class space    used 3120K, committed 3584K, reserved 1048576K
}
Event: 11837.029 GC heap before
{Heap before GC invocations=186 (full 1):
 PSYoungGen      total 12800K, used 12512K [0x00000000d5580000, 0x00000000d6d00000, 0x0000000100000000)
  eden space 12288K, 100% used [0x00000000d5580000,0x00000000d6180000,0x00000000d6180000)
  from space 512K, 43% used [0x00000000d6c80000,0x00000000d6cb8000,0x00000000d6d00000)
  to   space 512K, 0% used [0x00000000d6c00000,0x00000000d6c00000,0x00000000d6c80000)
 ParOldGen       total 214528K, used 214269K [0x0000000080000000, 0x000000008d180000, 0x00000000d5580000)
  object space 214528K, 99% used [0x0000000080000000,0x000000008d13f740,0x000000008d180000)
 Metaspace       used 32400K, committed 33536K, reserved 1114112K
  class space    used 3120K, committed 3584K, reserved 1048576K
}
Event: 11837.042 GC heap after
{Heap after GC invocations=186 (full 1):
 PSYoungGen      total 12800K, used 224K [0x00000000d5580000, 0x00000000d6d00000, 0x0000000100000000)
  eden space 12288K, 0% used [0x00000000d5580000,0x00000000d5580000,0x00000000d6180000)
  from space 512K, 43% used [0x00000000d6c00000,0x00000000d6c38000,0x00000000d6c80000)
  to   space 512K, 0% used [0x00000000d6c80000,0x00000000d6c80000,0x00000000d6d00000)
 ParOldGen       total 214528K, used 214277K [0x0000000080000000, 0x000000008d180000, 0x00000000d5580000)
  object space 214528K, 99% used [0x0000000080000000,0x000000008d141740,0x000000008d180000)
 Metaspace       used 32400K, committed 33536K, reserved 1114112K
  class space    used 3120K, committed 3584K, reserved 1048576K
}

Dll operation events (15 events):
Event: 0.021 Loaded shared library c:\Users\Rohit\.vscode\extensions\redhat.java-1.54.2026032508-win32-x64\jre\21.0.10-win32-x86_64\bin\java.dll
Event: 0.188 Loaded shared library c:\Users\Rohit\.vscode\extensions\redhat.java-1.54.2026032508-win32-x64\jre\21.0.10-win32-x86_64\bin\zip.dll
Event: 0.191 Loaded shared library C:\Users\Rohit\.vscode\extensions\redhat.java-1.54.2026032508-win32-x64\jre\21.0.10-win32-x86_64\bin\instrument.dll
Event: 0.195 Loaded shared library C:\Users\Rohit\.vscode\extensions\redhat.java-1.54.2026032508-win32-x64\jre\21.0.10-win32-x86_64\bin\net.dll
Event: 0.197 Loaded shared library C:\Users\Rohit\.vscode\extensions\redhat.java-1.54.2026032508-win32-x64\jre\21.0.10-win32-x86_64\bin\nio.dll
Event: 0.199 Loaded shared library C:\Users\Rohit\.vscode\extensions\redhat.java-1.54.2026032508-win32-x64\jre\21.0.10-win32-x86_64\bin\zip.dll
Event: 0.212 Loaded shared library C:\Users\Rohit\.vscode\extensions\redhat.java-1.54.2026032508-win32-x64\jre\21.0.10-win32-x86_64\bin\jimage.dll
Event: 0.261 Loaded shared library c:\Users\Rohit\.vscode\extensions\redhat.java-1.54.2026032508-win32-x64\jre\21.0.10-win32-x86_64\bin\verify.dll
Event: 15.316 Loaded shared library C:\Users\Rohit\AppData\Roaming\Code\User\globalStorage\redhat.java\1.54.2026032508\config_win\org.eclipse.equinox.launcher\org.eclipse.equinox.launcher.win32.win32.x86_64_1.3.0.v20260203-2149\eclipse_11919.dll
Event: 28.742 Loaded shared library C:\Users\Rohit\AppData\Local\Temp\jna-79138838\jna3443081910498001463.dll
Event: 30.663 Loaded shared library C:\Users\Rohit\.vscode\extensions\redhat.java-1.54.2026032508-win32-x64\jre\21.0.10-win32-x86_64\bin\sunmscapi.dll
Event: 30.750 Loaded shared library C:\Users\Rohit\.vscode\extensions\redhat.java-1.54.2026032508-win32-x64\jre\21.0.10-win32-x86_64\bin\extnet.dll
Event: 59.009 Loaded shared library C:\Users\Rohit\.gradle\native\1def1411415f61bf3af743bc5b6707747c0891f09f0c88961ee8f79bc544acac\windows-amd64\native-platform.dll
Event: 87.295 Loaded shared library C:\Users\Rohit\.vscode\extensions\redhat.java-1.54.2026032508-win32-x64\jre\21.0.10-win32-x86_64\bin\management.dll
Event: 87.302 Loaded shared library C:\Users\Rohit\.vscode\extensions\redhat.java-1.54.2026032508-win32-x64\jre\21.0.10-win32-x86_64\bin\management_ext.dll

Deoptimization events (20 events):
Event: 3029.376 Thread 0x0000020772d87650 Uncommon trap: trap_request=0xffffffbe fr.pc=0x000002075ffe3b2c relative=0x000000000000028c
Event: 3029.376 Thread 0x0000020772d87650 Uncommon trap: reason=profile_predicate action=maybe_recompile pc=0x000002075ffe3b2c method=sun.security.provider.HashDrbg.addBytes([BI[[B)V @ 36 c2
Event: 3029.376 Thread 0x0000020772d87650 DEOPT PACKING pc=0x000002075ffe3b2c sp=0x000000c96f0fe890
Event: 3029.376 Thread 0x0000020772d87650 DEOPT UNPACKING pc=0x000002075f033aa2 sp=0x000000c96f0fe7f8 mode 2
Event: 3029.377 Thread 0x0000020772d87650 Uncommon trap: trap_request=0xffffffbe fr.pc=0x000002075ffe3b2c relative=0x000000000000028c
Event: 3029.377 Thread 0x0000020772d87650 Uncommon trap: reason=profile_predicate action=maybe_recompile pc=0x000002075ffe3b2c method=sun.security.provider.HashDrbg.addBytes([BI[[B)V @ 36 c2
Event: 3029.377 Thread 0x0000020772d87650 DEOPT PACKING pc=0x000002075ffe3b2c sp=0x000000c96f0feb90
Event: 3029.377 Thread 0x0000020772d87650 DEOPT UNPACKING pc=0x000002075f033aa2 sp=0x000000c96f0feaf8 mode 2
Event: 3929.439 Thread 0x000002076d639860 Uncommon trap: trap_request=0xffffffbe fr.pc=0x000002075ffe3b2c relative=0x000000000000028c
Event: 3929.440 Thread 0x000002076d639860 Uncommon trap: reason=profile_predicate action=maybe_recompile pc=0x000002075ffe3b2c method=sun.security.provider.HashDrbg.addBytes([BI[[B)V @ 36 c2
Event: 3929.440 Thread 0x000002076d639860 DEOPT PACKING pc=0x000002075ffe3b2c sp=0x000000c96effeb00
Event: 3929.440 Thread 0x000002076d639860 DEOPT UNPACKING pc=0x000002075f033aa2 sp=0x000000c96effea68 mode 2
Event: 3929.446 Thread 0x000002076d639860 Uncommon trap: trap_request=0xffffffbe fr.pc=0x000002075ffe3b2c relative=0x000000000000028c
Event: 3929.446 Thread 0x000002076d639860 Uncommon trap: reason=profile_predicate action=maybe_recompile pc=0x000002075ffe3b2c method=sun.security.provider.HashDrbg.addBytes([BI[[B)V @ 36 c2
Event: 3929.446 Thread 0x000002076d639860 DEOPT PACKING pc=0x000002075ffe3b2c sp=0x000000c96effee00
Event: 3929.446 Thread 0x000002076d639860 DEOPT UNPACKING pc=0x000002075f033aa2 sp=0x000000c96effed68 mode 2
Event: 3929.448 Thread 0x000002076d639860 DEOPT PACKING pc=0x0000020758f88d2b sp=0x000000c96effee60
Event: 3929.448 Thread 0x000002076d639860 DEOPT UNPACKING pc=0x000002075f034242 sp=0x000000c96effe2d0 mode 0
Event: 3929.452 Thread 0x000002076d639860 DEOPT PACKING pc=0x0000020758f88d2b sp=0x000000c96effedf0
Event: 3929.452 Thread 0x000002076d639860 DEOPT UNPACKING pc=0x000002075f034242 sp=0x000000c96effe260 mode 0

Classes loaded (20 events):
Event: 95.189 Loading class jdk/internal/event/ProcessStartEvent
Event: 95.189 Loading class jdk/internal/event/ProcessStartEvent done
Event: 2049.634 Loading class java/util/stream/ReferencePipeline$4
Event: 2049.635 Loading class java/util/stream/ReferencePipeline$4 done
Event: 2049.637 Loading class java/util/stream/Nodes$IntFixedNodeBuilder
Event: 2049.638 Loading class java/util/stream/Node$Builder$OfInt
Event: 2049.639 Loading class java/util/stream/Node$Builder$OfInt done
Event: 2049.639 Loading class java/util/stream/Nodes$IntArrayNode
Event: 2049.639 Loading class java/util/stream/Nodes$IntArrayNode done
Event: 2049.639 Loading class java/util/stream/Nodes$IntFixedNodeBuilder done
Event: 2049.639 Loading class java/util/stream/ReferencePipeline$4$1
Event: 2049.639 Loading class java/util/stream/ReferencePipeline$4$1 done
Event: 2050.933 Loading class java/util/stream/ReduceOps$4
Event: 2050.934 Loading class java/util/stream/ReduceOps$4 done
Event: 2050.934 Loading class java/util/stream/ReduceOps$4ReducingSink
Event: 2050.934 Loading class java/util/stream/ReduceOps$4ReducingSink done
Event: 2050.938 Loading class java/nio/file/Files$2
Event: 2050.939 Loading class java/nio/file/Files$2 done
Event: 2051.131 Loading class java/util/Hashtable$ValueCollection
Event: 2051.131 Loading class java/util/Hashtable$ValueCollection done

Classes unloaded (20 events):
Event: 93.531 Thread 0x0000020754952bf0 Unloading class 0x000002070525c400 'java/lang/invoke/LambdaForm$MH+0x000002070525c400'
Event: 93.531 Thread 0x0000020754952bf0 Unloading class 0x000002070525c000 'java/lang/invoke/LambdaForm$MH+0x000002070525c000'
Event: 93.531 Thread 0x0000020754952bf0 Unloading class 0x000002070525bc00 'java/lang/invoke/LambdaForm$MH+0x000002070525bc00'
Event: 93.531 Thread 0x0000020754952bf0 Unloading class 0x000002070525b400 'java/lang/invoke/LambdaForm$MH+0x000002070525b400'
Event: 93.531 Thread 0x0000020754952bf0 Unloading class 0x000002070525b000 'java/lang/invoke/LambdaForm$MH+0x000002070525b000'
Event: 93.531 Thread 0x0000020754952bf0 Unloading class 0x000002070525ac00 'java/lang/invoke/LambdaForm$MH+0x000002070525ac00'
Event: 93.531 Thread 0x0000020754952bf0 Unloading class 0x000002070525a800 'java/lang/invoke/LambdaForm$MH+0x000002070525a800'
Event: 93.531 Thread 0x0000020754952bf0 Unloading class 0x000002070525a400 'java/lang/invoke/LambdaForm$MH+0x000002070525a400'
Event: 93.531 Thread 0x0000020754952bf0 Unloading class 0x0000020705259800 'java/lang/invoke/LambdaForm$MH+0x0000020705259800'
Event: 93.531 Thread 0x0000020754952bf0 Unloading class 0x0000020705259400 'java/lang/invoke/LambdaForm$MH+0x0000020705259400'
Event: 93.531 Thread 0x0000020754952bf0 Unloading class 0x0000020705259000 'java/lang/invoke/LambdaForm$MH+0x0000020705259000'
Event: 93.531 Thread 0x0000020754952bf0 Unloading class 0x0000020705258c00 'java/lang/invoke/LambdaForm$MH+0x0000020705258c00'
Event: 93.531 Thread 0x0000020754952bf0 Unloading class 0x0000020705259c00 'java/lang/invoke/LambdaForm$MH+0x0000020705259c00'
Event: 93.531 Thread 0x0000020754952bf0 Unloading class 0x0000020705258400 'java/lang/invoke/LambdaForm$MH+0x0000020705258400'
Event: 93.531 Thread 0x0000020754952bf0 Unloading class 0x0000020705257c00 'java/lang/invoke/LambdaForm$MH+0x0000020705257c00'
Event: 93.531 Thread 0x0000020754952bf0 Unloading class 0x0000020705257800 'java/lang/invoke/LambdaForm$MH+0x0000020705257800'
Event: 93.531 Thread 0x0000020754952bf0 Unloading class 0x00000207050ebc00 'java/lang/invoke/LambdaForm$MH+0x00000207050ebc00'
Event: 93.531 Thread 0x0000020754952bf0 Unloading class 0x00000207050eb800 'java/lang/invoke/LambdaForm$MH+0x00000207050eb800'
Event: 93.531 Thread 0x0000020754952bf0 Unloading class 0x00000207050eb400 'java/lang/invoke/LambdaForm$MH+0x00000207050eb400'
Event: 93.531 Thread 0x0000020754952bf0 Unloading class 0x00000207050eb000 'java/lang/invoke/LambdaForm$MH+0x00000207050eb000'

Classes redefined (0 events):
No events

Internal exceptions (20 events):
Event: 2051.258 Thread 0x0000020772d8cba0 Exception <a 'java/lang/NoSuchMethodError'{0x00000000d5bf9928}: 'void java.lang.invoke.DirectMethodHandle$Holder.invokeVirtual(java.lang.Object, java.lang.Object, java.lang.Object, java.lang.Object, java.lang.Object)'> (0x00000000d5bf9928) 
thrown [s\src\hotspot\share\interpreter\linkResolver.cpp, line 773]
Event: 2071.544 Thread 0x0000020772d8b160 Exception <a 'java/io/FileNotFoundException'{0x00000000d5767718}> (0x00000000d5767718) 
thrown [s\src\hotspot\share\prims\jni.cpp, line 520]
Event: 2071.545 Thread 0x0000020772d8b160 Exception <a 'java/io/FileNotFoundException'{0x00000000d5768750}> (0x00000000d5768750) 
thrown [s\src\hotspot\share\prims\jni.cpp, line 520]
Event: 2074.392 Thread 0x0000020772d8b160 Exception <a 'sun/nio/fs/WindowsException'{0x00000000d5d31f80}> (0x00000000d5d31f80) 
thrown [s\src\hotspot\share\prims\jni.cpp, line 520]
Event: 2074.515 Thread 0x000002076d639ef0 Exception <a 'sun/nio/fs/WindowsException'{0x00000000d5fdcf70}> (0x00000000d5fdcf70) 
thrown [s\src\hotspot\share\prims\jni.cpp, line 520]
Event: 2077.262 Thread 0x000002076d639ef0 Exception <a 'sun/nio/fs/WindowsException'{0x00000000d5edd670}> (0x00000000d5edd670) 
thrown [s\src\hotspot\share\prims\jni.cpp, line 520]
Event: 2077.269 Thread 0x000002076d639ef0 Implicit null exception at 0x000002075ff40105 to 0x000002075ff407c4
Event: 2182.674 Thread 0x0000020772d8b160 Implicit null exception at 0x000002075ff3cca7 to 0x000002075ff3d236
Event: 2350.127 Thread 0x000002076d639860 Exception <a 'sun/nio/fs/WindowsException'{0x00000000d5db9f70}> (0x00000000d5db9f70) 
thrown [s\src\hotspot\share\prims\jni.cpp, line 520]
Event: 2350.127 Thread 0x000002076d639860 Exception <a 'sun/nio/fs/WindowsException'{0x00000000d5dba850}> (0x00000000d5dba850) 
thrown [s\src\hotspot\share\prims\jni.cpp, line 520]
Event: 2350.133 Thread 0x000002076d639860 Exception <a 'sun/nio/fs/WindowsException'{0x00000000d5dc5f00}> (0x00000000d5dc5f00) 
thrown [s\src\hotspot\share\prims\jni.cpp, line 520]
Event: 2350.134 Thread 0x000002076d639860 Exception <a 'sun/nio/fs/WindowsException'{0x00000000d5dc67e0}> (0x00000000d5dc67e0) 
thrown [s\src\hotspot\share\prims\jni.cpp, line 520]
Event: 2350.145 Thread 0x000002076d639860 Exception <a 'sun/nio/fs/WindowsException'{0x00000000d5def950}> (0x00000000d5def950) 
thrown [s\src\hotspot\share\prims\jni.cpp, line 520]
Event: 2350.145 Thread 0x000002076d639860 Exception <a 'sun/nio/fs/WindowsException'{0x00000000d5df0230}> (0x00000000d5df0230) 
thrown [s\src\hotspot\share\prims\jni.cpp, line 520]
Event: 2350.146 Thread 0x000002076d639860 Exception <a 'sun/nio/fs/WindowsException'{0x00000000d5df16b8}> (0x00000000d5df16b8) 
thrown [s\src\hotspot\share\prims\jni.cpp, line 520]
Event: 2350.146 Thread 0x000002076d639860 Exception <a 'sun/nio/fs/WindowsException'{0x00000000d5df1f98}> (0x00000000d5df1f98) 
thrown [s\src\hotspot\share\prims\jni.cpp, line 520]
Event: 2350.149 Thread 0x000002076d639860 Exception <a 'sun/nio/fs/WindowsException'{0x00000000d5df5018}> (0x00000000d5df5018) 
thrown [s\src\hotspot\share\prims\jni.cpp, line 520]
Event: 2350.149 Thread 0x000002076d639860 Exception <a 'sun/nio/fs/WindowsException'{0x00000000d5df58f8}> (0x00000000d5df58f8) 
thrown [s\src\hotspot\share\prims\jni.cpp, line 520]
Event: 2350.152 Thread 0x000002076d639860 Exception <a 'sun/nio/fs/WindowsException'{0x00000000d5df70c0}> (0x00000000d5df70c0) 
thrown [s\src\hotspot\share\prims\jni.cpp, line 520]
Event: 2350.152 Thread 0x000002076d639860 Exception <a 'sun/nio/fs/WindowsException'{0x00000000d5df79a0}> (0x00000000d5df79a0) 
thrown [s\src\hotspot\share\prims\jni.cpp, line 520]

ZGC Phase Switch (0 events):
No events

VM Operations (20 events):
Event: 11244.224 Executing non-safepoint VM operation: RendezvousGCThreads
Event: 11244.224 Executing non-safepoint VM operation: RendezvousGCThreads done
Event: 11544.589 Executing non-safepoint VM operation: HandshakeAllThreads (HandshakeForDeflation)
Event: 11544.589 Executing non-safepoint VM operation: HandshakeAllThreads (HandshakeForDeflation) done
Event: 11544.590 Executing non-safepoint VM operation: RendezvousGCThreads
Event: 11544.590 Executing non-safepoint VM operation: RendezvousGCThreads done
Event: 11664.681 Executing non-safepoint VM operation: HandshakeAllThreads (HandshakeForDeflation)
Event: 11664.682 Executing non-safepoint VM operation: HandshakeAllThreads (HandshakeForDeflation) done
Event: 11664.682 Executing non-safepoint VM operation: RendezvousGCThreads
Event: 11664.682 Executing non-safepoint VM operation: RendezvousGCThreads done
Event: 11837.029 Executing safepoint VM operation: ParallelGCFailedAllocation (Allocation Failure)
Event: 11837.042 Executing safepoint VM operation: ParallelGCFailedAllocation (Allocation Failure) done
Event: 12085.632 Executing non-safepoint VM operation: HandshakeAllThreads (HandshakeForDeflation)
Event: 12085.632 Executing non-safepoint VM operation: HandshakeAllThreads (HandshakeForDeflation) done
Event: 12085.632 Executing non-safepoint VM operation: RendezvousGCThreads
Event: 12085.632 Executing non-safepoint VM operation: RendezvousGCThreads done
Event: 12205.963 Executing non-safepoint VM operation: HandshakeAllThreads (HandshakeForDeflation)
Event: 12205.963 Executing non-safepoint VM operation: HandshakeAllThreads (HandshakeForDeflation) done
Event: 12205.963 Executing non-safepoint VM operation: RendezvousGCThreads
Event: 12205.963 Executing non-safepoint VM operation: RendezvousGCThreads done

Memory protections (0 events):
No events

Nmethod flushes (0 events):
No events

Events (20 events):
Event: 2350.162 Thread 0x0000020772d8cba0 Thread added: 0x000002077315c190
Event: 2350.164 Thread 0x000002077315c190 Thread added: 0x00000207731593a0
Event: 2350.164 Thread 0x0000020772d8cba0 Thread added: 0x000002077315e260
Event: 2350.165 Thread 0x000002077315e260 Thread exited: 0x000002077315e260
Event: 2350.165 Thread 0x0000020772d8cba0 Thread exited: 0x0000020772d8cba0
Event: 2350.166 Thread 0x00000207731593a0 Thread exited: 0x00000207731593a0
Event: 2350.166 Thread 0x0000020772d8df50 Thread exited: 0x0000020772d8df50
Event: 2350.166 Thread 0x0000020772d8e5e0 Thread exited: 0x0000020772d8e5e0
Event: 2350.166 Thread 0x000002077315c820 Thread exited: 0x000002077315c820
Event: 2350.166 Thread 0x000002077315c190 Thread exited: 0x000002077315c190
Event: 2350.852 Thread 0x000002077315ceb0 Thread exited: 0x000002077315ceb0
Event: 2350.852 Thread 0x0000020772d8aad0 Thread exited: 0x0000020772d8aad0
Event: 2350.852 Thread 0x0000020772d88a00 Thread exited: 0x0000020772d88a00
Event: 2350.852 Thread 0x0000020772d8b7f0 Thread exited: 0x0000020772d8b7f0
Event: 2350.852 Thread 0x000002077315d540 Thread exited: 0x000002077315d540
Event: 2350.853 Thread 0x0000020772d8be80 Thread exited: 0x0000020772d8be80
Event: 2374.529 Thread 0x000002077315dbd0 Thread exited: 0x000002077315dbd0
Event: 2374.536 Thread 0x0000020772d89720 Thread exited: 0x0000020772d89720
Event: 2374.537 Thread 0x0000020772d8d230 Thread exited: 0x0000020772d8d230
Event: 2374.537 Thread 0x000002077315e8f0 Thread exited: 0x000002077315e8f0


Dynamic libraries:
0x00007ff765420000 - 0x00007ff76542e000 	c:\Users\Rohit\.vscode\extensions\redhat.java-1.54.2026032508-win32-x64\jre\21.0.10-win32-x86_64\bin\java.exe
0x00007ffb5a000000 - 0x00007ffb5a267000 	C:\WINDOWS\SYSTEM32\ntdll.dll
0x00007ffb57da0000 - 0x00007ffb57e69000 	C:\WINDOWS\System32\KERNEL32.DLL
0x00007ffb577c0000 - 0x00007ffb57bb1000 	C:\WINDOWS\System32\KERNELBASE.dll
0x00007ffb57500000 - 0x00007ffb5764b000 	C:\WINDOWS\System32\ucrtbase.dll
0x00007ffb17230000 - 0x00007ffb1724e000 	c:\Users\Rohit\.vscode\extensions\redhat.java-1.54.2026032508-win32-x64\jre\21.0.10-win32-x86_64\bin\VCRUNTIME140.dll
0x00007ffb483b0000 - 0x00007ffb483c8000 	c:\Users\Rohit\.vscode\extensions\redhat.java-1.54.2026032508-win32-x64\jre\21.0.10-win32-x86_64\bin\jli.dll
0x00007ffb59570000 - 0x00007ffb59735000 	C:\WINDOWS\System32\USER32.dll
0x00007ffb574d0000 - 0x00007ffb574f7000 	C:\WINDOWS\System32\win32u.dll
0x00007ffb35cd0000 - 0x00007ffb35f63000 	C:\WINDOWS\WinSxS\amd64_microsoft.windows.common-controls_6595b64144ccf1df_6.0.26100.8037_none_3e092faae333b53b\COMCTL32.dll
0x00007ffb59740000 - 0x00007ffb5976b000 	C:\WINDOWS\System32\GDI32.dll
0x00007ffb580e0000 - 0x00007ffb58189000 	C:\WINDOWS\System32\msvcrt.dll
0x00007ffb57c70000 - 0x00007ffb57d9b000 	C:\WINDOWS\System32\gdi32full.dll
0x00007ffb57650000 - 0x00007ffb576f3000 	C:\WINDOWS\System32\msvcp_win.dll
0x00007ffb580a0000 - 0x00007ffb580d1000 	C:\WINDOWS\System32\IMM32.DLL
0x00007ffb4e800000 - 0x00007ffb4e80c000 	c:\Users\Rohit\.vscode\extensions\redhat.java-1.54.2026032508-win32-x64\jre\21.0.10-win32-x86_64\bin\vcruntime140_1.dll
0x00007ffb16d30000 - 0x00007ffb16dbd000 	c:\Users\Rohit\.vscode\extensions\redhat.java-1.54.2026032508-win32-x64\jre\21.0.10-win32-x86_64\bin\msvcp140.dll
0x00007ffadf450000 - 0x00007ffae01f1000 	c:\Users\Rohit\.vscode\extensions\redhat.java-1.54.2026032508-win32-x64\jre\21.0.10-win32-x86_64\bin\server\jvm.dll
0x00007ffb588d0000 - 0x00007ffb5898b000 	C:\WINDOWS\System32\ADVAPI32.dll
0x00007ffb58190000 - 0x00007ffb58237000 	C:\WINDOWS\System32\sechost.dll
0x00007ffb589a0000 - 0x00007ffb58ab8000 	C:\WINDOWS\System32\RPCRT4.dll
0x00007ffb59f20000 - 0x00007ffb59f94000 	C:\WINDOWS\System32\WS2_32.dll
0x00007ffb55dd0000 - 0x00007ffb55e2e000 	C:\WINDOWS\SYSTEM32\POWRPROF.dll
0x00007ffb440d0000 - 0x00007ffb44105000 	C:\WINDOWS\SYSTEM32\WINMM.dll
0x00007ffb4c2e0000 - 0x00007ffb4c2eb000 	C:\WINDOWS\SYSTEM32\VERSION.dll
0x00007ffb55db0000 - 0x00007ffb55dc4000 	C:\WINDOWS\SYSTEM32\UMPDC.dll
0x00007ffb55660000 - 0x00007ffb5567b000 	C:\WINDOWS\SYSTEM32\kernel.appcore.dll
0x00007ffb23070000 - 0x00007ffb2307a000 	c:\Users\Rohit\.vscode\extensions\redhat.java-1.54.2026032508-win32-x64\jre\21.0.10-win32-x86_64\bin\jimage.dll
0x00007ffb547a0000 - 0x00007ffb549e2000 	C:\WINDOWS\SYSTEM32\DBGHELP.DLL
0x00007ffb59770000 - 0x00007ffb59af2000 	C:\WINDOWS\System32\combase.dll
0x00007ffb58bc0000 - 0x00007ffb58c97000 	C:\WINDOWS\System32\OLEAUT32.dll
0x00007ffb34f30000 - 0x00007ffb34f6b000 	C:\WINDOWS\SYSTEM32\dbgcore.DLL
0x00007ffb57bc0000 - 0x00007ffb57c65000 	C:\WINDOWS\System32\bcryptPrimitives.dll
0x00007ffb23060000 - 0x00007ffb2306f000 	c:\Users\Rohit\.vscode\extensions\redhat.java-1.54.2026032508-win32-x64\jre\21.0.10-win32-x86_64\bin\instrument.dll
0x00007ffb17c80000 - 0x00007ffb17ca0000 	c:\Users\Rohit\.vscode\extensions\redhat.java-1.54.2026032508-win32-x64\jre\21.0.10-win32-x86_64\bin\java.dll
0x00007ffb58e00000 - 0x00007ffb5955f000 	C:\WINDOWS\System32\SHELL32.dll
0x00007ffb56a60000 - 0x00007ffb56bca000 	C:\WINDOWS\System32\wintypes.dll
0x00007ffb56bd0000 - 0x00007ffb57434000 	C:\WINDOWS\System32\windows.storage.dll
0x00007ffb58cb0000 - 0x00007ffb58da7000 	C:\WINDOWS\System32\SHCORE.dll
0x00007ffb59b00000 - 0x00007ffb59b67000 	C:\WINDOWS\System32\shlwapi.dll
0x00007ffb56800000 - 0x00007ffb56829000 	C:\WINDOWS\SYSTEM32\profapi.dll
0x00007ffb17250000 - 0x00007ffb17268000 	c:\Users\Rohit\.vscode\extensions\redhat.java-1.54.2026032508-win32-x64\jre\21.0.10-win32-x86_64\bin\zip.dll
0x00007ffb1b8a0000 - 0x00007ffb1b8b0000 	C:\Users\Rohit\.vscode\extensions\redhat.java-1.54.2026032508-win32-x64\jre\21.0.10-win32-x86_64\bin\net.dll
0x00007ffb4e0c0000 - 0x00007ffb4e1e7000 	C:\WINDOWS\SYSTEM32\WINHTTP.dll
0x00007ffb55c50000 - 0x00007ffb55cbb000 	C:\WINDOWS\system32\mswsock.dll
0x00007ffb17c60000 - 0x00007ffb17c76000 	C:\Users\Rohit\.vscode\extensions\redhat.java-1.54.2026032508-win32-x64\jre\21.0.10-win32-x86_64\bin\nio.dll
0x00007ffb173d0000 - 0x00007ffb173e0000 	c:\Users\Rohit\.vscode\extensions\redhat.java-1.54.2026032508-win32-x64\jre\21.0.10-win32-x86_64\bin\verify.dll
0x00007ffb170c0000 - 0x00007ffb17105000 	C:\Users\Rohit\AppData\Roaming\Code\User\globalStorage\redhat.java\1.54.2026032508\config_win\org.eclipse.equinox.launcher\org.eclipse.equinox.launcher.win32.win32.x86_64_1.3.0.v20260203-2149\eclipse_11919.dll
0x00007ffb57e70000 - 0x00007ffb58005000 	C:\WINDOWS\System32\ole32.dll
0x00007ffb55fe0000 - 0x00007ffb55ffb000 	C:\WINDOWS\SYSTEM32\CRYPTSP.dll
0x00007ffb555c0000 - 0x00007ffb555f9000 	C:\WINDOWS\system32\rsaenh.dll
0x00007ffb55d20000 - 0x00007ffb55d52000 	C:\WINDOWS\SYSTEM32\USERENV.dll
0x00007ffb567d0000 - 0x00007ffb567fa000 	C:\WINDOWS\SYSTEM32\bcrypt.dll
0x00007ffb56000000 - 0x00007ffb5600c000 	C:\WINDOWS\SYSTEM32\CRYPTBASE.dll
0x00007ffb55090000 - 0x00007ffb550c3000 	C:\WINDOWS\SYSTEM32\IPHLPAPI.DLL
0x00007ffb58ca0000 - 0x00007ffb58caa000 	C:\WINDOWS\System32\NSI.dll
0x00007ffb17c10000 - 0x00007ffb17c59000 	C:\Users\Rohit\AppData\Local\Temp\jna-79138838\jna3443081910498001463.dll
0x00007ffb586e0000 - 0x00007ffb586e8000 	C:\WINDOWS\System32\PSAPI.DLL
0x00007ffb4e870000 - 0x00007ffb4e88d000 	C:\WINDOWS\SYSTEM32\dhcpcsvc6.DLL
0x00007ffb4e840000 - 0x00007ffb4e863000 	C:\WINDOWS\SYSTEM32\dhcpcsvc.DLL
0x00007ffb171e0000 - 0x00007ffb171ee000 	C:\Users\Rohit\.vscode\extensions\redhat.java-1.54.2026032508-win32-x64\jre\21.0.10-win32-x86_64\bin\sunmscapi.dll
0x00007ffb568e0000 - 0x00007ffb56a57000 	C:\WINDOWS\System32\CRYPT32.dll
0x00007ffb56200000 - 0x00007ffb56230000 	C:\WINDOWS\SYSTEM32\ncrypt.dll
0x00007ffb561b0000 - 0x00007ffb561ef000 	C:\WINDOWS\SYSTEM32\NTASN1.dll
0x00007ffb55130000 - 0x00007ffb5525a000 	C:\WINDOWS\SYSTEM32\DNSAPI.dll
0x00007ffb4db00000 - 0x00007ffb4db0b000 	C:\Windows\System32\rasadhlp.dll
0x00007ffb4ea10000 - 0x00007ffb4ea96000 	C:\WINDOWS\System32\fwpuclnt.dll
0x00007ffb16d20000 - 0x00007ffb16d29000 	C:\Users\Rohit\.vscode\extensions\redhat.java-1.54.2026032508-win32-x64\jre\21.0.10-win32-x86_64\bin\extnet.dll
0x00007ffb1b8d0000 - 0x00007ffb1b8f7000 	C:\Users\Rohit\.gradle\native\1def1411415f61bf3af743bc5b6707747c0891f09f0c88961ee8f79bc544acac\windows-amd64\native-platform.dll
0x00007ffb17200000 - 0x00007ffb1720a000 	C:\Users\Rohit\.vscode\extensions\redhat.java-1.54.2026032508-win32-x64\jre\21.0.10-win32-x86_64\bin\management.dll
0x00007ffb171f0000 - 0x00007ffb171fc000 	C:\Users\Rohit\.vscode\extensions\redhat.java-1.54.2026032508-win32-x64\jre\21.0.10-win32-x86_64\bin\management_ext.dll
0x00007ffb42020000 - 0x00007ffb42028000 	C:\WINDOWS\system32\wshunix.dll

JVMTI agents:
c:\Users\Rohit\.vscode\extensions\redhat.java-1.54.2026032508-win32-x64\lombok\lombok-1.18.39-4050.jar path:c:\Users\Rohit\.vscode\extensions\redhat.java-1.54.2026032508-win32-x64\jre\21.0.10-win32-x86_64\bin\instrument.dll, loaded, initialized, instrumentlib options:none

dbghelp: loaded successfully - version: 4.0.5 - missing functions: none
symbol engine: initialized successfully - sym options: 0x614 - pdb path: .;c:\Users\Rohit\.vscode\extensions\redhat.java-1.54.2026032508-win32-x64\jre\21.0.10-win32-x86_64\bin;C:\WINDOWS\SYSTEM32;C:\WINDOWS\WinSxS\amd64_microsoft.windows.common-controls_6595b64144ccf1df_6.0.26100.8037_none_3e092faae333b53b;c:\Users\Rohit\.vscode\extensions\redhat.java-1.54.2026032508-win32-x64\jre\21.0.10-win32-x86_64\bin\server;C:\Users\Rohit\AppData\Roaming\Code\User\globalStorage\redhat.java\1.54.2026032508\config_win\org.eclipse.equinox.launcher\org.eclipse.equinox.launcher.win32.win32.x86_64_1.3.0.v20260203-2149;C:\Users\Rohit\AppData\Local\Temp\jna-79138838;C:\Users\Rohit\.gradle\native\1def1411415f61bf3af743bc5b6707747c0891f09f0c88961ee8f79bc544acac\windows-amd64

VM Arguments:
jvm_args: --add-modules=ALL-SYSTEM --add-opens=java.base/java.util=ALL-UNNAMED --add-opens=java.base/java.lang=ALL-UNNAMED --add-opens=java.base/sun.nio.fs=ALL-UNNAMED -Declipse.application=org.eclipse.jdt.ls.core.id1 -Dosgi.bundles.defaultStartLevel=4 -Declipse.product=org.eclipse.jdt.ls.core.product -Djava.import.generatesMetadataFilesAtProjectRoot=false -DDetectVMInstallationsJob.disabled=true -Dfile.encoding=utf8 -XX:+UseParallelGC -XX:GCTimeRatio=4 -XX:AdaptiveSizePolicyWeight=90 -Dsun.zip.disableMemoryMapping=true -Xmx2G -Xms100m -Xlog:disable -javaagent:c:\Users\Rohit\.vscode\extensions\redhat.java-1.54.2026032508-win32-x64\lombok\lombok-1.18.39-4050.jar -XX:+HeapDumpOnOutOfMemoryError -XX:HeapDumpPath=c:\Users\Rohit\AppData\Roaming\Code\User\workspaceStorage\6d49a6029bcb0fc83d9f2152666a4f8f\redhat.java -Daether.dependencyCollector.impl=bf -XX:+UnlockDiagnosticVMOptions -XX:+AllowArchivingWithJavaAgent -XX:+AutoCreateSharedArchive -XX:SharedArchiveFile=c:\Users\Rohit\AppData\Roaming\Code\User\globalStorage\redhat.java\1.54.2026032508\jdtls.jsa 
java_command: c:\Users\Rohit\.vscode\extensions\redhat.java-1.54.2026032508-win32-x64\server\plugins\org.eclipse.equinox.launcher_1.7.100.v20251111-0406.jar -configuration c:\Users\Rohit\AppData\Roaming\Code\User\globalStorage\redhat.java\1.54.2026032508\config_win -data c:\Users\Rohit\AppData\Roaming\Code\User\workspaceStorage\6d49a6029bcb0fc83d9f2152666a4f8f\redhat.java\jdt_ws --pipe=\\.\pipe\lsp-0ff817250a1ace3ba8702db323e28270-sock
java_class_path (initial): c:\Users\Rohit\.vscode\extensions\redhat.java-1.54.2026032508-win32-x64\server\plugins\org.eclipse.equinox.launcher_1.7.100.v20251111-0406.jar
Launcher Type: SUN_STANDARD

[Global flags]
    uintx AdaptiveSizePolicyWeight                 = 90                                        {product} {command line}
     bool AllowArchivingWithJavaAgent              = true                             {JVMCI diagnostic} {command line}
     bool AutoCreateSharedArchive                  = false                               {JVMCI product} {command line}
     intx CICompilerCount                          = 4                                         {product} {ergonomic}
    uintx GCTimeRatio                              = 4                                         {product} {command line}
     bool HeapDumpOnOutOfMemoryError               = true                                   {manageable} {command line}
    ccstr HeapDumpPath                             = c:\Users\Rohit\AppData\Roaming\Code\User\workspaceStorage\6d49a6029bcb0fc83d9f2152666a4f8f\redhat.java         {manageable} {command line}
   size_t InitialHeapSize                          = 104857600                                 {product} {command line}
   size_t MaxHeapSize                              = 2147483648                                {product} {command line}
   size_t MaxNewSize                               = 715653120                                 {product} {ergonomic}
   size_t MinHeapDeltaBytes                        = 524288                                    {product} {ergonomic}
   size_t MinHeapSize                              = 104857600                                 {product} {command line}
   size_t NewSize                                  = 34603008                                  {product} {ergonomic}
    uintx NonNMethodCodeHeapSize                   = 5839372                                {pd product} {ergonomic}
    uintx NonProfiledCodeHeapSize                  = 122909434                              {pd product} {ergonomic}
   size_t OldSize                                  = 70254592                                  {product} {ergonomic}
    uintx ProfiledCodeHeapSize                     = 122909434                              {pd product} {ergonomic}
    uintx ReservedCodeCacheSize                    = 251658240                              {pd product} {ergonomic}
     bool SegmentedCodeCache                       = true                                      {product} {ergonomic}
    ccstr SharedArchiveFile                        = c:\Users\Rohit\AppData\Roaming\Code\User\globalStorage\redhat.java\1.54.2026032508\jdtls.jsa      {JVMCI product} {command line}
   size_t SoftMaxHeapSize                          = 2147483648                             {manageable} {ergonomic}
     bool UnlockDiagnosticVMOptions                = true                                   {diagnostic} {command line}
     bool UseCompressedOops                        = true                           {product lp64_product} {ergonomic}
     bool UseLargePagesIndividualAllocation        = false                                  {pd product} {ergonomic}
     bool UseParallelGC                            = true                                      {product} {command line}

Logging:
Log output configuration:
 #0: stdout all=off uptime,level,tags foldmultilines=false
 #1: stderr all=off uptime,level,tags foldmultilines=false

Release file:
JAVA_VERSION="21.0.10" 
MODULES="java.base java.compiler java.datatransfer java.xml java.prefs java.desktop java.instrument java.logging java.management java.security.sasl java.naming java.rmi java.management.rmi java.net.http java.scripting java.security.jgss java.transaction.xa java.sql java.sql.rowset java.xml.crypto java.se java.smartcardio jdk.accessibility jdk.internal.jvmstat jdk.attach jdk.charsets jdk.internal.opt jdk.zipfs jdk.compiler jdk.crypto.ec jdk.crypto.cryptoki jdk.crypto.mscapi jdk.dynalink jdk.internal.ed jdk.editpad jdk.hotspot.agent jdk.httpserver jdk.internal.le jdk.internal.vm.ci jdk.internal.vm.compiler jdk.internal.vm.compiler.management jdk.jartool jdk.javadoc jdk.jcmd jdk.management jdk.management.agent jdk.jconsole jdk.jdeps jdk.jdwp.agent jdk.jdi jdk.jfr jdk.jshell jdk.jsobject jdk.jstatd jdk.localedata jdk.management.jfr jdk.naming.dns jdk.naming.rmi jdk.net jdk.nio.mapmode jdk.random jdk.sctp jdk.security.auth jdk.security.jgss jdk.unsupported jdk.unsupported.desktop jdk.xml.dom" 

Environment Variables:
JAVA_HOME=C:\Program Files\Java\jdk-17
PATH=C:\Users\Rohit\AppData\Local\Programs\Microsoft VS Code;C:\Program Files\Java\jdk-17\bin;C:\Program Files\Common Files\Oracle\Java\javapath;C:\oraclexe\app\oracle\product\10.2.0\server\bin;C:\windows\system32;C:\windows;C:\windows\System32\Wbem;C:\windows\System32\WindowsPowerShell\v1.0\;C:\windows\System32\OpenSSH\;C:\Program Files (x86)\NVIDIA Corporation\PhysX\Common;C:\Program Files\NVIDIA Corporation\NVIDIA NvDLISR;C:\Users\Administrator\AppData\Local\Microsoft\WindowsApps;C:\Program Files\HP\OMEN-Broadcast\Common;C:\ProgramData\chocolatey\bin;C:\Program Files\nodejs\;C:\xampp\php;C:\ProgramData\ComposerSetup\bin;C:\Program Files\Git\cmd;C:\Program Files\Microsoft SQL Server\150\Tools\Binn\;C:\Program Files\Microsoft SQL Server\Client SDK\ODBC\170\Tools\Binn\;C:\Program Files\dotnet\;%SystemRoot%\system32;%SystemRoot%;%SystemRoot%\System32\Wbem;%SYSTEMROOT%\System32\WindowsPowerShell\v1.0\;%SYSTEMROOT%\System32\OpenSSH\;C:\Users\Rohit\AppData\Local\Programs\Python\Python313\Scripts\;C:\Users\Rohit\AppData\Local\Programs\Python\Python313\;C:\Users\Rohit\AppData\Local\Microsoft\WindowsApps;C:\Users\Rohit\AppData\Local\Programs\Microsoft VS Code\bin;C:\Program Files\Java\jdk-17\bin;D:\Android\Flutter\SDK\flutter\bin;C:\Users\Rohit\AppData\Local\GitHubDesktop\bin;C:\Users\Rohit\AppData\Roaming\npm;C:\Users\Rohit\AppData\Local\Android\Sdk;C:\Users\Rohit\AppData\Roaming\Composer\vendor\bin;C:\Users\Rohit\.dotnet\tools;C:\Program Files\MySQL\MySQL Server 9.3\bin;
USERNAME=Rohit
OS=Windows_NT
PROCESSOR_IDENTIFIER=Intel64 Family 6 Model 186 Stepping 2, GenuineIntel
TMP=C:\Users\Rohit\AppData\Local\Temp
TEMP=C:\Users\Rohit\AppData\Local\Temp




Periodic native trim disabled

---------------  S Y S T E M  ---------------

OS:
 Windows 11 , 64 bit Build 26100 (10.0.26100.7920)
OS uptime: 0 days 3:26 hours
Hyper-V role detected

CPU: total 12 (initial active 12) (6 cores per cpu, 2 threads per core) family 6 model 186 stepping 2 microcode 0x4122, cx8, cmov, fxsr, ht, mmx, 3dnowpref, sse, sse2, sse3, ssse3, sse4.1, sse4.2, popcnt, lzcnt, tsc, tscinvbit, avx, avx2, aes, erms, clmul, bmi1, bmi2, adx, sha, fma, vzeroupper, clflush, clflushopt, clwb, hv, serialize, rdtscp, rdpid, fsrm, f16c, cet_ibt, cet_ss
Processor Information for the first 12 processors :
  Max Mhz: 2100, Current Mhz: 2100, Mhz Limit: 2100

Memory: 4k page, system-wide physical 16024M (823M free)
TotalPageFile size 42587M (AvailPageFile size 49M)
current process WorkingSet (physical memory assigned to process): 56M, peak: 364M
current process commit charge ("private bytes"): 563M, peak: 581M

vm_info: OpenJDK 64-Bit Server VM (21.0.10+7-LTS) for windows-amd64 JRE (21.0.10+7-LTS), built on 2026-01-20T00:00:00Z by "admin" with MS VC++ 17.12 (VS2022)

END.
