#
# There is insufficient memory for the Java Runtime Environment to continue.
# Native memory allocation (malloc) failed to allocate 1048576 bytes. Error detail: AllocateHeap
# Possible reasons:
#   The system is out of physical RAM or swap space
#   This process is running with CompressedOops enabled, and the Java Heap may be blocking the growth of the native heap
# Possible solutions:
#   Reduce memory load on the system
#   Increase physical memory or swap space
#   Check if swap backing store is full
#   Decrease Java heap size (-Xmx/-Xms)
#   Decrease number of Java threads
#   Decrease Java thread stack sizes (-Xss)
#   Set larger code cache with -XX:ReservedCodeCacheSize=
#   JVM is running with Unscaled Compressed Oops mode in which the Java heap is
#     placed in the first 4GB address space. The Java Heap base address is the
#     maximum limit for the native heap growth. Please use -XX:HeapBaseMinAddress
#     to set the Java Heap base and to place the Java Heap above 4GB virtual address.
# This output file may be truncated or incomplete.
#
#  Out of Memory Error (allocation.cpp:44), pid=18824, tid=18768
#
# JRE version: OpenJDK Runtime Environment Temurin-21.0.10+7 (21.0.10+7) (build 21.0.10+7-LTS)
# Java VM: OpenJDK 64-Bit Server VM Temurin-21.0.10+7 (21.0.10+7-LTS, mixed mode, sharing, tiered, compressed oops, compressed class ptrs, parallel gc, windows-amd64)
# No core dump will be written. Minidumps are not enabled by default on client versions of Windows
#

---------------  S U M M A R Y ------------

Command Line: --add-modules=ALL-SYSTEM --add-opens=java.base/java.util=ALL-UNNAMED --add-opens=java.base/java.lang=ALL-UNNAMED --add-opens=java.base/sun.nio.fs=ALL-UNNAMED -Declipse.application=org.eclipse.jdt.ls.core.id1 -Dosgi.bundles.defaultStartLevel=4 -Declipse.product=org.eclipse.jdt.ls.core.product -Djava.import.generatesMetadataFilesAtProjectRoot=false -DDetectVMInstallationsJob.disabled=true -Dfile.encoding=utf8 -XX:+UseParallelGC -XX:GCTimeRatio=4 -XX:AdaptiveSizePolicyWeight=90 -Dsun.zip.disableMemoryMapping=true -Xmx2G -Xms100m -Xlog:disable -javaagent:c:\Users\Rohit\.vscode\extensions\redhat.java-1.55.2026042408-win32-x64\lombok\lombok-1.18.39-4050.jar -XX:+HeapDumpOnOutOfMemoryError -XX:HeapDumpPath=c:\Users\Rohit\AppData\Roaming\Code\User\workspaceStorage\6d49a6029bcb0fc83d9f2152666a4f8f\redhat.java -Daether.dependencyCollector.impl=bf -XX:+UnlockDiagnosticVMOptions -XX:+AllowArchivingWithJavaAgent -XX:+AutoCreateSharedArchive -XX:SharedArchiveFile=c:\Users\Rohit\AppData\Roaming\Code\User\globalStorage\redhat.java\1.55.2026042408\jdtls.jsa c:\Users\Rohit\.vscode\extensions\redhat.java-1.55.2026042408-win32-x64\server\plugins\org.eclipse.equinox.launcher_1.7.100.v20251111-0406.jar -configuration c:\Users\Rohit\AppData\Roaming\Code\User\globalStorage\redhat.java\1.55.2026042408\config_win -data c:\Users\Rohit\AppData\Roaming\Code\User\workspaceStorage\6d49a6029bcb0fc83d9f2152666a4f8f\redhat.java\jdt_ws --pipe=\\.\pipe\lsp-d1c5677c0eada0268483688cd68cabe2-sock

Host: 13th Gen Intel(R) Core(TM) i5-13420H, 12 cores, 15G,  Windows 11 , 64 bit Build 26100 (10.0.26100.8246)
Time: Tue Apr 28 12:08:48 2026 India Standard Time elapsed time: 6966.994573 seconds (0d 1h 56m 6s)

---------------  T H R E A D  ---------------

Current thread (0x0000020324fc00e0):  JavaThread "Attach Listener" daemon [_thread_in_vm, id=18768, stack(0x000000803ee00000,0x000000803ef00000) (1024K)]

Stack: [0x000000803ee00000,0x000000803ef00000]
Native frames: (J=compiled Java code, j=interpreted, Vv=VM code, C=native code)
V  [jvm.dll+0x6d7a39]
V  [jvm.dll+0x8b4b26]
V  [jvm.dll+0x8b70de]
V  [jvm.dll+0x8b77c3]
V  [jvm.dll+0x284346]
V  [jvm.dll+0xc1277]
V  [jvm.dll+0x6d82e9]
V  [jvm.dll+0x1334a6]
V  [jvm.dll+0x3f857e]
V  [jvm.dll+0x85f59d]
V  [jvm.dll+0x6d626d]
C  [ucrtbase.dll+0x37b0]
C  [KERNEL32.DLL+0x2e8d7]
C  [ntdll.dll+0x8c3fc]


---------------  P R O C E S S  ---------------

Threads class SMR info:
_java_thread_list=0x000002038b0225e0, length=39, elements={
0x0000020324f0df50, 0x0000020324fb8560, 0x0000020324fba8f0, 0x0000020324fbd0e0,
0x0000020324fc00e0, 0x0000020324fc4950, 0x0000020324fc7db0, 0x0000020324fcddf0,
0x0000020381d1e000, 0x0000020381f975a0, 0x000002038206cc20, 0x000002038777c910,
0x0000020382061760, 0x00000203876a6d80, 0x00000203870da2b0, 0x0000020387b92f10,
0x0000020387411b70, 0x0000020387c2a880, 0x00000203878aaa50, 0x0000020389160560,
0x0000020389161910, 0x0000020389161fa0, 0x0000020389162630, 0x000002038915fed0,
0x0000020389165ab0, 0x0000020389165420, 0x00000203891639e0, 0x0000020389164d90,
0x0000020389166140, 0x0000020389162cc0, 0x0000020389163350, 0x00000203891667d0,
0x0000020389166e60, 0x00000203891674f0, 0x0000020389164700, 0x000002038920a8c0,
0x0000020389ec2210, 0x0000020389ec14f0, 0x000002038b880aa0
}

Java Threads: ( => current thread )
  0x0000020324f0df50 JavaThread "main"                              [_thread_blocked, id=19804, stack(0x000000803e700000,0x000000803e800000) (1024K)]
  0x0000020324fb8560 JavaThread "Reference Handler"          daemon [_thread_blocked, id=19408, stack(0x000000803eb00000,0x000000803ec00000) (1024K)]
  0x0000020324fba8f0 JavaThread "Finalizer"                  daemon [_thread_blocked, id=17024, stack(0x000000803ec00000,0x000000803ed00000) (1024K)]
  0x0000020324fbd0e0 JavaThread "Signal Dispatcher"          daemon [_thread_blocked, id=19744, stack(0x000000803ed00000,0x000000803ee00000) (1024K)]
=>0x0000020324fc00e0 JavaThread "Attach Listener"            daemon [_thread_in_vm, id=18768, stack(0x000000803ee00000,0x000000803ef00000) (1024K)]
  0x0000020324fc4950 JavaThread "Service Thread"             daemon [_thread_blocked, id=19248, stack(0x000000803ef00000,0x000000803f000000) (1024K)]
  0x0000020324fc7db0 JavaThread "Monitor Deflation Thread"   daemon [_thread_blocked, id=19444, stack(0x000000803f000000,0x000000803f100000) (1024K)]
  0x0000020324fcddf0 JavaThread "C2 CompilerThread0"         daemon [_thread_blocked, id=20420, stack(0x000000803f100000,0x000000803f200000) (1024K)]
  0x0000020381d1e000 JavaThread "C1 CompilerThread0"         daemon [_thread_blocked, id=19040, stack(0x000000803f200000,0x000000803f300000) (1024K)]
  0x0000020381f975a0 JavaThread "Common-Cleaner"             daemon [_thread_blocked, id=19304, stack(0x000000803f300000,0x000000803f400000) (1024K)]
  0x000002038206cc20 JavaThread "Notification Thread"        daemon [_thread_blocked, id=19544, stack(0x000000803f500000,0x000000803f600000) (1024K)]
  0x000002038777c910 JavaThread "Active Thread: Equinox Container: fc4e3022-e233-4d18-bd7e-6f8587fb08f9"        [_thread_blocked, id=17140, stack(0x000000803f600000,0x000000803f700000) (1024K)]
  0x0000020382061760 JavaThread "Refresh Thread: Equinox Container: fc4e3022-e233-4d18-bd7e-6f8587fb08f9" daemon [_thread_blocked, id=11092, stack(0x000000803f400000,0x000000803f500000) (1024K)]
  0x00000203876a6d80 JavaThread "Framework Event Dispatcher: Equinox Container: fc4e3022-e233-4d18-bd7e-6f8587fb08f9" daemon [_thread_blocked, id=11844, stack(0x000000803fe00000,0x000000803ff00000) (1024K)]
  0x00000203870da2b0 JavaThread "Start Level: Equinox Container: fc4e3022-e233-4d18-bd7e-6f8587fb08f9" daemon [_thread_blocked, id=10812, stack(0x000000803ff00000,0x0000008040000000) (1024K)]
  0x0000020387b92f10 JavaThread "Bundle File Closer"         daemon [_thread_blocked, id=20948, stack(0x0000008040400000,0x0000008040500000) (1024K)]
  0x0000020387411b70 JavaThread "SCR Component Actor"        daemon [_thread_blocked, id=1436, stack(0x000000803e600000,0x000000803e700000) (1024K)]
  0x0000020387c2a880 JavaThread "Worker-JM"                         [_thread_blocked, id=1400, stack(0x0000008040500000,0x0000008040600000) (1024K)]
  0x00000203878aaa50 JavaThread "JNA Cleaner"                daemon [_thread_blocked, id=3888, stack(0x0000008040100000,0x0000008040200000) (1024K)]
  0x0000020389160560 JavaThread "Java indexing"              daemon [_thread_blocked, id=2764, stack(0x0000008040a00000,0x0000008040b00000) (1024K)]
  0x0000020389161910 JavaThread "Thread-1"                   daemon [_thread_in_native, id=8524, stack(0x0000008040e00000,0x0000008040f00000) (1024K)]
  0x0000020389161fa0 JavaThread "Thread-2"                   daemon [_thread_in_native, id=8372, stack(0x0000008040f00000,0x0000008041000000) (1024K)]
  0x0000020389162630 JavaThread "Thread-3"                   daemon [_thread_in_native, id=6004, stack(0x0000008041000000,0x0000008041100000) (1024K)]
  0x000002038915fed0 JavaThread "Thread-4"                   daemon [_thread_in_native, id=8588, stack(0x0000008041100000,0x0000008041200000) (1024K)]
  0x0000020389165ab0 JavaThread "Thread-5"                   daemon [_thread_in_native, id=6100, stack(0x0000008041200000,0x0000008041300000) (1024K)]
  0x0000020389165420 JavaThread "Thread-6"                   daemon [_thread_in_native, id=8728, stack(0x0000008041300000,0x0000008041400000) (1024K)]
  0x00000203891639e0 JavaThread "Thread-7"                   daemon [_thread_in_native, id=8544, stack(0x0000008041400000,0x0000008041500000) (1024K)]
  0x0000020389164d90 JavaThread "Thread-8"                   daemon [_thread_in_native, id=8636, stack(0x0000008041500000,0x0000008041600000) (1024K)]
  0x0000020389166140 JavaThread "Thread-9"                   daemon [_thread_in_native, id=17176, stack(0x0000008041600000,0x0000008041700000) (1024K)]
  0x0000020389162cc0 JavaThread "Thread-10"                  daemon [_thread_in_native, id=5776, stack(0x0000008041700000,0x0000008041800000) (1024K)]
  0x0000020389163350 JavaThread "Thread-11"                  daemon [_thread_in_native, id=8972, stack(0x0000008041800000,0x0000008041900000) (1024K)]
  0x00000203891667d0 JavaThread "Thread-12"                  daemon [_thread_in_native, id=10684, stack(0x0000008041900000,0x0000008041a00000) (1024K)]
  0x0000020389166e60 JavaThread "Thread-13"                  daemon [_thread_in_native, id=13824, stack(0x0000008041a00000,0x0000008041b00000) (1024K)]
  0x00000203891674f0 JavaThread "pool-2-thread-1"                   [_thread_blocked, id=10600, stack(0x0000008041b00000,0x0000008041c00000) (1024K)]
  0x0000020389164700 JavaThread "WorkspaceEventsHandler"            [_thread_blocked, id=8792, stack(0x0000008041c00000,0x0000008041d00000) (1024K)]
  0x000002038920a8c0 JavaThread "pool-1-thread-1"                   [_thread_blocked, id=8596, stack(0x0000008041d00000,0x0000008041e00000) (1024K)]
  0x0000020389ec2210 JavaThread "Timer-0"                           [_thread_blocked, id=5652, stack(0x0000008043100000,0x0000008043200000) (1024K)]
  0x0000020389ec14f0 JavaThread "Worker-9"                          [_thread_blocked, id=17624, stack(0x000000803e500000,0x000000803e600000) (1024K)]
  0x000002038b880aa0 JavaThread "Worker-15"                         [_thread_blocked, id=21192, stack(0x000000803e400000,0x000000803e500000) (1024K)]
Total: 39

Other Threads:
  0x0000020324faea40 VMThread "VM Thread"                           [id=17992, stack(0x000000803ea00000,0x000000803eb00000) (1024K)]
  0x0000020324d9ba00 WatcherThread "VM Periodic Task Thread"        [id=4304, stack(0x000000803e900000,0x000000803ea00000) (1024K)]
  0x0000020324f2c4b0 WorkerThread "GC Thread#0"                     [id=16744, stack(0x000000803e800000,0x000000803e900000) (1024K)]
  0x00000203873a77d0 WorkerThread "GC Thread#1"                     [id=20452, stack(0x000000803f700000,0x000000803f800000) (1024K)]
  0x00000203871446f0 WorkerThread "GC Thread#2"                     [id=19220, stack(0x000000803f800000,0x000000803f900000) (1024K)]
  0x0000020387144aa0 WorkerThread "GC Thread#3"                     [id=19856, stack(0x000000803f900000,0x000000803fa00000) (1024K)]
  0x0000020387144e50 WorkerThread "GC Thread#4"                     [id=18796, stack(0x000000803fa00000,0x000000803fb00000) (1024K)]
  0x0000020387145200 WorkerThread "GC Thread#5"                     [id=3564, stack(0x000000803fb00000,0x000000803fc00000) (1024K)]
  0x00000203871455b0 WorkerThread "GC Thread#6"                     [id=19652, stack(0x000000803fc00000,0x000000803fd00000) (1024K)]
  0x0000020387998a20 WorkerThread "GC Thread#7"                     [id=19352, stack(0x000000803fd00000,0x000000803fe00000) (1024K)]
  0x00000203870b8bf0 WorkerThread "GC Thread#8"                     [id=20908, stack(0x0000008040200000,0x0000008040300000) (1024K)]
  0x00000203870b8fa0 WorkerThread "GC Thread#9"                     [id=20916, stack(0x0000008040300000,0x0000008040400000) (1024K)]
Total: 12

Threads with active compile tasks:
Total: 0

VM state: not at safepoint (normal execution)

VM Mutex/Monitor currently owned by a thread: None

Heap address: 0x0000000080000000, size: 2048 MB, Compressed Oops mode: 32-bit

CDS archive(s) mapped at: [0x000002033c000000-0x000002033cba0000-0x0000020340170000), size 68616192, SharedBaseAddress: 0x000002033c000000, ArchiveRelocationMode: 1.
Compressed class space mapped at: 0x0000020341000000-0x0000020381000000, reserved size: 1073741824
Narrow klass base: 0x000002033c000000, Narrow klass shift: 0, Narrow klass range: 0x100000000

GC Precious Log:
 CardTable entry size: 512
 CPUs: 12 total, 12 available
 Memory: 16024M
 Large Page Support: Disabled
 NUMA Support: Disabled
 Compressed Oops: Enabled (32-bit)
 Alignments: Space 512K, Generation 512K, Heap 2M
 Heap Min Capacity: 100M
 Heap Initial Capacity: 100M
 Heap Max Capacity: 2G
 Pre-touch: Disabled
 Parallel Workers: 10

Heap:
 PSYoungGen      total 1536K, used 1094K [0x00000000d5580000, 0x00000000d5880000, 0x0000000100000000)
  eden space 1024K, 81% used [0x00000000d5580000,0x00000000d5651bd8,0x00000000d5680000)
  from space 512K, 50% used [0x00000000d5780000,0x00000000d57c0000,0x00000000d5800000)
  to   space 512K, 0% used [0x00000000d5800000,0x00000000d5800000,0x00000000d5880000)
 ParOldGen       total 316928K, used 62913K [0x0000000080000000, 0x0000000093580000, 0x00000000d5580000)
  object space 316928K, 19% used [0x0000000080000000,0x0000000083d707d8,0x0000000093580000)
 Metaspace       used 40654K, committed 42368K, reserved 1114112K
  class space    used 3647K, committed 4352K, reserved 1048576K

Card table byte_map: [0x00000203248b0000,0x0000020324cc0000] _byte_map_base: 0x00000203244b0000

Marking Bits: (ParMarkBitMap*) 0x00007ffaf1493450
 Begin Bits: [0x00000203373c0000, 0x00000203393c0000)
 End Bits:   [0x00000203393c0000, 0x000002033b3c0000)

Polling page: 0x0000020322a10000

Metaspace:

Usage:
  Non-class:     36.14 MB used.
      Class:      3.56 MB used.
       Both:     39.70 MB used.

Virtual space:
  Non-class space:       64.00 MB reserved,      37.12 MB ( 58%) committed,  1 nodes.
      Class space:        1.00 GB reserved,       4.25 MB ( <1%) committed,  1 nodes.
             Both:        1.06 GB reserved,      41.38 MB (  4%) committed. 

Chunk freelists:
   Non-Class:  11.11 MB
       Class:  12.01 MB
        Both:  23.12 MB

MaxMetaspaceSize: unlimited
CompressedClassSpaceSize: 1.00 GB
Initial GC threshold: 21.00 MB
Current GC threshold: 69.00 MB
CDS: on
 - commit_granule_bytes: 65536.
 - commit_granule_words: 8192.
 - virtual_space_node_default_size: 8388608.
 - enlarge_chunks_in_place: 1.
 - use_allocation_guard: 0.


Internal statistics:

num_allocs_failed_limit: 6.
num_arena_births: 1200.
num_arena_deaths: 492.
num_vsnodes_births: 2.
num_vsnodes_deaths: 0.
num_space_committed: 662.
num_space_uncommitted: 0.
num_chunks_returned_to_freelist: 552.
num_chunks_taken_from_freelist: 3188.
num_chunk_merges: 169.
num_chunk_splits: 1918.
num_chunks_enlarged: 1114.
num_inconsistent_stats: 0.

CodeHeap 'non-profiled nmethods': size=120000Kb used=17182Kb max_used=19036Kb free=102817Kb
 bounds [0x000002032fbe0000, 0x0000020330e80000, 0x0000020337110000]
CodeHeap 'profiled nmethods': size=120000Kb used=35464Kb max_used=40771Kb free=84535Kb
 bounds [0x0000020328110000, 0x000002032a8f0000, 0x000002032f640000]
CodeHeap 'non-nmethods': size=5760Kb used=1486Kb max_used=1577Kb free=4273Kb
 bounds [0x000002032f640000, 0x000002032f8b0000, 0x000002032fbe0000]
CodeCache: size=245760Kb, used=54132Kb, max_used=61384Kb, free=191625Kb
 total_blobs=15548, nmethods=14743, adapters=708, full_count=0
Compilation: enabled, stopped_count=0, restarted_count=0

Compilation events (20 events):
Event: 5855.899 Thread 0x0000020324fcddf0 17529   !   4       java.util.concurrent.locks.AbstractQueuedSynchronizer::reacquire (64 bytes)
Event: 5855.918 Thread 0x0000020324fcddf0 nmethod 17529 0x000002032fdcb210 code [0x000002032fdcb3c0, 0x000002032fdcb5b0]
Event: 5902.711 Thread 0x0000020381d1e000 17530       3       java.util.logging.LogManager$LoggerContext::requiresDefaultLoggers (29 bytes)
Event: 5902.712 Thread 0x0000020381d1e000 nmethod 17530 0x00000203281dcc90 code [0x00000203281dce40, 0x00000203281dd048]
Event: 5927.625 Thread 0x0000020324fcddf0 17531       4       java.util.concurrent.ScheduledThreadPoolExecutor$ScheduledFutureTask::getDelay (16 bytes)
Event: 5927.633 Thread 0x0000020324fcddf0 nmethod 17531 0x000002032fde3990 code [0x000002032fde3b40, 0x000002032fde3cd8]
Event: 6043.715 Thread 0x0000020324fcddf0 17532       4       org.eclipse.osgi.internal.framework.BundleContextImpl::getProperty (25 bytes)
Event: 6043.769 Thread 0x0000020324fcddf0 nmethod 17532 0x00000203300f0690 code [0x00000203300f0900, 0x00000203300f11d0]
Event: 6532.844 Thread 0x0000020381d1e000 17533       3       java.util.logging.LogManager$LoggerContext::getGlobalLogger (6 bytes)
Event: 6532.844 Thread 0x0000020381d1e000 nmethod 17533 0x0000020328131e90 code [0x0000020328132020, 0x0000020328132138]
Event: 6652.869 Thread 0x0000020381d1e000 17534       3       java.util.logging.LogManager::getLogManager (16 bytes)
Event: 6652.870 Thread 0x0000020381d1e000 nmethod 17534 0x0000020328220510 code [0x00000203282206c0, 0x0000020328220800]
Event: 6652.870 Thread 0x0000020381d1e000 17535   !   3       java.util.logging.LogManager$LoggerContext::findLogger (113 bytes)
Event: 6652.875 Thread 0x0000020381d1e000 nmethod 17535 0x000002032823c290 code [0x000002032823c540, 0x000002032823d3c0]
Event: 6682.880 Thread 0x0000020381d1e000 17536       3       jdk.internal.logger.DefaultLoggerFinder::isSystem (18 bytes)
Event: 6682.884 Thread 0x0000020381d1e000 nmethod 17536 0x0000020328337910 code [0x0000020328337b60, 0x0000020328338470]
Event: 6682.884 Thread 0x0000020381d1e000 17537       3       jdk.internal.logger.DefaultLoggerFinder$1::<init> (10 bytes)
Event: 6682.884 Thread 0x0000020381d1e000 nmethod 17537 0x000002032813b790 code [0x000002032813b940, 0x000002032813bac8]
Event: 6682.884 Thread 0x0000020381d1e000 17538       3       jdk.internal.logger.DefaultLoggerFinder$1::run (5 bytes)
Event: 6682.885 Thread 0x0000020381d1e000 nmethod 17538 0x00000203281a5590 code [0x00000203281a57a0, 0x00000203281a5e20]

GC Heap History (20 events):
Event: 6469.264 GC heap before
{Heap before GC invocations=405 (full 3):
 PSYoungGen      total 1536K, used 1344K [0x00000000d5580000, 0x00000000d5880000, 0x0000000100000000)
  eden space 1024K, 100% used [0x00000000d5580000,0x00000000d5680000,0x00000000d5680000)
  from space 512K, 62% used [0x00000000d5780000,0x00000000d57d0000,0x00000000d5800000)
  to   space 512K, 0% used [0x00000000d5800000,0x00000000d5800000,0x00000000d5880000)
 ParOldGen       total 316928K, used 62873K [0x0000000080000000, 0x0000000093580000, 0x00000000d5580000)
  object space 316928K, 19% used [0x0000000080000000,0x0000000083d667d8,0x0000000093580000)
 Metaspace       used 40648K, committed 42368K, reserved 1114112K
  class space    used 3647K, committed 4352K, reserved 1048576K
}
Event: 6469.266 GC heap after
{Heap after GC invocations=405 (full 3):
 PSYoungGen      total 1536K, used 288K [0x00000000d5580000, 0x00000000d5880000, 0x0000000100000000)
  eden space 1024K, 0% used [0x00000000d5580000,0x00000000d5580000,0x00000000d5680000)
  from space 512K, 56% used [0x00000000d5800000,0x00000000d5848000,0x00000000d5880000)
  to   space 512K, 0% used [0x00000000d5780000,0x00000000d5780000,0x00000000d5800000)
 ParOldGen       total 316928K, used 62873K [0x0000000080000000, 0x0000000093580000, 0x00000000d5580000)
  object space 316928K, 19% used [0x0000000080000000,0x0000000083d667d8,0x0000000093580000)
 Metaspace       used 40648K, committed 42368K, reserved 1114112K
  class space    used 3647K, committed 4352K, reserved 1048576K
}
Event: 6509.920 GC heap before
{Heap before GC invocations=406 (full 3):
 PSYoungGen      total 1536K, used 1312K [0x00000000d5580000, 0x00000000d5880000, 0x0000000100000000)
  eden space 1024K, 100% used [0x00000000d5580000,0x00000000d5680000,0x00000000d5680000)
  from space 512K, 56% used [0x00000000d5800000,0x00000000d5848000,0x00000000d5880000)
  to   space 512K, 0% used [0x00000000d5780000,0x00000000d5780000,0x00000000d5800000)
 ParOldGen       total 316928K, used 62873K [0x0000000080000000, 0x0000000093580000, 0x00000000d5580000)
  object space 316928K, 19% used [0x0000000080000000,0x0000000083d667d8,0x0000000093580000)
 Metaspace       used 40648K, committed 42368K, reserved 1114112K
  class space    used 3647K, committed 4352K, reserved 1048576K
}
Event: 6509.920 GC heap after
{Heap after GC invocations=406 (full 3):
 PSYoungGen      total 1536K, used 256K [0x00000000d5580000, 0x00000000d5880000, 0x0000000100000000)
  eden space 1024K, 0% used [0x00000000d5580000,0x00000000d5580000,0x00000000d5680000)
  from space 512K, 50% used [0x00000000d5780000,0x00000000d57c0000,0x00000000d5800000)
  to   space 512K, 0% used [0x00000000d5800000,0x00000000d5800000,0x00000000d5880000)
 ParOldGen       total 316928K, used 62873K [0x0000000080000000, 0x0000000093580000, 0x00000000d5580000)
  object space 316928K, 19% used [0x0000000080000000,0x0000000083d667d8,0x0000000093580000)
 Metaspace       used 40648K, committed 42368K, reserved 1114112K
  class space    used 3647K, committed 4352K, reserved 1048576K
}
Event: 6538.229 GC heap before
{Heap before GC invocations=407 (full 3):
 PSYoungGen      total 1536K, used 1280K [0x00000000d5580000, 0x00000000d5880000, 0x0000000100000000)
  eden space 1024K, 100% used [0x00000000d5580000,0x00000000d5680000,0x00000000d5680000)
  from space 512K, 50% used [0x00000000d5780000,0x00000000d57c0000,0x00000000d5800000)
  to   space 512K, 0% used [0x00000000d5800000,0x00000000d5800000,0x00000000d5880000)
 ParOldGen       total 316928K, used 62873K [0x0000000080000000, 0x0000000093580000, 0x00000000d5580000)
  object space 316928K, 19% used [0x0000000080000000,0x0000000083d667d8,0x0000000093580000)
 Metaspace       used 40648K, committed 42368K, reserved 1114112K
  class space    used 3647K, committed 4352K, reserved 1048576K
}
Event: 6538.231 GC heap after
{Heap after GC invocations=407 (full 3):
 PSYoungGen      total 1536K, used 288K [0x00000000d5580000, 0x00000000d5880000, 0x0000000100000000)
  eden space 1024K, 0% used [0x00000000d5580000,0x00000000d5580000,0x00000000d5680000)
  from space 512K, 56% used [0x00000000d5800000,0x00000000d5848000,0x00000000d5880000)
  to   space 512K, 0% used [0x00000000d5780000,0x00000000d5780000,0x00000000d5800000)
 ParOldGen       total 316928K, used 62881K [0x0000000080000000, 0x0000000093580000, 0x00000000d5580000)
  object space 316928K, 19% used [0x0000000080000000,0x0000000083d687d8,0x0000000093580000)
 Metaspace       used 40648K, committed 42368K, reserved 1114112K
  class space    used 3647K, committed 4352K, reserved 1048576K
}
Event: 6631.052 GC heap before
{Heap before GC invocations=408 (full 3):
 PSYoungGen      total 1536K, used 1312K [0x00000000d5580000, 0x00000000d5880000, 0x0000000100000000)
  eden space 1024K, 100% used [0x00000000d5580000,0x00000000d5680000,0x00000000d5680000)
  from space 512K, 56% used [0x00000000d5800000,0x00000000d5848000,0x00000000d5880000)
  to   space 512K, 0% used [0x00000000d5780000,0x00000000d5780000,0x00000000d5800000)
 ParOldGen       total 316928K, used 62881K [0x0000000080000000, 0x0000000093580000, 0x00000000d5580000)
  object space 316928K, 19% used [0x0000000080000000,0x0000000083d687d8,0x0000000093580000)
 Metaspace       used 40648K, committed 42368K, reserved 1114112K
  class space    used 3647K, committed 4352K, reserved 1048576K
}
Event: 6631.054 GC heap after
{Heap after GC invocations=408 (full 3):
 PSYoungGen      total 1536K, used 288K [0x00000000d5580000, 0x00000000d5880000, 0x0000000100000000)
  eden space 1024K, 0% used [0x00000000d5580000,0x00000000d5580000,0x00000000d5680000)
  from space 512K, 56% used [0x00000000d5780000,0x00000000d57c8000,0x00000000d5800000)
  to   space 512K, 0% used [0x00000000d5800000,0x00000000d5800000,0x00000000d5880000)
 ParOldGen       total 316928K, used 62881K [0x0000000080000000, 0x0000000093580000, 0x00000000d5580000)
  object space 316928K, 19% used [0x0000000080000000,0x0000000083d687d8,0x0000000093580000)
 Metaspace       used 40648K, committed 42368K, reserved 1114112K
  class space    used 3647K, committed 4352K, reserved 1048576K
}
Event: 6661.950 GC heap before
{Heap before GC invocations=409 (full 3):
 PSYoungGen      total 1536K, used 1312K [0x00000000d5580000, 0x00000000d5880000, 0x0000000100000000)
  eden space 1024K, 100% used [0x00000000d5580000,0x00000000d5680000,0x00000000d5680000)
  from space 512K, 56% used [0x00000000d5780000,0x00000000d57c8000,0x00000000d5800000)
  to   space 512K, 0% used [0x00000000d5800000,0x00000000d5800000,0x00000000d5880000)
 ParOldGen       total 316928K, used 62881K [0x0000000080000000, 0x0000000093580000, 0x00000000d5580000)
  object space 316928K, 19% used [0x0000000080000000,0x0000000083d687d8,0x0000000093580000)
 Metaspace       used 40653K, committed 42368K, reserved 1114112K
  class space    used 3647K, committed 4352K, reserved 1048576K
}
Event: 6661.951 GC heap after
{Heap after GC invocations=409 (full 3):
 PSYoungGen      total 1536K, used 192K [0x00000000d5580000, 0x00000000d5880000, 0x0000000100000000)
  eden space 1024K, 0% used [0x00000000d5580000,0x00000000d5580000,0x00000000d5680000)
  from space 512K, 37% used [0x00000000d5800000,0x00000000d5830000,0x00000000d5880000)
  to   space 512K, 0% used [0x00000000d5780000,0x00000000d5780000,0x00000000d5800000)
 ParOldGen       total 316928K, used 62889K [0x0000000080000000, 0x0000000093580000, 0x00000000d5580000)
  object space 316928K, 19% used [0x0000000080000000,0x0000000083d6a7d8,0x0000000093580000)
 Metaspace       used 40653K, committed 42368K, reserved 1114112K
  class space    used 3647K, committed 4352K, reserved 1048576K
}
Event: 6723.367 GC heap before
{Heap before GC invocations=410 (full 3):
 PSYoungGen      total 1536K, used 1216K [0x00000000d5580000, 0x00000000d5880000, 0x0000000100000000)
  eden space 1024K, 100% used [0x00000000d5580000,0x00000000d5680000,0x00000000d5680000)
  from space 512K, 37% used [0x00000000d5800000,0x00000000d5830000,0x00000000d5880000)
  to   space 512K, 0% used [0x00000000d5780000,0x00000000d5780000,0x00000000d5800000)
 ParOldGen       total 316928K, used 62889K [0x0000000080000000, 0x0000000093580000, 0x00000000d5580000)
  object space 316928K, 19% used [0x0000000080000000,0x0000000083d6a7d8,0x0000000093580000)
 Metaspace       used 40654K, committed 42368K, reserved 1114112K
  class space    used 3647K, committed 4352K, reserved 1048576K
}
Event: 6723.368 GC heap after
{Heap after GC invocations=410 (full 3):
 PSYoungGen      total 1536K, used 192K [0x00000000d5580000, 0x00000000d5880000, 0x0000000100000000)
  eden space 1024K, 0% used [0x00000000d5580000,0x00000000d5580000,0x00000000d5680000)
  from space 512K, 37% used [0x00000000d5780000,0x00000000d57b0000,0x00000000d5800000)
  to   space 512K, 0% used [0x00000000d5800000,0x00000000d5800000,0x00000000d5880000)
 ParOldGen       total 316928K, used 62905K [0x0000000080000000, 0x0000000093580000, 0x00000000d5580000)
  object space 316928K, 19% used [0x0000000080000000,0x0000000083d6e7d8,0x0000000093580000)
 Metaspace       used 40654K, committed 42368K, reserved 1114112K
  class space    used 3647K, committed 4352K, reserved 1048576K
}
Event: 6747.620 GC heap before
{Heap before GC invocations=411 (full 3):
 PSYoungGen      total 1536K, used 1216K [0x00000000d5580000, 0x00000000d5880000, 0x0000000100000000)
  eden space 1024K, 100% used [0x00000000d5580000,0x00000000d5680000,0x00000000d5680000)
  from space 512K, 37% used [0x00000000d5780000,0x00000000d57b0000,0x00000000d5800000)
  to   space 512K, 0% used [0x00000000d5800000,0x00000000d5800000,0x00000000d5880000)
 ParOldGen       total 316928K, used 62905K [0x0000000080000000, 0x0000000093580000, 0x00000000d5580000)
  object space 316928K, 19% used [0x0000000080000000,0x0000000083d6e7d8,0x0000000093580000)
 Metaspace       used 40654K, committed 42368K, reserved 1114112K
  class space    used 3647K, committed 4352K, reserved 1048576K
}
Event: 6747.621 GC heap after
{Heap after GC invocations=411 (full 3):
 PSYoungGen      total 1536K, used 288K [0x00000000d5580000, 0x00000000d5880000, 0x0000000100000000)
  eden space 1024K, 0% used [0x00000000d5580000,0x00000000d5580000,0x00000000d5680000)
  from space 512K, 56% used [0x00000000d5800000,0x00000000d5848000,0x00000000d5880000)
  to   space 512K, 0% used [0x00000000d5780000,0x00000000d5780000,0x00000000d5800000)
 ParOldGen       total 316928K, used 62905K [0x0000000080000000, 0x0000000093580000, 0x00000000d5580000)
  object space 316928K, 19% used [0x0000000080000000,0x0000000083d6e7d8,0x0000000093580000)
 Metaspace       used 40654K, committed 42368K, reserved 1114112K
  class space    used 3647K, committed 4352K, reserved 1048576K
}
Event: 6891.640 GC heap before
{Heap before GC invocations=412 (full 3):
 PSYoungGen      total 1536K, used 1307K [0x00000000d5580000, 0x00000000d5880000, 0x0000000100000000)
  eden space 1024K, 99% used [0x00000000d5580000,0x00000000d567ec98,0x00000000d5680000)
  from space 512K, 56% used [0x00000000d5800000,0x00000000d5848000,0x00000000d5880000)
  to   space 512K, 0% used [0x00000000d5780000,0x00000000d5780000,0x00000000d5800000)
 ParOldGen       total 316928K, used 62905K [0x0000000080000000, 0x0000000093580000, 0x00000000d5580000)
  object space 316928K, 19% used [0x0000000080000000,0x0000000083d6e7d8,0x0000000093580000)
 Metaspace       used 40654K, committed 42368K, reserved 1114112K
  class space    used 3647K, committed 4352K, reserved 1048576K
}
Event: 6891.641 GC heap after
{Heap after GC invocations=412 (full 3):
 PSYoungGen      total 1536K, used 256K [0x00000000d5580000, 0x00000000d5880000, 0x0000000100000000)
  eden space 1024K, 0% used [0x00000000d5580000,0x00000000d5580000,0x00000000d5680000)
  from space 512K, 50% used [0x00000000d5780000,0x00000000d57c0000,0x00000000d5800000)
  to   space 512K, 0% used [0x00000000d5800000,0x00000000d5800000,0x00000000d5880000)
 ParOldGen       total 316928K, used 62905K [0x0000000080000000, 0x0000000093580000, 0x00000000d5580000)
  object space 316928K, 19% used [0x0000000080000000,0x0000000083d6e7d8,0x0000000093580000)
 Metaspace       used 40654K, committed 42368K, reserved 1114112K
  class space    used 3647K, committed 4352K, reserved 1048576K
}
Event: 6917.599 GC heap before
{Heap before GC invocations=413 (full 3):
 PSYoungGen      total 1536K, used 1280K [0x00000000d5580000, 0x00000000d5880000, 0x0000000100000000)
  eden space 1024K, 100% used [0x00000000d5580000,0x00000000d5680000,0x00000000d5680000)
  from space 512K, 50% used [0x00000000d5780000,0x00000000d57c0000,0x00000000d5800000)
  to   space 512K, 0% used [0x00000000d5800000,0x00000000d5800000,0x00000000d5880000)
 ParOldGen       total 316928K, used 62905K [0x0000000080000000, 0x0000000093580000, 0x00000000d5580000)
  object space 316928K, 19% used [0x0000000080000000,0x0000000083d6e7d8,0x0000000093580000)
 Metaspace       used 40654K, committed 42368K, reserved 1114112K
  class space    used 3647K, committed 4352K, reserved 1048576K
}
Event: 6917.599 GC heap after
{Heap after GC invocations=413 (full 3):
 PSYoungGen      total 1536K, used 224K [0x00000000d5580000, 0x00000000d5880000, 0x0000000100000000)
  eden space 1024K, 0% used [0x00000000d5580000,0x00000000d5580000,0x00000000d5680000)
  from space 512K, 43% used [0x00000000d5800000,0x00000000d5838000,0x00000000d5880000)
  to   space 512K, 0% used [0x00000000d5780000,0x00000000d5780000,0x00000000d5800000)
 ParOldGen       total 316928K, used 62905K [0x0000000080000000, 0x0000000093580000, 0x00000000d5580000)
  object space 316928K, 19% used [0x0000000080000000,0x0000000083d6e7d8,0x0000000093580000)
 Metaspace       used 40654K, committed 42368K, reserved 1114112K
  class space    used 3647K, committed 4352K, reserved 1048576K
}
Event: 6950.122 GC heap before
{Heap before GC invocations=414 (full 3):
 PSYoungGen      total 1536K, used 1248K [0x00000000d5580000, 0x00000000d5880000, 0x0000000100000000)
  eden space 1024K, 100% used [0x00000000d5580000,0x00000000d5680000,0x00000000d5680000)
  from space 512K, 43% used [0x00000000d5800000,0x00000000d5838000,0x00000000d5880000)
  to   space 512K, 0% used [0x00000000d5780000,0x00000000d5780000,0x00000000d5800000)
 ParOldGen       total 316928K, used 62905K [0x0000000080000000, 0x0000000093580000, 0x00000000d5580000)
  object space 316928K, 19% used [0x0000000080000000,0x0000000083d6e7d8,0x0000000093580000)
 Metaspace       used 40654K, committed 42368K, reserved 1114112K
  class space    used 3647K, committed 4352K, reserved 1048576K
}
Event: 6950.123 GC heap after
{Heap after GC invocations=414 (full 3):
 PSYoungGen      total 1536K, used 256K [0x00000000d5580000, 0x00000000d5880000, 0x0000000100000000)
  eden space 1024K, 0% used [0x00000000d5580000,0x00000000d5580000,0x00000000d5680000)
  from space 512K, 50% used [0x00000000d5780000,0x00000000d57c0000,0x00000000d5800000)
  to   space 512K, 0% used [0x00000000d5800000,0x00000000d5800000,0x00000000d5880000)
 ParOldGen       total 316928K, used 62913K [0x0000000080000000, 0x0000000093580000, 0x00000000d5580000)
  object space 316928K, 19% used [0x0000000080000000,0x0000000083d707d8,0x0000000093580000)
 Metaspace       used 40654K, committed 42368K, reserved 1114112K
  class space    used 3647K, committed 4352K, reserved 1048576K
}

Dll operation events (15 events):
Event: 0.022 Loaded shared library c:\Users\Rohit\.vscode\extensions\redhat.java-1.55.2026042408-win32-x64\jre\21.0.10-win32-x86_64\bin\java.dll
Event: 0.175 Loaded shared library c:\Users\Rohit\.vscode\extensions\redhat.java-1.55.2026042408-win32-x64\jre\21.0.10-win32-x86_64\bin\zip.dll
Event: 0.177 Loaded shared library C:\Users\Rohit\.vscode\extensions\redhat.java-1.55.2026042408-win32-x64\jre\21.0.10-win32-x86_64\bin\instrument.dll
Event: 0.183 Loaded shared library C:\Users\Rohit\.vscode\extensions\redhat.java-1.55.2026042408-win32-x64\jre\21.0.10-win32-x86_64\bin\net.dll
Event: 0.185 Loaded shared library C:\Users\Rohit\.vscode\extensions\redhat.java-1.55.2026042408-win32-x64\jre\21.0.10-win32-x86_64\bin\nio.dll
Event: 0.188 Loaded shared library C:\Users\Rohit\.vscode\extensions\redhat.java-1.55.2026042408-win32-x64\jre\21.0.10-win32-x86_64\bin\zip.dll
Event: 0.207 Loaded shared library C:\Users\Rohit\.vscode\extensions\redhat.java-1.55.2026042408-win32-x64\jre\21.0.10-win32-x86_64\bin\jimage.dll
Event: 0.272 Loaded shared library c:\Users\Rohit\.vscode\extensions\redhat.java-1.55.2026042408-win32-x64\jre\21.0.10-win32-x86_64\bin\verify.dll
Event: 23.434 Loaded shared library C:\Users\Rohit\AppData\Roaming\Code\User\globalStorage\redhat.java\1.55.2026042408\config_win\org.eclipse.equinox.launcher\org.eclipse.equinox.launcher.win32.win32.x86_64_1.3.0.v20260203-2149\eclipse_11919.dll
Event: 40.372 Loaded shared library C:\Users\Rohit\AppData\Local\Temp\jna-79138838\jna16402884508027048261.dll
Event: 41.590 Loaded shared library C:\Users\Rohit\.vscode\extensions\redhat.java-1.55.2026042408-win32-x64\jre\21.0.10-win32-x86_64\bin\sunmscapi.dll
Event: 41.937 Loaded shared library C:\Users\Rohit\.vscode\extensions\redhat.java-1.55.2026042408-win32-x64\jre\21.0.10-win32-x86_64\bin\extnet.dll
Event: 60.615 Loaded shared library C:\Users\Rohit\.gradle\native\1def1411415f61bf3af743bc5b6707747c0891f09f0c88961ee8f79bc544acac\windows-amd64\native-platform.dll
Event: 75.204 Loaded shared library C:\Users\Rohit\.vscode\extensions\redhat.java-1.55.2026042408-win32-x64\jre\21.0.10-win32-x86_64\bin\management.dll
Event: 75.261 Loaded shared library C:\Users\Rohit\.vscode\extensions\redhat.java-1.55.2026042408-win32-x64\jre\21.0.10-win32-x86_64\bin\management_ext.dll

Deoptimization events (20 events):
Event: 2615.859 Thread 0x000002038b881e50 DEOPT PACKING pc=0x0000020330e1cd84 sp=0x000000803e4ff400
Event: 2615.859 Thread 0x000002038b881e50 DEOPT UNPACKING pc=0x000002032f693aa2 sp=0x000000803e4ff3e0 mode 2
Event: 2615.889 Thread 0x000002038b880aa0 Uncommon trap: trap_request=0xffffffde fr.pc=0x0000020330e1cd84 relative=0x0000000000000a24
Event: 2615.889 Thread 0x000002038b880aa0 Uncommon trap: reason=class_check action=maybe_recompile pc=0x0000020330e1cd84 method=java.util.stream.ReferencePipeline.toArray(Ljava/util/function/IntFunction;)[Ljava/lang/Object; @ 12 c2
Event: 2615.889 Thread 0x000002038b880aa0 DEOPT PACKING pc=0x0000020330e1cd84 sp=0x000000803e4ff1a0
Event: 2615.889 Thread 0x000002038b880aa0 DEOPT UNPACKING pc=0x000002032f693aa2 sp=0x000000803e4ff180 mode 2
Event: 3281.784 Thread 0x0000020389164700 Uncommon trap: trap_request=0xffffffd6 fr.pc=0x0000020330e06e50 relative=0x0000000000003170
Event: 3281.784 Thread 0x0000020389164700 Uncommon trap: reason=array_check action=maybe_recompile pc=0x0000020330e06e50 method=org.eclipse.core.internal.events.NodeIDMap.put(JLorg/eclipse/core/runtime/IPath;Lorg/eclipse/core/runtime/IPath;)V @ 99 c2
Event: 3281.784 Thread 0x0000020389164700 DEOPT PACKING pc=0x0000020330e06e50 sp=0x0000008041cfe130
Event: 3281.784 Thread 0x0000020389164700 DEOPT UNPACKING pc=0x000002032f693aa2 sp=0x0000008041cfdfc0 mode 2
Event: 3281.785 Thread 0x0000020389164700 Uncommon trap: trap_request=0xffffffd6 fr.pc=0x0000020330e07018 relative=0x0000000000003338
Event: 3281.785 Thread 0x0000020389164700 Uncommon trap: reason=array_check action=maybe_recompile pc=0x0000020330e07018 method=org.eclipse.core.internal.events.NodeIDMap.put(JLorg/eclipse/core/runtime/IPath;Lorg/eclipse/core/runtime/IPath;)V @ 99 c2
Event: 3281.785 Thread 0x0000020389164700 DEOPT PACKING pc=0x0000020330e07018 sp=0x0000008041cfe130
Event: 3281.785 Thread 0x0000020389164700 DEOPT UNPACKING pc=0x000002032f693aa2 sp=0x0000008041cfdf00 mode 2
Event: 3513.592 Thread 0x000002038b880aa0 Uncommon trap: trap_request=0xffffffde fr.pc=0x0000020330e1cd84 relative=0x0000000000000a24
Event: 3513.592 Thread 0x000002038b880aa0 Uncommon trap: reason=class_check action=maybe_recompile pc=0x0000020330e1cd84 method=java.util.stream.ReferencePipeline.toArray(Ljava/util/function/IntFunction;)[Ljava/lang/Object; @ 12 c2
Event: 3513.592 Thread 0x000002038b880aa0 DEOPT PACKING pc=0x0000020330e1cd84 sp=0x00000080406fec30
Event: 3513.592 Thread 0x000002038b880aa0 DEOPT UNPACKING pc=0x000002032f693aa2 sp=0x00000080406fec10 mode 2
Event: 3513.663 Thread 0x0000020389164700 DEOPT PACKING pc=0x000002032952af81 sp=0x0000008041cfdfc0
Event: 3513.663 Thread 0x0000020389164700 DEOPT UNPACKING pc=0x000002032f694242 sp=0x0000008041cfd480 mode 0

Classes loaded (20 events):
Event: 1875.877 Loading class java/util/stream/Nodes$IntFixedNodeBuilder
Event: 1875.878 Loading class java/util/stream/Node$Builder$OfInt
Event: 1875.879 Loading class java/util/stream/Node$Builder$OfInt done
Event: 1875.879 Loading class java/util/stream/Nodes$IntArrayNode
Event: 1875.879 Loading class java/util/stream/Nodes$IntArrayNode done
Event: 1875.879 Loading class java/util/stream/Nodes$IntFixedNodeBuilder done
Event: 1875.879 Loading class java/util/stream/ReferencePipeline$4$1
Event: 1875.880 Loading class java/util/stream/ReferencePipeline$4$1 done
Event: 1884.274 Loading class java/util/stream/ReduceOps$4
Event: 1884.275 Loading class java/util/stream/ReduceOps$4 done
Event: 1884.275 Loading class java/util/stream/ReduceOps$4ReducingSink
Event: 1884.285 Loading class java/util/stream/ReduceOps$4ReducingSink done
Event: 1884.295 Loading class java/nio/file/Files$2
Event: 1884.296 Loading class java/nio/file/Files$2 done
Event: 1899.821 Loading class java/util/Hashtable$ValueCollection
Event: 1899.824 Loading class java/util/Hashtable$ValueCollection done
Event: 1899.845 Loading class java/util/concurrent/ConcurrentHashMap$KeySpliterator
Event: 1899.852 Loading class java/util/concurrent/ConcurrentHashMap$KeySpliterator done
Event: 1915.845 Loading class jdk/internal/math/FDBigInteger
Event: 1915.854 Loading class jdk/internal/math/FDBigInteger done

Classes unloaded (20 events):
Event: 5832.351 Thread 0x0000020324faea40 Unloading class 0x0000020341014800 'java/lang/invoke/LambdaForm$MH+0x0000020341014800'
Event: 5832.351 Thread 0x0000020324faea40 Unloading class 0x0000020341014400 'java/lang/invoke/LambdaForm$MH+0x0000020341014400'
Event: 5832.351 Thread 0x0000020324faea40 Unloading class 0x0000020341011800 'java/lang/invoke/LambdaForm$MH+0x0000020341011800'
Event: 5832.351 Thread 0x0000020324faea40 Unloading class 0x0000020341010800 'java/lang/invoke/LambdaForm$MH+0x0000020341010800'
Event: 5832.351 Thread 0x0000020324faea40 Unloading class 0x0000020341008c00 'java/lang/invoke/LambdaForm$MH+0x0000020341008c00'
Event: 5832.351 Thread 0x0000020324faea40 Unloading class 0x0000020341008800 'java/lang/invoke/LambdaForm$MH+0x0000020341008800'
Event: 5832.352 Thread 0x0000020324faea40 Unloading class 0x0000020341008400 'java/lang/invoke/LambdaForm$MH+0x0000020341008400'
Event: 5832.352 Thread 0x0000020324faea40 Unloading class 0x0000020341008000 'java/lang/invoke/LambdaForm$MH+0x0000020341008000'
Event: 5832.352 Thread 0x0000020324faea40 Unloading class 0x0000020341005c00 'java/lang/invoke/LambdaForm$MH+0x0000020341005c00'
Event: 5832.352 Thread 0x0000020324faea40 Unloading class 0x0000020341005800 'java/lang/invoke/LambdaForm$MH+0x0000020341005800'
Event: 5832.352 Thread 0x0000020324faea40 Unloading class 0x0000020341005400 'java/lang/invoke/LambdaForm$MH+0x0000020341005400'
Event: 5832.352 Thread 0x0000020324faea40 Unloading class 0x0000020341005000 'java/lang/invoke/LambdaForm$MH+0x0000020341005000'
Event: 5832.352 Thread 0x0000020324faea40 Unloading class 0x0000020341004c00 'java/lang/invoke/LambdaForm$MH+0x0000020341004c00'
Event: 5832.352 Thread 0x0000020324faea40 Unloading class 0x0000020341004800 'java/lang/invoke/LambdaForm$MH+0x0000020341004800'
Event: 5832.352 Thread 0x0000020324faea40 Unloading class 0x0000020341004400 'java/lang/invoke/LambdaForm$MH+0x0000020341004400'
Event: 5832.352 Thread 0x0000020324faea40 Unloading class 0x0000020341002000 'java/lang/invoke/LambdaForm$MH+0x0000020341002000'
Event: 5832.352 Thread 0x0000020324faea40 Unloading class 0x0000020341001c00 'java/lang/invoke/LambdaForm$MH+0x0000020341001c00'
Event: 5832.352 Thread 0x0000020324faea40 Unloading class 0x0000020341001800 'java/lang/invoke/LambdaForm$MH+0x0000020341001800'
Event: 5832.352 Thread 0x0000020324faea40 Unloading class 0x0000020341001000 'java/lang/invoke/LambdaForm$MH+0x0000020341001000'
Event: 5832.352 Thread 0x0000020324faea40 Unloading class 0x0000020341000400 'java/lang/invoke/LambdaForm$MH+0x0000020341000400'

Classes redefined (0 events):
No events

Internal exceptions (20 events):
Event: 1955.433 Thread 0x0000020389160560 Exception <a 'sun/nio/fs/WindowsException'{0x00000000d55807e0}> (0x00000000d55807e0) 
thrown [s\src\hotspot\share\prims\jni.cpp, line 520]
Event: 1973.834 Thread 0x00000203878a9d30 Implicit null exception at 0x000002032a59571b to 0x000002032a598f7b
Event: 1973.834 Thread 0x00000203878a9d30 Exception <a 'java/lang/NullPointerException'{0x00000000d5698c20}> (0x00000000d5698c20) 
thrown [s\src\hotspot\share\runtime\sharedRuntime.cpp, line 625]
Event: 1996.900 Thread 0x0000020389ec14f0 Exception <a 'sun/nio/fs/WindowsException'{0x00000000d56961e0}> (0x00000000d56961e0) 
thrown [s\src\hotspot\share\prims\jni.cpp, line 520]
Event: 1996.900 Thread 0x0000020389ec14f0 Exception <a 'sun/nio/fs/WindowsException'{0x00000000d5696a58}> (0x00000000d5696a58) 
thrown [s\src\hotspot\share\prims\jni.cpp, line 520]
Event: 2063.969 Thread 0x0000020389160560 Exception <a 'sun/nio/fs/WindowsException'{0x00000000d5624720}> (0x00000000d5624720) 
thrown [s\src\hotspot\share\prims\jni.cpp, line 520]
Event: 2090.922 Thread 0x0000020389160560 Implicit null exception at 0x0000020330979e3c to 0x000002033097a454
Event: 2153.447 Thread 0x000002038b880410 Exception <a 'sun/nio/fs/WindowsException'{0x00000000d5647970}> (0x00000000d5647970) 
thrown [s\src\hotspot\share\prims\jni.cpp, line 520]
Event: 2153.448 Thread 0x000002038b880410 Exception <a 'sun/nio/fs/WindowsException'{0x00000000d5648518}> (0x00000000d5648518) 
thrown [s\src\hotspot\share\prims\jni.cpp, line 520]
Event: 2153.592 Thread 0x000002038b880410 Implicit null exception at 0x00000203305acb1f to 0x00000203305ad38c
Event: 2615.877 Thread 0x0000020389ec14f0 Exception <a 'sun/nio/fs/WindowsException'{0x00000000d55bff98}> (0x00000000d55bff98) 
thrown [s\src\hotspot\share\prims\jni.cpp, line 520]
Event: 2615.878 Thread 0x0000020389ec14f0 Exception <a 'sun/nio/fs/WindowsException'{0x00000000d55c0b20}> (0x00000000d55c0b20) 
thrown [s\src\hotspot\share\prims\jni.cpp, line 520]
Event: 3513.600 Thread 0x000002038b880410 Exception <a 'sun/nio/fs/WindowsException'{0x00000000d55cdb98}> (0x00000000d55cdb98) 
thrown [s\src\hotspot\share\prims\jni.cpp, line 520]
Event: 3513.602 Thread 0x000002038b880410 Exception <a 'sun/nio/fs/WindowsException'{0x00000000d55ce6d0}> (0x00000000d55ce6d0) 
thrown [s\src\hotspot\share\prims\jni.cpp, line 520]
Event: 3813.802 Thread 0x000002038b880aa0 Exception <a 'sun/nio/fs/WindowsException'{0x00000000d55fd770}> (0x00000000d55fd770) 
thrown [s\src\hotspot\share\prims\jni.cpp, line 520]
Event: 3813.804 Thread 0x000002038b880aa0 Exception <a 'sun/nio/fs/WindowsException'{0x00000000d55fe520}> (0x00000000d55fe520) 
thrown [s\src\hotspot\share\prims\jni.cpp, line 520]
Event: 4114.189 Thread 0x0000020389ec14f0 Exception <a 'sun/nio/fs/WindowsException'{0x00000000d561bd80}> (0x00000000d561bd80) 
thrown [s\src\hotspot\share\prims\jni.cpp, line 520]
Event: 4114.190 Thread 0x0000020389ec14f0 Exception <a 'sun/nio/fs/WindowsException'{0x00000000d561c8a0}> (0x00000000d561c8a0) 
thrown [s\src\hotspot\share\prims\jni.cpp, line 520]
Event: 4414.688 Thread 0x0000020389ec14f0 Exception <a 'sun/nio/fs/WindowsException'{0x00000000d55d5578}> (0x00000000d55d5578) 
thrown [s\src\hotspot\share\prims\jni.cpp, line 520]
Event: 4414.688 Thread 0x0000020389ec14f0 Exception <a 'sun/nio/fs/WindowsException'{0x00000000d55d6098}> (0x00000000d55d6098) 
thrown [s\src\hotspot\share\prims\jni.cpp, line 520]

ZGC Phase Switch (0 events):
No events

VM Operations (20 events):
Event: 6661.950 Executing safepoint VM operation: ParallelGCFailedAllocation (Allocation Failure)
Event: 6661.951 Executing safepoint VM operation: ParallelGCFailedAllocation (Allocation Failure) done
Event: 6681.961 Executing non-safepoint VM operation: HandshakeAllThreads (HandshakeForDeflation)
Event: 6681.961 Executing non-safepoint VM operation: HandshakeAllThreads (HandshakeForDeflation) done
Event: 6681.961 Executing non-safepoint VM operation: RendezvousGCThreads
Event: 6681.961 Executing non-safepoint VM operation: RendezvousGCThreads done
Event: 6723.367 Executing safepoint VM operation: ParallelGCFailedAllocation (Allocation Failure)
Event: 6723.368 Executing safepoint VM operation: ParallelGCFailedAllocation (Allocation Failure) done
Event: 6742.031 Executing non-safepoint VM operation: HandshakeAllThreads (HandshakeForDeflation)
Event: 6742.031 Executing non-safepoint VM operation: HandshakeAllThreads (HandshakeForDeflation) done
Event: 6742.031 Executing non-safepoint VM operation: RendezvousGCThreads
Event: 6742.031 Executing non-safepoint VM operation: RendezvousGCThreads done
Event: 6747.620 Executing safepoint VM operation: ParallelGCFailedAllocation (Allocation Failure)
Event: 6747.621 Executing safepoint VM operation: ParallelGCFailedAllocation (Allocation Failure) done
Event: 6891.640 Executing safepoint VM operation: ParallelGCFailedAllocation (Allocation Failure)
Event: 6891.641 Executing safepoint VM operation: ParallelGCFailedAllocation (Allocation Failure) done
Event: 6917.599 Executing safepoint VM operation: ParallelGCFailedAllocation (Allocation Failure)
Event: 6917.599 Executing safepoint VM operation: ParallelGCFailedAllocation (Allocation Failure) done
Event: 6950.122 Executing safepoint VM operation: ParallelGCFailedAllocation (Allocation Failure)
Event: 6950.124 Executing safepoint VM operation: ParallelGCFailedAllocation (Allocation Failure) done

Memory protections (0 events):
No events

Nmethod flushes (20 events):
Event: 5833.812 Thread 0x0000020324faea40 flushing  nmethod 0x0000020329a27110
Event: 5833.812 Thread 0x0000020324faea40 flushing  nmethod 0x0000020329a48910
Event: 5833.813 Thread 0x0000020324faea40 flushing  nmethod 0x0000020329a79390
Event: 5833.813 Thread 0x0000020324faea40 flushing  nmethod 0x0000020329aa1510
Event: 5833.813 Thread 0x0000020324faea40 flushing  nmethod 0x0000020329aa2010
Event: 5833.813 Thread 0x0000020324faea40 flushing  nmethod 0x0000020329ab0210
Event: 5833.813 Thread 0x0000020324faea40 flushing  nmethod 0x0000020329ab7390
Event: 5833.814 Thread 0x0000020324faea40 flushing  nmethod 0x0000020329abe290
Event: 5833.814 Thread 0x0000020324faea40 flushing  nmethod 0x0000020329ae9a10
Event: 5833.814 Thread 0x0000020324faea40 flushing  nmethod 0x0000020329aeac90
Event: 5833.814 Thread 0x0000020324faea40 flushing  nmethod 0x0000020329b00c90
Event: 5833.814 Thread 0x0000020324faea40 flushing  nmethod 0x0000020329b1ce90
Event: 5833.814 Thread 0x0000020324faea40 flushing  nmethod 0x0000020329b28710
Event: 5833.814 Thread 0x0000020324faea40 flushing  nmethod 0x0000020329b36f10
Event: 5833.814 Thread 0x0000020324faea40 flushing  nmethod 0x0000020329b41310
Event: 5833.814 Thread 0x0000020324faea40 flushing osr nmethod 0x0000020329b54910
Event: 5833.814 Thread 0x0000020324faea40 flushing osr nmethod 0x0000020329b88210
Event: 5833.814 Thread 0x0000020324faea40 flushing  nmethod 0x0000020329bdf710
Event: 5833.814 Thread 0x0000020324faea40 flushing  nmethod 0x0000020329be6490
Event: 5833.814 Thread 0x0000020324faea40 flushing  nmethod 0x0000020329beab10

Events (20 events):
Event: 3813.808 Thread 0x000002038b881130 Thread exited: 0x000002038b881130
Event: 3813.808 Thread 0x000002038b87f060 Thread exited: 0x000002038b87f060
Event: 4114.183 Thread 0x0000020389ec14f0 Thread added: 0x000002038b8824e0
Event: 4114.185 Thread 0x000002038b8824e0 Thread exited: 0x000002038b8824e0
Event: 4114.192 Thread 0x0000020389ec14f0 Thread added: 0x000002038b881130
Event: 4114.193 Thread 0x000002038b881130 Thread added: 0x000002038b880410
Event: 4114.193 Thread 0x000002038b881130 Thread added: 0x000002038b8817c0
Event: 4114.224 Thread 0x000002038b881130 Thread exited: 0x000002038b881130
Event: 4114.225 Thread 0x000002038b880410 Thread exited: 0x000002038b880410
Event: 4114.225 Thread 0x000002038b8817c0 Thread exited: 0x000002038b8817c0
Event: 4341.140 Thread 0x0000020389ec14f0 Thread added: 0x000002038b881e50
Event: 4404.919 Thread 0x000002038b881e50 Thread exited: 0x000002038b881e50
Event: 4414.684 Thread 0x0000020389ec14f0 Thread added: 0x000002038b87f060
Event: 4414.685 Thread 0x000002038b87f060 Thread exited: 0x000002038b87f060
Event: 4414.691 Thread 0x0000020389ec14f0 Thread added: 0x000002038b881130
Event: 4414.692 Thread 0x000002038b881130 Thread added: 0x000002038b8824e0
Event: 4414.693 Thread 0x000002038b881130 Thread added: 0x000002038b880410
Event: 4414.696 Thread 0x000002038b8824e0 Thread exited: 0x000002038b8824e0
Event: 4414.696 Thread 0x000002038b880410 Thread exited: 0x000002038b880410
Event: 4414.696 Thread 0x000002038b881130 Thread exited: 0x000002038b881130


Dynamic libraries:
0x00007ff6bc540000 - 0x00007ff6bc54e000 	c:\Users\Rohit\.vscode\extensions\redhat.java-1.55.2026042408-win32-x64\jre\21.0.10-win32-x86_64\bin\java.exe
0x00007ffb77040000 - 0x00007ffb772a7000 	C:\WINDOWS\SYSTEM32\ntdll.dll
0x00007ffb76560000 - 0x00007ffb76629000 	C:\WINDOWS\System32\KERNEL32.DLL
0x00007ffb73cc0000 - 0x00007ffb740b4000 	C:\WINDOWS\System32\KERNELBASE.dll
0x00007ffb73b40000 - 0x00007ffb73c8b000 	C:\WINDOWS\System32\ucrtbase.dll
0x00007ffaf1c30000 - 0x00007ffaf1c4e000 	c:\Users\Rohit\.vscode\extensions\redhat.java-1.55.2026042408-win32-x64\jre\21.0.10-win32-x86_64\bin\VCRUNTIME140.dll
0x00007ffaf1c50000 - 0x00007ffaf1c68000 	c:\Users\Rohit\.vscode\extensions\redhat.java-1.55.2026042408-win32-x64\jre\21.0.10-win32-x86_64\bin\jli.dll
0x00007ffb762d0000 - 0x00007ffb76495000 	C:\WINDOWS\System32\USER32.dll
0x00007ffb73c90000 - 0x00007ffb73cb7000 	C:\WINDOWS\System32\win32u.dll
0x00007ffb54970000 - 0x00007ffb54c03000 	C:\WINDOWS\WinSxS\amd64_microsoft.windows.common-controls_6595b64144ccf1df_6.0.26100.8115_none_3e075c82e3354f9c\COMCTL32.dll
0x00007ffb75420000 - 0x00007ffb7544b000 	C:\WINDOWS\System32\GDI32.dll
0x00007ffb75d60000 - 0x00007ffb75e09000 	C:\WINDOWS\System32\msvcrt.dll
0x00007ffb74430000 - 0x00007ffb7455b000 	C:\WINDOWS\System32\gdi32full.dll
0x00007ffb73910000 - 0x00007ffb739b3000 	C:\WINDOWS\System32\msvcp_win.dll
0x00007ffb76fb0000 - 0x00007ffb76fe2000 	C:\WINDOWS\System32\IMM32.DLL
0x00007ffb6e100000 - 0x00007ffb6e10c000 	c:\Users\Rohit\.vscode\extensions\redhat.java-1.55.2026042408-win32-x64\jre\21.0.10-win32-x86_64\bin\vcruntime140_1.dll
0x00007ffaf1580000 - 0x00007ffaf160d000 	c:\Users\Rohit\.vscode\extensions\redhat.java-1.55.2026042408-win32-x64\jre\21.0.10-win32-x86_64\bin\msvcp140.dll
0x00007ffaf07d0000 - 0x00007ffaf1571000 	c:\Users\Rohit\.vscode\extensions\redhat.java-1.55.2026042408-win32-x64\jre\21.0.10-win32-x86_64\bin\server\jvm.dll
0x00007ffb764a0000 - 0x00007ffb76556000 	C:\WINDOWS\System32\ADVAPI32.dll
0x00007ffb76950000 - 0x00007ffb769f7000 	C:\WINDOWS\System32\sechost.dll
0x00007ffb76e90000 - 0x00007ffb76fa8000 	C:\WINDOWS\System32\RPCRT4.dll
0x00007ffb74e00000 - 0x00007ffb74e80000 	C:\WINDOWS\System32\WS2_32.dll
0x00007ffb72fd0000 - 0x00007ffb7302e000 	C:\WINDOWS\SYSTEM32\POWRPROF.dll
0x00007ffb60c40000 - 0x00007ffb60c76000 	C:\WINDOWS\SYSTEM32\WINMM.dll
0x00007ffb681e0000 - 0x00007ffb681eb000 	C:\WINDOWS\SYSTEM32\VERSION.dll
0x00007ffb72de0000 - 0x00007ffb72df4000 	C:\WINDOWS\SYSTEM32\UMPDC.dll
0x00007ffb72690000 - 0x00007ffb726ab000 	C:\WINDOWS\SYSTEM32\kernel.appcore.dll
0x00007ffb6e120000 - 0x00007ffb6e12a000 	c:\Users\Rohit\.vscode\extensions\redhat.java-1.55.2026042408-win32-x64\jre\21.0.10-win32-x86_64\bin\jimage.dll
0x00007ffb71840000 - 0x00007ffb71a82000 	C:\WINDOWS\SYSTEM32\DBGHELP.DLL
0x00007ffb75f40000 - 0x00007ffb762c2000 	C:\WINDOWS\System32\combase.dll
0x00007ffb75330000 - 0x00007ffb75408000 	C:\WINDOWS\System32\OLEAUT32.dll
0x00007ffb517e0000 - 0x00007ffb5181b000 	C:\WINDOWS\SYSTEM32\dbgcore.DLL
0x00007ffb74380000 - 0x00007ffb74425000 	C:\WINDOWS\System32\bcryptPrimitives.dll
0x00007ffb37ed0000 - 0x00007ffb37edf000 	c:\Users\Rohit\.vscode\extensions\redhat.java-1.55.2026042408-win32-x64\jre\21.0.10-win32-x86_64\bin\instrument.dll
0x00007ffaf1f80000 - 0x00007ffaf1fa0000 	c:\Users\Rohit\.vscode\extensions\redhat.java-1.55.2026042408-win32-x64\jre\21.0.10-win32-x86_64\bin\java.dll
0x00007ffb75450000 - 0x00007ffb75bb7000 	C:\WINDOWS\System32\SHELL32.dll
0x00007ffb740c0000 - 0x00007ffb7422a000 	C:\WINDOWS\System32\wintypes.dll
0x00007ffb74560000 - 0x00007ffb74dc8000 	C:\WINDOWS\System32\windows.storage.dll
0x00007ffb76c60000 - 0x00007ffb76d58000 	C:\WINDOWS\System32\SHCORE.dll
0x00007ffb75ed0000 - 0x00007ffb75f36000 	C:\WINDOWS\System32\shlwapi.dll
0x00007ffb73830000 - 0x00007ffb73859000 	C:\WINDOWS\SYSTEM32\profapi.dll
0x00007ffaf1f60000 - 0x00007ffaf1f78000 	c:\Users\Rohit\.vscode\extensions\redhat.java-1.55.2026042408-win32-x64\jre\21.0.10-win32-x86_64\bin\zip.dll
0x00007ffb6e110000 - 0x00007ffb6e120000 	C:\Users\Rohit\.vscode\extensions\redhat.java-1.55.2026042408-win32-x64\jre\21.0.10-win32-x86_64\bin\net.dll
0x00007ffb69a70000 - 0x00007ffb69b9d000 	C:\WINDOWS\SYSTEM32\WINHTTP.dll
0x00007ffb72c80000 - 0x00007ffb72cec000 	C:\WINDOWS\system32\mswsock.dll
0x00007ffaf1f40000 - 0x00007ffaf1f56000 	C:\Users\Rohit\.vscode\extensions\redhat.java-1.55.2026042408-win32-x64\jre\21.0.10-win32-x86_64\bin\nio.dll
0x00007ffb35370000 - 0x00007ffb35380000 	c:\Users\Rohit\.vscode\extensions\redhat.java-1.55.2026042408-win32-x64\jre\21.0.10-win32-x86_64\bin\verify.dll
0x00007ffafe2e0000 - 0x00007ffafe325000 	C:\Users\Rohit\AppData\Roaming\Code\User\globalStorage\redhat.java\1.55.2026042408\config_win\org.eclipse.equinox.launcher\org.eclipse.equinox.launcher.win32.win32.x86_64_1.3.0.v20260203-2149\eclipse_11919.dll
0x00007ffb75bc0000 - 0x00007ffb75d57000 	C:\WINDOWS\System32\ole32.dll
0x00007ffb72fb0000 - 0x00007ffb72fcb000 	C:\WINDOWS\SYSTEM32\CRYPTSP.dll
0x00007ffb725f0000 - 0x00007ffb72629000 	C:\WINDOWS\system32\rsaenh.dll
0x00007ffb72d30000 - 0x00007ffb72d63000 	C:\WINDOWS\SYSTEM32\USERENV.dll
0x00007ffb73800000 - 0x00007ffb7382a000 	C:\WINDOWS\SYSTEM32\bcrypt.dll
0x00007ffb72fa0000 - 0x00007ffb72fac000 	C:\WINDOWS\SYSTEM32\CRYPTBASE.dll
0x00007ffb720b0000 - 0x00007ffb720e2000 	C:\WINDOWS\SYSTEM32\IPHLPAPI.DLL
0x00007ffb75410000 - 0x00007ffb7541a000 	C:\WINDOWS\System32\NSI.dll
0x00007ffaf78d0000 - 0x00007ffaf7919000 	C:\Users\Rohit\AppData\Local\Temp\jna-79138838\jna16402884508027048261.dll
0x00007ffb76ff0000 - 0x00007ffb76ff8000 	C:\WINDOWS\System32\PSAPI.DLL
0x00007ffb6ac30000 - 0x00007ffb6ac4d000 	C:\WINDOWS\SYSTEM32\dhcpcsvc6.DLL
0x00007ffb6ab50000 - 0x00007ffb6ab75000 	C:\WINDOWS\SYSTEM32\dhcpcsvc.DLL
0x00007ffb32bb0000 - 0x00007ffb32bbe000 	C:\Users\Rohit\.vscode\extensions\redhat.java-1.55.2026042408-win32-x64\jre\21.0.10-win32-x86_64\bin\sunmscapi.dll
0x00007ffb739c0000 - 0x00007ffb73b37000 	C:\WINDOWS\System32\CRYPT32.dll
0x00007ffb73230000 - 0x00007ffb73260000 	C:\WINDOWS\SYSTEM32\ncrypt.dll
0x00007ffb731e0000 - 0x00007ffb7321f000 	C:\WINDOWS\SYSTEM32\NTASN1.dll
0x00007ffb72150000 - 0x00007ffb72282000 	C:\WINDOWS\SYSTEM32\DNSAPI.dll
0x00007ffb6ab40000 - 0x00007ffb6ab4b000 	C:\Windows\System32\rasadhlp.dll
0x00007ffb6acc0000 - 0x00007ffb6ad46000 	C:\WINDOWS\System32\fwpuclnt.dll
0x00007ffb20530000 - 0x00007ffb20539000 	C:\Users\Rohit\.vscode\extensions\redhat.java-1.55.2026042408-win32-x64\jre\21.0.10-win32-x86_64\bin\extnet.dll
0x00007ffb206c0000 - 0x00007ffb206e7000 	C:\Users\Rohit\.gradle\native\1def1411415f61bf3af743bc5b6707747c0891f09f0c88961ee8f79bc544acac\windows-amd64\native-platform.dll
0x00007ffb2b520000 - 0x00007ffb2b52a000 	C:\Users\Rohit\.vscode\extensions\redhat.java-1.55.2026042408-win32-x64\jre\21.0.10-win32-x86_64\bin\management.dll
0x00007ffb2b510000 - 0x00007ffb2b51c000 	C:\Users\Rohit\.vscode\extensions\redhat.java-1.55.2026042408-win32-x64\jre\21.0.10-win32-x86_64\bin\management_ext.dll
0x00007ffb52ca0000 - 0x00007ffb52ca8000 	C:\WINDOWS\system32\wshunix.dll

JVMTI agents:
c:\Users\Rohit\.vscode\extensions\redhat.java-1.55.2026042408-win32-x64\lombok\lombok-1.18.39-4050.jar path:c:\Users\Rohit\.vscode\extensions\redhat.java-1.55.2026042408-win32-x64\jre\21.0.10-win32-x86_64\bin\instrument.dll, loaded, initialized, instrumentlib options:none

dbghelp: loaded successfully - version: 4.0.5 - missing functions: none
symbol engine: initialized successfully - sym options: 0x614 - pdb path: .;c:\Users\Rohit\.vscode\extensions\redhat.java-1.55.2026042408-win32-x64\jre\21.0.10-win32-x86_64\bin;C:\WINDOWS\SYSTEM32;C:\WINDOWS\WinSxS\amd64_microsoft.windows.common-controls_6595b64144ccf1df_6.0.26100.8115_none_3e075c82e3354f9c;c:\Users\Rohit\.vscode\extensions\redhat.java-1.55.2026042408-win32-x64\jre\21.0.10-win32-x86_64\bin\server;C:\Users\Rohit\AppData\Roaming\Code\User\globalStorage\redhat.java\1.55.2026042408\config_win\org.eclipse.equinox.launcher\org.eclipse.equinox.launcher.win32.win32.x86_64_1.3.0.v20260203-2149;C:\Users\Rohit\AppData\Local\Temp\jna-79138838;C:\Users\Rohit\.gradle\native\1def1411415f61bf3af743bc5b6707747c0891f09f0c88961ee8f79bc544acac\windows-amd64

VM Arguments:
jvm_args: --add-modules=ALL-SYSTEM --add-opens=java.base/java.util=ALL-UNNAMED --add-opens=java.base/java.lang=ALL-UNNAMED --add-opens=java.base/sun.nio.fs=ALL-UNNAMED -Declipse.application=org.eclipse.jdt.ls.core.id1 -Dosgi.bundles.defaultStartLevel=4 -Declipse.product=org.eclipse.jdt.ls.core.product -Djava.import.generatesMetadataFilesAtProjectRoot=false -DDetectVMInstallationsJob.disabled=true -Dfile.encoding=utf8 -XX:+UseParallelGC -XX:GCTimeRatio=4 -XX:AdaptiveSizePolicyWeight=90 -Dsun.zip.disableMemoryMapping=true -Xmx2G -Xms100m -Xlog:disable -javaagent:c:\Users\Rohit\.vscode\extensions\redhat.java-1.55.2026042408-win32-x64\lombok\lombok-1.18.39-4050.jar -XX:+HeapDumpOnOutOfMemoryError -XX:HeapDumpPath=c:\Users\Rohit\AppData\Roaming\Code\User\workspaceStorage\6d49a6029bcb0fc83d9f2152666a4f8f\redhat.java -Daether.dependencyCollector.impl=bf -XX:+UnlockDiagnosticVMOptions -XX:+AllowArchivingWithJavaAgent -XX:+AutoCreateSharedArchive -XX:SharedArchiveFile=c:\Users\Rohit\AppData\Roaming\Code\User\globalStorage\redhat.java\1.55.2026042408\jdtls.jsa 
java_command: c:\Users\Rohit\.vscode\extensions\redhat.java-1.55.2026042408-win32-x64\server\plugins\org.eclipse.equinox.launcher_1.7.100.v20251111-0406.jar -configuration c:\Users\Rohit\AppData\Roaming\Code\User\globalStorage\redhat.java\1.55.2026042408\config_win -data c:\Users\Rohit\AppData\Roaming\Code\User\workspaceStorage\6d49a6029bcb0fc83d9f2152666a4f8f\redhat.java\jdt_ws --pipe=\\.\pipe\lsp-d1c5677c0eada0268483688cd68cabe2-sock
java_class_path (initial): c:\Users\Rohit\.vscode\extensions\redhat.java-1.55.2026042408-win32-x64\server\plugins\org.eclipse.equinox.launcher_1.7.100.v20251111-0406.jar
Launcher Type: SUN_STANDARD

[Global flags]
    uintx AdaptiveSizePolicyWeight                 = 90                                        {product} {command line}
     bool AllowArchivingWithJavaAgent              = true                             {JVMCI diagnostic} {command line}
     bool AutoCreateSharedArchive                  = false                               {JVMCI product} {command line}
     intx CICompilerCount                          = 4                                         {product} {ergonomic}
    uintx GCTimeRatio                              = 4                                         {product} {command line}
     bool HeapDumpOnOutOfMemoryError               = true                                   {manageable} {command line}
    ccstr HeapDumpPath                             = c:\Users\Rohit\AppData\Roaming\Code\User\workspaceStorage\6d49a6029bcb0fc83d9f2152666a4f8f\redhat.java         {manageable} {command line}
   size_t InitialHeapSize                          = 104857600                                 {product} {command line}
   size_t MaxHeapSize                              = 2147483648                                {product} {command line}
   size_t MaxNewSize                               = 715653120                                 {product} {ergonomic}
   size_t MinHeapDeltaBytes                        = 524288                                    {product} {ergonomic}
   size_t MinHeapSize                              = 104857600                                 {product} {command line}
   size_t NewSize                                  = 34603008                                  {product} {ergonomic}
    uintx NonNMethodCodeHeapSize                   = 5839372                                {pd product} {ergonomic}
    uintx NonProfiledCodeHeapSize                  = 122909434                              {pd product} {ergonomic}
   size_t OldSize                                  = 70254592                                  {product} {ergonomic}
    uintx ProfiledCodeHeapSize                     = 122909434                              {pd product} {ergonomic}
    uintx ReservedCodeCacheSize                    = 251658240                              {pd product} {ergonomic}
     bool SegmentedCodeCache                       = true                                      {product} {ergonomic}
    ccstr SharedArchiveFile                        = c:\Users\Rohit\AppData\Roaming\Code\User\globalStorage\redhat.java\1.55.2026042408\jdtls.jsa      {JVMCI product} {command line}
   size_t SoftMaxHeapSize                          = 2147483648                             {manageable} {ergonomic}
     bool UnlockDiagnosticVMOptions                = true                                   {diagnostic} {command line}
     bool UseCompressedOops                        = true                           {product lp64_product} {ergonomic}
     bool UseLargePagesIndividualAllocation        = false                                  {pd product} {ergonomic}
     bool UseParallelGC                            = true                                      {product} {command line}

Logging:
Log output configuration:
 #0: stdout all=off uptime,level,tags foldmultilines=false
 #1: stderr all=off uptime,level,tags foldmultilines=false

Release file:
JAVA_VERSION="21.0.10" 
MODULES="java.base java.compiler java.datatransfer java.xml java.prefs java.desktop java.instrument java.logging java.management java.security.sasl java.naming java.rmi java.management.rmi java.net.http java.scripting java.security.jgss java.transaction.xa java.sql java.sql.rowset java.xml.crypto java.se java.smartcardio jdk.accessibility jdk.internal.jvmstat jdk.attach jdk.charsets jdk.internal.opt jdk.zipfs jdk.compiler jdk.crypto.ec jdk.crypto.cryptoki jdk.crypto.mscapi jdk.dynalink jdk.internal.ed jdk.editpad jdk.hotspot.agent jdk.httpserver jdk.internal.le jdk.internal.vm.ci jdk.internal.vm.compiler jdk.internal.vm.compiler.management jdk.jartool jdk.javadoc jdk.jcmd jdk.management jdk.management.agent jdk.jconsole jdk.jdeps jdk.jdwp.agent jdk.jdi jdk.jfr jdk.jshell jdk.jsobject jdk.jstatd jdk.localedata jdk.management.jfr jdk.naming.dns jdk.naming.rmi jdk.net jdk.nio.mapmode jdk.random jdk.sctp jdk.security.auth jdk.security.jgss jdk.unsupported jdk.unsupported.desktop jdk.xml.dom" 

Environment Variables:
JAVA_HOME=C:\Program Files\Java\jdk-17
PATH=C:\Users\Rohit\AppData\Local\Programs\Microsoft VS Code;C:\Program Files\Java\jdk-17\bin;C:\Program Files\Common Files\Oracle\Java\javapath;C:\oraclexe\app\oracle\product\10.2.0\server\bin;C:\windows\system32;C:\windows;C:\windows\System32\Wbem;C:\windows\System32\WindowsPowerShell\v1.0\;C:\windows\System32\OpenSSH\;C:\Program Files (x86)\NVIDIA Corporation\PhysX\Common;C:\Program Files\NVIDIA Corporation\NVIDIA NvDLISR;C:\Users\Administrator\AppData\Local\Microsoft\WindowsApps;C:\Program Files\HP\OMEN-Broadcast\Common;C:\ProgramData\chocolatey\bin;C:\Program Files\nodejs\;C:\xampp\php;C:\ProgramData\ComposerSetup\bin;C:\Program Files\Git\cmd;C:\Program Files\Microsoft SQL Server\150\Tools\Binn\;C:\Program Files\Microsoft SQL Server\Client SDK\ODBC\170\Tools\Binn\;C:\Program Files\dotnet\;%SystemRoot%\system32;%SystemRoot%;%SystemRoot%\System32\Wbem;%SYSTEMROOT%\System32\WindowsPowerShell\v1.0\;%SYSTEMROOT%\System32\OpenSSH\;C:\Users\Rohit\AppData\Local\Programs\Python\Python313\Scripts\;C:\Users\Rohit\AppData\Local\Programs\Python\Python313\;C:\Users\Rohit\AppData\Local\Microsoft\WindowsApps;C:\Users\Rohit\AppData\Local\Programs\Microsoft VS Code\bin;C:\Program Files\Java\jdk-17\bin;D:\Android\Flutter\SDK\flutter\bin;C:\Users\Rohit\AppData\Local\GitHubDesktop\bin;C:\Users\Rohit\AppData\Roaming\npm;C:\Users\Rohit\AppData\Local\Android\Sdk;C:\Users\Rohit\AppData\Roaming\Composer\vendor\bin;C:\Users\Rohit\.dotnet\tools;C:\Program Files\MySQL\MySQL Server 9.3\bin;
USERNAME=Rohit
OS=Windows_NT
PROCESSOR_IDENTIFIER=Intel64 Family 6 Model 186 Stepping 2, GenuineIntel
TMP=C:\Users\Rohit\AppData\Local\Temp
TEMP=C:\Users\Rohit\AppData\Local\Temp




Periodic native trim disabled

---------------  S Y S T E M  ---------------

OS:
 Windows 11 , 64 bit Build 26100 (10.0.26100.8246)
OS uptime: 0 days 1:58 hours
Hyper-V role detected

CPU: total 12 (initial active 12) (6 cores per cpu, 2 threads per core) family 6 model 186 stepping 2 microcode 0x4122, cx8, cmov, fxsr, ht, mmx, 3dnowpref, sse, sse2, sse3, ssse3, sse4.1, sse4.2, popcnt, lzcnt, tsc, tscinvbit, avx, avx2, aes, erms, clmul, bmi1, bmi2, adx, sha, fma, vzeroupper, clflush, clflushopt, clwb, hv, serialize, rdtscp, rdpid, fsrm, f16c, cet_ibt, cet_ss
Processor Information for processor 0
  Max Mhz: 2100, Current Mhz: 2100, Mhz Limit: 2100
Processor Information for processor 1
  Max Mhz: 2100, Current Mhz: 2100, Mhz Limit: 2100
Processor Information for processor 2
  Max Mhz: 2100, Current Mhz: 2100, Mhz Limit: 2100
Processor Information for processor 3
  Max Mhz: 2100, Current Mhz: 2100, Mhz Limit: 2100
Processor Information for processor 4
  Max Mhz: 2100, Current Mhz: 2100, Mhz Limit: 2100
Processor Information for processor 5
  Max Mhz: 2100, Current Mhz: 2100, Mhz Limit: 2100
Processor Information for processor 6
  Max Mhz: 2100, Current Mhz: 2100, Mhz Limit: 2100
Processor Information for processor 7
  Max Mhz: 2100, Current Mhz: 2100, Mhz Limit: 2100
Processor Information for processor 8
  Max Mhz: 2100, Current Mhz: 2100, Mhz Limit: 2100
Processor Information for processor 9
  Max Mhz: 2100, Current Mhz: 2100, Mhz Limit: 2100
Processor Information for processor 10
  Max Mhz: 2100, Current Mhz: 1540, Mhz Limit: 2100
Processor Information for processor 11
  Max Mhz: 2100, Current Mhz: 2100, Mhz Limit: 2100

Memory: 4k page, system-wide physical 16024M (1155M free)
TotalPageFile size 32408M (AvailPageFile size 11M)
current process WorkingSet (physical memory assigned to process): 40M, peak: 516M
current process commit charge ("private bytes"): 695M, peak: 696M

vm_info: OpenJDK 64-Bit Server VM (21.0.10+7-LTS) for windows-amd64 JRE (21.0.10+7-LTS), built on 2026-01-20T00:00:00Z by "admin" with MS VC++ 17.12 (VS2022)

END.
