#
# There is insufficient memory for the Java Runtime Environment to continue.
# Native memory allocation (malloc) failed to allocate 1048576 bytes. Error detail: AllocateHeap
# Possible reasons:
#   The system is out of physical RAM or swap space
#   This process is running with CompressedOops enabled, and the Java Heap may be blocking the growth of the native heap
# Possible solutions:
#   Reduce memory load on the system
#   Increase physical memory or swap space
#   Check if swap backing store is full
#   Decrease Java heap size (-Xmx/-Xms)
#   Decrease number of Java threads
#   Decrease Java thread stack sizes (-Xss)
#   Set larger code cache with -XX:ReservedCodeCacheSize=
#   JVM is running with Unscaled Compressed Oops mode in which the Java heap is
#     placed in the first 4GB address space. The Java Heap base address is the
#     maximum limit for the native heap growth. Please use -XX:HeapBaseMinAddress
#     to set the Java Heap base and to place the Java Heap above 4GB virtual address.
# This output file may be truncated or incomplete.
#
#  Out of Memory Error (allocation.cpp:44), pid=2728, tid=2348
#
# JRE version:  (21.0.10+7) (build )
# Java VM: OpenJDK 64-Bit Server VM (21.0.10+7-LTS, mixed mode, sharing, tiered, compressed oops, compressed class ptrs, parallel gc, windows-amd64)
# No core dump will be written. Minidumps are not enabled by default on client versions of Windows
#

---------------  S U M M A R Y ------------

Command Line: --add-modules=ALL-SYSTEM --add-opens=java.base/java.util=ALL-UNNAMED --add-opens=java.base/java.lang=ALL-UNNAMED --add-opens=java.base/sun.nio.fs=ALL-UNNAMED -Declipse.application=org.eclipse.jdt.ls.core.id1 -Dosgi.bundles.defaultStartLevel=4 -Declipse.product=org.eclipse.jdt.ls.core.product -Djava.import.generatesMetadataFilesAtProjectRoot=false -DDetectVMInstallationsJob.disabled=true -Dfile.encoding=utf8 -XX:+UseParallelGC -XX:GCTimeRatio=4 -XX:AdaptiveSizePolicyWeight=90 -Dsun.zip.disableMemoryMapping=true -Xmx2G -Xms100m -Xlog:disable -javaagent:c:\Users\Rohit\.vscode\extensions\redhat.java-1.54.2026032408-win32-x64\lombok\lombok-1.18.39-4050.jar -XX:+HeapDumpOnOutOfMemoryError -XX:HeapDumpPath=c:\Users\Rohit\AppData\Roaming\Code\User\workspaceStorage\6d49a6029bcb0fc83d9f2152666a4f8f\redhat.java -Daether.dependencyCollector.impl=bf -XX:+UnlockDiagnosticVMOptions -XX:+AllowArchivingWithJavaAgent -XX:+AutoCreateSharedArchive -XX:SharedArchiveFile=c:\Users\Rohit\AppData\Roaming\Code\User\globalStorage\redhat.java\1.54.2026032408\jdtls.jsa c:\Users\Rohit\.vscode\extensions\redhat.java-1.54.2026032408-win32-x64\server\plugins\org.eclipse.equinox.launcher_1.7.100.v20251111-0406.jar -configuration c:\Users\Rohit\AppData\Roaming\Code\User\globalStorage\redhat.java\1.54.2026032408\config_win -data c:\Users\Rohit\AppData\Roaming\Code\User\workspaceStorage\6d49a6029bcb0fc83d9f2152666a4f8f\redhat.java\jdt_ws --pipe=\\.\pipe\lsp-a9b70444db3eecd253f7a146a4cc257e-sock

Host: 13th Gen Intel(R) Core(TM) i5-13420H, 12 cores, 15G,  Windows 11 , 64 bit Build 26100 (10.0.26100.7920)
Time: Wed Mar 25 11:51:04 2026 India Standard Time elapsed time: 3.122933 seconds (0d 0h 0m 3s)

---------------  T H R E A D  ---------------

Current thread (0x000001a39049a1c0):  JavaThread "Unknown thread" [_thread_in_vm, id=2348, stack(0x0000006f1a600000,0x0000006f1a700000) (1024K)]

Stack: [0x0000006f1a600000,0x0000006f1a700000]
Native frames: (J=compiled Java code, j=interpreted, Vv=VM code, C=native code)
V  [jvm.dll+0x6d7a39]
V  [jvm.dll+0x8b4b26]
V  [jvm.dll+0x8b70de]
V  [jvm.dll+0x8b77c3]
V  [jvm.dll+0x284346]
V  [jvm.dll+0xc1277]
V  [jvm.dll+0x70ba02]
V  [jvm.dll+0x70c73c]
V  [jvm.dll+0x6e65d3]
V  [jvm.dll+0x87f17c]
V  [jvm.dll+0x3c49fc]
V  [jvm.dll+0x867e6b]
V  [jvm.dll+0x457b31]
V  [jvm.dll+0x459721]
C  [jli.dll+0x52d0]
C  [ucrtbase.dll+0x37b0]
C  [KERNEL32.DLL+0x2e8d7]
C  [ntdll.dll+0x8c48c]


---------------  P R O C E S S  ---------------

Threads class SMR info:
_java_thread_list=0x000001a392909e70, length=1, elements={
0x000001a39049a1c0
}

Java Threads: ( => current thread )
=>0x000001a39049a1c0 JavaThread "Unknown thread"             [_thread_in_vm, id=2348, stack(0x0000006f1a600000,0x0000006f1a700000) (1024K)]
Total: 1

Other Threads:
  0x000001a39272ca00 WatcherThread "VM Periodic Task Thread"        [id=9004, stack(0x0000006f1a800000,0x0000006f1a900000) (1024K)]
  0x000001a3928bc6b0 WorkerThread "GC Thread#0"                     [id=6128, stack(0x0000006f1a700000,0x0000006f1a800000) (1024K)]
Total: 2

Threads with active compile tasks:
Total: 0

VM state: not at safepoint (normal execution)

VM Mutex/Monitor currently owned by a thread: None

Heap address: 0x0000000080000000, size: 2048 MB, Compressed Oops mode: 32-bit

CDS archive(s) mapped at: [0x000001a3aa000000-0x000001a3aaba0000-0x000001a3aaba0000), size 12189696, SharedBaseAddress: 0x000001a3aa000000, ArchiveRelocationMode: 1.
Compressed class space mapped at: 0x000001a3ab000000-0x000001a3eb000000, reserved size: 1073741824
Narrow klass base: 0x000001a3aa000000, Narrow klass shift: 0, Narrow klass range: 0x100000000

GC Precious Log:
 CardTable entry size: 512
 CPUs: 12 total, 12 available
 Memory: 16024M
 Large Page Support: Disabled
 NUMA Support: Disabled
 Compressed Oops: Enabled (32-bit)
 Alignments: Space 512K, Generation 512K, Heap 2M
 Heap Min Capacity: 100M
 Heap Initial Capacity: 100M
 Heap Max Capacity: 2G
 Pre-touch: Disabled
 Parallel Workers: 10

Heap:
 PSYoungGen      total 29696K, used 512K [0x00000000d5580000, 0x00000000d7680000, 0x0000000100000000)
  eden space 25600K, 2% used [0x00000000d5580000,0x00000000d5600020,0x00000000d6e80000)
  from space 4096K, 0% used [0x00000000d7280000,0x00000000d7280000,0x00000000d7680000)
  to   space 4096K, 0% used [0x00000000d6e80000,0x00000000d6e80000,0x00000000d7280000)
 ParOldGen       total 68608K, used 0K [0x0000000080000000, 0x0000000084300000, 0x00000000d5580000)
  object space 68608K, 0% used [0x0000000080000000,0x0000000080000000,0x0000000084300000)
 Metaspace       used 0K, committed 0K, reserved 1048576K
  class space    used 0K, committed 0K, reserved 1048576K

Card table byte_map: [0x000001a392240000,0x000001a392650000] _byte_map_base: 0x000001a391e40000

Marking Bits: (ParMarkBitMap*) 0x00007ffc57e33450
 Begin Bits: [0x000001a3a4d50000, 0x000001a3a6d50000)
 End Bits:   [0x000001a3a6d50000, 0x000001a3a8d50000)

Polling page: 0x000001a3906b0000

Metaspace:

Usage:
  Non-class:      0 bytes used.
      Class:      0 bytes used.
       Both:      0 bytes used.

Virtual space:
  Non-class space:        0 bytes reserved,       0 bytes (  ?%) committed,  0 nodes.
      Class space:        1.00 GB reserved,       0 bytes (  0%) committed,  1 nodes.
             Both:        1.00 GB reserved,       0 bytes (  0%) committed. 

Chunk freelists:
   Non-Class:  0 bytes
       Class:  16.00 MB
        Both:  16.00 MB

MaxMetaspaceSize: unlimited
CompressedClassSpaceSize: 1.00 GB
Initial GC threshold: 21.00 MB
Current GC threshold: 17179869184.00 GB
CDS: on
 - commit_granule_bytes: 65536.
 - commit_granule_words: 8192.
 - virtual_space_node_default_size: 8388608.
 - enlarge_chunks_in_place: 1.
 - use_allocation_guard: 0.


Internal statistics:

num_allocs_failed_limit: 0.
num_arena_births: 0.
num_arena_deaths: 0.
num_vsnodes_births: 1.
num_vsnodes_deaths: 0.
num_space_committed: 0.
num_space_uncommitted: 0.
num_chunks_returned_to_freelist: 0.
num_chunks_taken_from_freelist: 1.
num_chunk_merges: 0.
num_chunk_splits: 1.
num_chunks_enlarged: 0.
num_inconsistent_stats: 0.

CodeHeap 'non-profiled nmethods': size=120000Kb used=0Kb max_used=0Kb free=120000Kb
 bounds [0x000001a39d570000, 0x000001a39d7e0000, 0x000001a3a4aa0000]
CodeHeap 'profiled nmethods': size=120000Kb used=0Kb max_used=0Kb free=120000Kb
 bounds [0x000001a395aa0000, 0x000001a395d10000, 0x000001a39cfd0000]
CodeHeap 'non-nmethods': size=5760Kb used=194Kb max_used=342Kb free=5565Kb
 bounds [0x000001a39cfd0000, 0x000001a39d240000, 0x000001a39d570000]
CodeCache: size=245760Kb, used=194Kb, max_used=342Kb, free=245565Kb
 total_blobs=70, nmethods=0, adapters=48, full_count=0
Compilation: enabled, stopped_count=0, restarted_count=0

Compilation events (0 events):
No events

GC Heap History (0 events):
No events

Dll operation events (2 events):
Event: 0.016 Loaded shared library c:\Users\Rohit\.vscode\extensions\redhat.java-1.54.2026032408-win32-x64\jre\21.0.10-win32-x86_64\bin\java.dll
Event: 2.092 Loaded shared library c:\Users\Rohit\.vscode\extensions\redhat.java-1.54.2026032408-win32-x64\jre\21.0.10-win32-x86_64\bin\zip.dll

Deoptimization events (0 events):
No events

Classes loaded (0 events):
No events

Classes unloaded (0 events):
No events

Classes redefined (0 events):
No events

Internal exceptions (0 events):
No events

ZGC Phase Switch (0 events):
No events

VM Operations (0 events):
No events

Memory protections (0 events):
No events

Nmethod flushes (0 events):
No events

Events (1 events):
Event: 2.100 Thread 0x000001a39049a1c0 Thread added: 0x000001a39049a1c0


Dynamic libraries:
0x00007ff63c150000 - 0x00007ff63c15e000 	c:\Users\Rohit\.vscode\extensions\redhat.java-1.54.2026032408-win32-x64\jre\21.0.10-win32-x86_64\bin\java.exe
0x00007ffd0ab80000 - 0x00007ffd0ade7000 	C:\WINDOWS\SYSTEM32\ntdll.dll
0x00007ffd0a040000 - 0x00007ffd0a109000 	C:\WINDOWS\System32\KERNEL32.DLL
0x00007ffd07460000 - 0x00007ffd07851000 	C:\WINDOWS\System32\KERNELBASE.dll
0x00007ffd07ea0000 - 0x00007ffd07feb000 	C:\WINDOWS\System32\ucrtbase.dll
0x00007ffcea060000 - 0x00007ffcea07e000 	c:\Users\Rohit\.vscode\extensions\redhat.java-1.54.2026032408-win32-x64\jre\21.0.10-win32-x86_64\bin\VCRUNTIME140.dll
0x00007ffcfd660000 - 0x00007ffcfd678000 	c:\Users\Rohit\.vscode\extensions\redhat.java-1.54.2026032408-win32-x64\jre\21.0.10-win32-x86_64\bin\jli.dll
0x00007ffd08920000 - 0x00007ffd08ae5000 	C:\WINDOWS\System32\USER32.dll
0x00007ffce5950000 - 0x00007ffce5be3000 	C:\WINDOWS\WinSxS\amd64_microsoft.windows.common-controls_6595b64144ccf1df_6.0.26100.8037_none_3e092faae333b53b\COMCTL32.dll
0x00007ffd07de0000 - 0x00007ffd07e07000 	C:\WINDOWS\System32\win32u.dll
0x00007ffd0aa00000 - 0x00007ffd0aaa9000 	C:\WINDOWS\System32\msvcrt.dll
0x00007ffd0a360000 - 0x00007ffd0a38b000 	C:\WINDOWS\System32\GDI32.dll
0x00007ffd07860000 - 0x00007ffd0798b000 	C:\WINDOWS\System32\gdi32full.dll
0x00007ffd07990000 - 0x00007ffd07a33000 	C:\WINDOWS\System32\msvcp_win.dll
0x00007ffd09e40000 - 0x00007ffd09e71000 	C:\WINDOWS\System32\IMM32.DLL
0x00007ffcea050000 - 0x00007ffcea05c000 	c:\Users\Rohit\.vscode\extensions\redhat.java-1.54.2026032408-win32-x64\jre\21.0.10-win32-x86_64\bin\vcruntime140_1.dll
0x00007ffcb8c90000 - 0x00007ffcb8d1d000 	c:\Users\Rohit\.vscode\extensions\redhat.java-1.54.2026032408-win32-x64\jre\21.0.10-win32-x86_64\bin\msvcp140.dll
0x00007ffc57170000 - 0x00007ffc57f11000 	c:\Users\Rohit\.vscode\extensions\redhat.java-1.54.2026032408-win32-x64\jre\21.0.10-win32-x86_64\bin\server\jvm.dll
0x00007ffd08b00000 - 0x00007ffd08bbb000 	C:\WINDOWS\System32\ADVAPI32.dll
0x00007ffd09e80000 - 0x00007ffd09f27000 	C:\WINDOWS\System32\sechost.dll
0x00007ffd0a8b0000 - 0x00007ffd0a9c8000 	C:\WINDOWS\System32\RPCRT4.dll
0x00007ffd09dc0000 - 0x00007ffd09e34000 	C:\WINDOWS\System32\WS2_32.dll
0x00007ffd06b60000 - 0x00007ffd06bbe000 	C:\WINDOWS\SYSTEM32\POWRPROF.dll
0x00007ffcfcef0000 - 0x00007ffcfcefb000 	C:\WINDOWS\SYSTEM32\VERSION.dll
0x00007ffcf3f30000 - 0x00007ffcf3f65000 	C:\WINDOWS\SYSTEM32\WINMM.dll
0x00007ffd06ad0000 - 0x00007ffd06ae4000 	C:\WINDOWS\SYSTEM32\UMPDC.dll
0x00007ffd061f0000 - 0x00007ffd0620b000 	C:\WINDOWS\SYSTEM32\kernel.appcore.dll
0x00007ffcea030000 - 0x00007ffcea03a000 	c:\Users\Rohit\.vscode\extensions\redhat.java-1.54.2026032408-win32-x64\jre\21.0.10-win32-x86_64\bin\jimage.dll
0x00007ffd054f0000 - 0x00007ffd05732000 	C:\WINDOWS\SYSTEM32\DBGHELP.DLL
0x00007ffd09490000 - 0x00007ffd09812000 	C:\WINDOWS\System32\combase.dll
0x00007ffd0a220000 - 0x00007ffd0a2f7000 	C:\WINDOWS\System32\OLEAUT32.dll
0x00007ffce41b0000 - 0x00007ffce41eb000 	C:\WINDOWS\SYSTEM32\dbgcore.DLL
0x00007ffd07bc0000 - 0x00007ffd07c65000 	C:\WINDOWS\System32\bcryptPrimitives.dll
0x00007ffce80d0000 - 0x00007ffce80df000 	c:\Users\Rohit\.vscode\extensions\redhat.java-1.54.2026032408-win32-x64\jre\21.0.10-win32-x86_64\bin\instrument.dll
0x00007ffce9fe0000 - 0x00007ffcea000000 	c:\Users\Rohit\.vscode\extensions\redhat.java-1.54.2026032408-win32-x64\jre\21.0.10-win32-x86_64\bin\java.dll
0x00007ffcd6430000 - 0x00007ffcd6448000 	c:\Users\Rohit\.vscode\extensions\redhat.java-1.54.2026032408-win32-x64\jre\21.0.10-win32-x86_64\bin\zip.dll

JVMTI agents:
c:\Users\Rohit\.vscode\extensions\redhat.java-1.54.2026032408-win32-x64\lombok\lombok-1.18.39-4050.jar path:none, loaded, not initialized, instrumentlib options:none

dbghelp: loaded successfully - version: 4.0.5 - missing functions: none
symbol engine: initialized successfully - sym options: 0x614 - pdb path: .;c:\Users\Rohit\.vscode\extensions\redhat.java-1.54.2026032408-win32-x64\jre\21.0.10-win32-x86_64\bin;C:\WINDOWS\SYSTEM32;C:\WINDOWS\WinSxS\amd64_microsoft.windows.common-controls_6595b64144ccf1df_6.0.26100.8037_none_3e092faae333b53b;c:\Users\Rohit\.vscode\extensions\redhat.java-1.54.2026032408-win32-x64\jre\21.0.10-win32-x86_64\bin\server

VM Arguments:
jvm_args: --add-modules=ALL-SYSTEM --add-opens=java.base/java.util=ALL-UNNAMED --add-opens=java.base/java.lang=ALL-UNNAMED --add-opens=java.base/sun.nio.fs=ALL-UNNAMED -Declipse.application=org.eclipse.jdt.ls.core.id1 -Dosgi.bundles.defaultStartLevel=4 -Declipse.product=org.eclipse.jdt.ls.core.product -Djava.import.generatesMetadataFilesAtProjectRoot=false -DDetectVMInstallationsJob.disabled=true -Dfile.encoding=utf8 -XX:+UseParallelGC -XX:GCTimeRatio=4 -XX:AdaptiveSizePolicyWeight=90 -Dsun.zip.disableMemoryMapping=true -Xmx2G -Xms100m -Xlog:disable -javaagent:c:\Users\Rohit\.vscode\extensions\redhat.java-1.54.2026032408-win32-x64\lombok\lombok-1.18.39-4050.jar -XX:+HeapDumpOnOutOfMemoryError -XX:HeapDumpPath=c:\Users\Rohit\AppData\Roaming\Code\User\workspaceStorage\6d49a6029bcb0fc83d9f2152666a4f8f\redhat.java -Daether.dependencyCollector.impl=bf -XX:+UnlockDiagnosticVMOptions -XX:+AllowArchivingWithJavaAgent -XX:+AutoCreateSharedArchive -XX:SharedArchiveFile=c:\Users\Rohit\AppData\Roaming\Code\User\globalStorage\redhat.java\1.54.2026032408\jdtls.jsa 
java_command: c:\Users\Rohit\.vscode\extensions\redhat.java-1.54.2026032408-win32-x64\server\plugins\org.eclipse.equinox.launcher_1.7.100.v20251111-0406.jar -configuration c:\Users\Rohit\AppData\Roaming\Code\User\globalStorage\redhat.java\1.54.2026032408\config_win -data c:\Users\Rohit\AppData\Roaming\Code\User\workspaceStorage\6d49a6029bcb0fc83d9f2152666a4f8f\redhat.java\jdt_ws --pipe=\\.\pipe\lsp-a9b70444db3eecd253f7a146a4cc257e-sock
java_class_path (initial): c:\Users\Rohit\.vscode\extensions\redhat.java-1.54.2026032408-win32-x64\server\plugins\org.eclipse.equinox.launcher_1.7.100.v20251111-0406.jar
Launcher Type: SUN_STANDARD

[Global flags]
    uintx AdaptiveSizePolicyWeight                 = 90                                        {product} {command line}
     bool AllowArchivingWithJavaAgent              = true                             {JVMCI diagnostic} {command line}
     bool AutoCreateSharedArchive                  = true                                {JVMCI product} {command line}
     intx CICompilerCount                          = 4                                         {product} {ergonomic}
    uintx GCTimeRatio                              = 4                                         {product} {command line}
     bool HeapDumpOnOutOfMemoryError               = true                                   {manageable} {command line}
    ccstr HeapDumpPath                             = c:\Users\Rohit\AppData\Roaming\Code\User\workspaceStorage\6d49a6029bcb0fc83d9f2152666a4f8f\redhat.java         {manageable} {command line}
   size_t InitialHeapSize                          = 104857600                                 {product} {command line}
   size_t MaxHeapSize                              = 2147483648                                {product} {command line}
   size_t MaxNewSize                               = 715653120                                 {product} {ergonomic}
   size_t MinHeapDeltaBytes                        = 524288                                    {product} {ergonomic}
   size_t MinHeapSize                              = 104857600                                 {product} {command line}
   size_t NewSize                                  = 34603008                                  {product} {ergonomic}
    uintx NonNMethodCodeHeapSize                   = 5839372                                {pd product} {ergonomic}
    uintx NonProfiledCodeHeapSize                  = 122909434                              {pd product} {ergonomic}
   size_t OldSize                                  = 70254592                                  {product} {ergonomic}
    uintx ProfiledCodeHeapSize                     = 122909434                              {pd product} {ergonomic}
    uintx ReservedCodeCacheSize                    = 251658240                              {pd product} {ergonomic}
     bool SegmentedCodeCache                       = true                                      {product} {ergonomic}
    ccstr SharedArchiveFile                        =                                     {JVMCI product} {command line}
   size_t SoftMaxHeapSize                          = 2147483648                             {manageable} {ergonomic}
     bool UnlockDiagnosticVMOptions                = true                                   {diagnostic} {command line}
     bool UseCompressedOops                        = true                           {product lp64_product} {ergonomic}
     bool UseLargePagesIndividualAllocation        = false                                  {pd product} {ergonomic}
     bool UseParallelGC                            = true                                      {product} {command line}

Logging:
Log output configuration:
 #0: stdout all=off uptime,level,tags foldmultilines=false
 #1: stderr all=off uptime,level,tags foldmultilines=false

Release file:
<release file has not been read>
Environment Variables:
JAVA_HOME=C:\Program Files\Java\jdk-17
PATH=C:\Users\Rohit\AppData\Local\Programs\Microsoft VS Code;C:\Program Files\Java\jdk-17\bin;C:\Program Files\Common Files\Oracle\Java\javapath;C:\oraclexe\app\oracle\product\10.2.0\server\bin;C:\windows\system32;C:\windows;C:\windows\System32\Wbem;C:\windows\System32\WindowsPowerShell\v1.0\;C:\windows\System32\OpenSSH\;C:\Program Files (x86)\NVIDIA Corporation\PhysX\Common;C:\Program Files\NVIDIA Corporation\NVIDIA NvDLISR;C:\Users\Administrator\AppData\Local\Microsoft\WindowsApps;C:\Program Files\HP\OMEN-Broadcast\Common;C:\ProgramData\chocolatey\bin;C:\Program Files\nodejs\;C:\xampp\php;C:\ProgramData\ComposerSetup\bin;C:\Program Files\Git\cmd;C:\Program Files\Microsoft SQL Server\150\Tools\Binn\;C:\Program Files\Microsoft SQL Server\Client SDK\ODBC\170\Tools\Binn\;C:\Program Files\dotnet\;%SystemRoot%\system32;%SystemRoot%;%SystemRoot%\System32\Wbem;%SYSTEMROOT%\System32\WindowsPowerShell\v1.0\;%SYSTEMROOT%\System32\OpenSSH\;C:\Users\Rohit\AppData\Local\Programs\Python\Python313\Scripts\;C:\Users\Rohit\AppData\Local\Programs\Python\Python313\;C:\Users\Rohit\AppData\Local\Microsoft\WindowsApps;C:\Users\Rohit\AppData\Local\Programs\Microsoft VS Code\bin;C:\Program Files\Java\jdk-17\bin;D:\Android\Flutter\SDK\flutter\bin;C:\Users\Rohit\AppData\Local\GitHubDesktop\bin;C:\Users\Rohit\AppData\Roaming\npm;C:\Users\Rohit\AppData\Local\Android\Sdk;C:\Users\Rohit\AppData\Roaming\Composer\vendor\bin;C:\Users\Rohit\.dotnet\tools;C:\Program Files\MySQL\MySQL Server 9.3\bin;
USERNAME=Rohit
OS=Windows_NT
PROCESSOR_IDENTIFIER=Intel64 Family 6 Model 186 Stepping 2, GenuineIntel
TMP=C:\Users\Rohit\AppData\Local\Temp
TEMP=C:\Users\Rohit\AppData\Local\Temp




Periodic native trim disabled

---------------  S Y S T E M  ---------------

OS:
 Windows 11 , 64 bit Build 26100 (10.0.26100.7920)
OS uptime: 0 days 2:53 hours
Hyper-V role detected

CPU: total 12 (initial active 12) (6 cores per cpu, 2 threads per core) family 6 model 186 stepping 2 microcode 0x4122, cx8, cmov, fxsr, ht, mmx, 3dnowpref, sse, sse2, sse3, ssse3, sse4.1, sse4.2, popcnt, lzcnt, tsc, tscinvbit, avx, avx2, aes, erms, clmul, bmi1, bmi2, adx, sha, fma, vzeroupper, clflush, clflushopt, clwb, hv, serialize, rdtscp, rdpid, fsrm, f16c, cet_ibt, cet_ss
Processor Information for processor 0
  Max Mhz: 2100, Current Mhz: 2100, Mhz Limit: 2100
Processor Information for processor 1
  Max Mhz: 2100, Current Mhz: 2100, Mhz Limit: 2100
Processor Information for processor 2
  Max Mhz: 2100, Current Mhz: 2100, Mhz Limit: 2100
Processor Information for processor 3
  Max Mhz: 2100, Current Mhz: 2100, Mhz Limit: 2100
Processor Information for processor 4
  Max Mhz: 2100, Current Mhz: 2100, Mhz Limit: 2100
Processor Information for processor 5
  Max Mhz: 2100, Current Mhz: 2100, Mhz Limit: 2100
Processor Information for processor 6
  Max Mhz: 2100, Current Mhz: 1453, Mhz Limit: 2100
Processor Information for processor 7
  Max Mhz: 2100, Current Mhz: 2100, Mhz Limit: 2100
Processor Information for processor 8
  Max Mhz: 2100, Current Mhz: 2100, Mhz Limit: 2100
Processor Information for processor 9
  Max Mhz: 2100, Current Mhz: 2100, Mhz Limit: 2100
Processor Information for processor 10
  Max Mhz: 2100, Current Mhz: 1540, Mhz Limit: 2100
Processor Information for processor 11
  Max Mhz: 2100, Current Mhz: 2100, Mhz Limit: 2100

Memory: 4k page, system-wide physical 16024M (991M free)
TotalPageFile size 42587M (AvailPageFile size 74M)
current process WorkingSet (physical memory assigned to process): 26M, peak: 26M
current process commit charge ("private bytes"): 195M, peak: 196M

vm_info: OpenJDK 64-Bit Server VM (21.0.10+7-LTS) for windows-amd64 JRE (21.0.10+7-LTS), built on 2026-01-20T00:00:00Z by "admin" with MS VC++ 17.12 (VS2022)

END.
