#
# There is insufficient memory for the Java Runtime Environment to continue.
# Native memory allocation (malloc) failed to allocate 1051936 bytes. Error detail: Chunk::new
# Possible reasons:
#   The system is out of physical RAM or swap space
#   This process is running with CompressedOops enabled, and the Java Heap may be blocking the growth of the native heap
# Possible solutions:
#   Reduce memory load on the system
#   Increase physical memory or swap space
#   Check if swap backing store is full
#   Decrease Java heap size (-Xmx/-Xms)
#   Decrease number of Java threads
#   Decrease Java thread stack sizes (-Xss)
#   Set larger code cache with -XX:ReservedCodeCacheSize=
#   JVM is running with Unscaled Compressed Oops mode in which the Java heap is
#     placed in the first 4GB address space. The Java Heap base address is the
#     maximum limit for the native heap growth. Please use -XX:HeapBaseMinAddress
#     to set the Java Heap base and to place the Java Heap above 4GB virtual address.
# This output file may be truncated or incomplete.
#
#  Out of Memory Error (arena.cpp:168), pid=22336, tid=14988
#
# JRE version: OpenJDK Runtime Environment Temurin-21.0.10+7 (21.0.10+7) (build 21.0.10+7-LTS)
# Java VM: OpenJDK 64-Bit Server VM Temurin-21.0.10+7 (21.0.10+7-LTS, mixed mode, sharing, tiered, compressed oops, compressed class ptrs, parallel gc, windows-amd64)
# No core dump will be written. Minidumps are not enabled by default on client versions of Windows
#

---------------  S U M M A R Y ------------

Command Line: --add-modules=ALL-SYSTEM --add-opens=java.base/java.util=ALL-UNNAMED --add-opens=java.base/java.lang=ALL-UNNAMED --add-opens=java.base/sun.nio.fs=ALL-UNNAMED -Declipse.application=org.eclipse.jdt.ls.core.id1 -Dosgi.bundles.defaultStartLevel=4 -Declipse.product=org.eclipse.jdt.ls.core.product -Djava.import.generatesMetadataFilesAtProjectRoot=false -DDetectVMInstallationsJob.disabled=true -Dfile.encoding=utf8 -XX:+UseParallelGC -XX:GCTimeRatio=4 -XX:AdaptiveSizePolicyWeight=90 -Dsun.zip.disableMemoryMapping=true -Xmx2G -Xms100m -Xlog:disable -javaagent:c:\Users\Rohit\.vscode\extensions\redhat.java-1.54.2026032508-win32-x64\lombok\lombok-1.18.39-4050.jar -XX:+HeapDumpOnOutOfMemoryError -XX:HeapDumpPath=c:\Users\Rohit\AppData\Roaming\Code\User\workspaceStorage\6d49a6029bcb0fc83d9f2152666a4f8f\redhat.java -Daether.dependencyCollector.impl=bf -XX:+UnlockDiagnosticVMOptions -XX:+AllowArchivingWithJavaAgent -XX:+AutoCreateSharedArchive -XX:SharedArchiveFile=c:\Users\Rohit\AppData\Roaming\Code\User\globalStorage\redhat.java\1.54.2026032508\jdtls.jsa c:\Users\Rohit\.vscode\extensions\redhat.java-1.54.2026032508-win32-x64\server\plugins\org.eclipse.equinox.launcher_1.7.100.v20251111-0406.jar -configuration c:\Users\Rohit\AppData\Roaming\Code\User\globalStorage\redhat.java\1.54.2026032508\config_win -data c:\Users\Rohit\AppData\Roaming\Code\User\workspaceStorage\6d49a6029bcb0fc83d9f2152666a4f8f\redhat.java\jdt_ws --pipe=\\.\pipe\lsp-252bae74c6bbe060cd62527f9df2a346-sock

Host: 13th Gen Intel(R) Core(TM) i5-13420H, 12 cores, 15G,  Windows 11 , 64 bit Build 26100 (10.0.26100.7920)
Time: Mon Mar 30 12:29:06 2026 India Standard Time elapsed time: 103.571265 seconds (0d 0h 1m 43s)

---------------  T H R E A D  ---------------

Current thread (0x00000160fcea1000):  JavaThread "C2 CompilerThread1" daemon [_thread_in_native, id=14988, stack(0x0000002f22900000,0x0000002f22a00000) (1024K)]


Current CompileTask:
C2:103571 9620   !   4       org.eclipse.core.internal.localstore.UnifiedTree::addChildren (479 bytes)

Stack: [0x0000002f22900000,0x0000002f22a00000]
Native frames: (J=compiled Java code, j=interpreted, Vv=VM code, C=native code)
V  [jvm.dll+0x6d7a39]
V  [jvm.dll+0x8b4b26]
V  [jvm.dll+0x8b70de]
V  [jvm.dll+0x8b77c3]
V  [jvm.dll+0x284346]
V  [jvm.dll+0xc66ed]
V  [jvm.dll+0xc6c31]
V  [jvm.dll+0x2fb29e]
V  [jvm.dll+0x5fe884]
V  [jvm.dll+0x255b17]
V  [jvm.dll+0x255edd]
V  [jvm.dll+0x24e500]
V  [jvm.dll+0x24ba42]
V  [jvm.dll+0x1cb34e]
V  [jvm.dll+0x25b85d]
V  [jvm.dll+0x259dea]
V  [jvm.dll+0x3f857e]
V  [jvm.dll+0x85f59d]
V  [jvm.dll+0x6d626d]
C  [ucrtbase.dll+0x37b0]
C  [KERNEL32.DLL+0x2e8d7]
C  [ntdll.dll+0x8c48c]


---------------  P R O C E S S  ---------------

Threads class SMR info:
_java_thread_list=0x00000160fc1982a0, length=59, elements={
0x00000160db33b4c0, 0x00000160f61344b0, 0x00000160f61353d0, 0x00000160f6136f10,
0x00000160f6139b90, 0x00000160f613fc50, 0x00000160f6141e90, 0x00000160f615ff30,
0x00000160f61659f0, 0x00000160f63722d0, 0x00000160f6446040, 0x00000160f6cd4060,
0x00000160f6cd6130, 0x00000160f6cd67c0, 0x00000160f6cd46f0, 0x00000160f6cd4d80,
0x00000160f6cd5410, 0x00000160f6cd74e0, 0x00000160f68151c0, 0x00000160f68144a0,
0x00000160f6817920, 0x00000160f6816570, 0x00000160f6818640, 0x00000160f6818cd0,
0x00000160f6819360, 0x00000160f6815ee0, 0x00000160f68199f0, 0x00000160f6816c00,
0x00000160f6817290, 0x00000160f681ada0, 0x00000160f681a080, 0x00000160f681a710,
0x00000160f681b430, 0x00000160f681bac0, 0x00000160fc6cd5d0, 0x00000160fc6ccf40,
0x00000160fc6cbb90, 0x00000160fc6cc220, 0x00000160fc6cdc60, 0x00000160fc6ce980,
0x00000160fc6cb500, 0x00000160fc6cf6a0, 0x00000160fc6d1770, 0x00000160fcea1000,
0x00000160fc6d2490, 0x00000160fc6d2b20, 0x00000160fb77b8b0, 0x00000160fb77cc60,
0x00000160fb77d2f0, 0x00000160fb779e70, 0x00000160fb77c5d0, 0x00000160fb77bf40,
0x00000160fb77d980, 0x00000160fb77a500, 0x00000160fb77e010, 0x00000160fb77ab90,
0x00000160fb77e6a0, 0x00000160fb781490, 0x00000160fce9e720
}

Java Threads: ( => current thread )
  0x00000160db33b4c0 JavaThread "main"                              [_thread_blocked, id=23360, stack(0x0000002f22c00000,0x0000002f22d00000) (1024K)]
  0x00000160f61344b0 JavaThread "Reference Handler"          daemon [_thread_blocked, id=22988, stack(0x0000002f23000000,0x0000002f23100000) (1024K)]
  0x00000160f61353d0 JavaThread "Finalizer"                  daemon [_thread_blocked, id=10472, stack(0x0000002f23100000,0x0000002f23200000) (1024K)]
  0x00000160f6136f10 JavaThread "Signal Dispatcher"          daemon [_thread_blocked, id=21392, stack(0x0000002f23200000,0x0000002f23300000) (1024K)]
  0x00000160f6139b90 JavaThread "Attach Listener"            daemon [_thread_blocked, id=21944, stack(0x0000002f23300000,0x0000002f23400000) (1024K)]
  0x00000160f613fc50 JavaThread "Service Thread"             daemon [_thread_blocked, id=23120, stack(0x0000002f23400000,0x0000002f23500000) (1024K)]
  0x00000160f6141e90 JavaThread "Monitor Deflation Thread"   daemon [_thread_blocked, id=19184, stack(0x0000002f23500000,0x0000002f23600000) (1024K)]
  0x00000160f615ff30 JavaThread "C2 CompilerThread0"         daemon [_thread_in_native, id=20784, stack(0x0000002f23600000,0x0000002f23700000) (1024K)]
  0x00000160f61659f0 JavaThread "C1 CompilerThread0"         daemon [_thread_in_native, id=20816, stack(0x0000002f23700000,0x0000002f23800000) (1024K)]
  0x00000160f63722d0 JavaThread "Common-Cleaner"             daemon [_thread_blocked, id=22708, stack(0x0000002f23900000,0x0000002f23a00000) (1024K)]
  0x00000160f6446040 JavaThread "Notification Thread"        daemon [_thread_blocked, id=17704, stack(0x0000002f23a00000,0x0000002f23b00000) (1024K)]
  0x00000160f6cd4060 JavaThread "Active Thread: Equinox Container: 24252084-509f-474b-bb64-5afbbcda2d5a"        [_thread_blocked, id=12284, stack(0x0000002f24200000,0x0000002f24300000) (1024K)]
  0x00000160f6cd6130 JavaThread "Refresh Thread: Equinox Container: 24252084-509f-474b-bb64-5afbbcda2d5a" daemon [_thread_blocked, id=21908, stack(0x0000002f23800000,0x0000002f23900000) (1024K)]
  0x00000160f6cd67c0 JavaThread "Framework Event Dispatcher: Equinox Container: 24252084-509f-474b-bb64-5afbbcda2d5a" daemon [_thread_blocked, id=4688, stack(0x0000002f24300000,0x0000002f24400000) (1024K)]
  0x00000160f6cd46f0 JavaThread "Start Level: Equinox Container: 24252084-509f-474b-bb64-5afbbcda2d5a" daemon [_thread_blocked, id=18156, stack(0x0000002f24400000,0x0000002f24500000) (1024K)]
  0x00000160f6cd4d80 JavaThread "Bundle File Closer"         daemon [_thread_blocked, id=7564, stack(0x0000002f24800000,0x0000002f24900000) (1024K)]
  0x00000160f6cd5410 JavaThread "SCR Component Actor"        daemon [_thread_blocked, id=19272, stack(0x0000002f24500000,0x0000002f24600000) (1024K)]
  0x00000160f6cd74e0 JavaThread "Worker-JM"                         [_thread_blocked, id=2484, stack(0x0000002f24a00000,0x0000002f24b00000) (1024K)]
  0x00000160f68151c0 JavaThread "JNA Cleaner"                daemon [_thread_blocked, id=23148, stack(0x0000002f24b00000,0x0000002f24c00000) (1024K)]
  0x00000160f68144a0 JavaThread "Worker-0"                          [_thread_blocked, id=7548, stack(0x0000002f24c00000,0x0000002f24d00000) (1024K)]
  0x00000160f6817920 JavaThread "Worker-1: Refreshing workspace"        [_thread_in_native, id=21184, stack(0x0000002f24d00000,0x0000002f24e00000) (1024K)]
  0x00000160f6816570 JavaThread "Worker-2: Initialize workspace"        [_thread_blocked, id=20160, stack(0x0000002f24e00000,0x0000002f24f00000) (1024K)]
  0x00000160f6818640 JavaThread "Java indexing"              daemon [_thread_blocked, id=22756, stack(0x0000002f24f00000,0x0000002f25000000) (1024K)]
  0x00000160f6818cd0 JavaThread "Worker-3"                          [_thread_blocked, id=11076, stack(0x0000002f25200000,0x0000002f25300000) (1024K)]
  0x00000160f6819360 JavaThread "Worker-4"                          [_thread_blocked, id=20072, stack(0x0000002f25300000,0x0000002f25400000) (1024K)]
  0x00000160f6815ee0 JavaThread "Thread-1"                   daemon [_thread_in_native, id=15384, stack(0x0000002f25400000,0x0000002f25500000) (1024K)]
  0x00000160f68199f0 JavaThread "Thread-2"                   daemon [_thread_in_native, id=2404, stack(0x0000002f25500000,0x0000002f25600000) (1024K)]
  0x00000160f6816c00 JavaThread "Thread-3"                   daemon [_thread_in_native, id=15724, stack(0x0000002f25600000,0x0000002f25700000) (1024K)]
  0x00000160f6817290 JavaThread "Thread-4"                   daemon [_thread_in_native, id=23504, stack(0x0000002f25700000,0x0000002f25800000) (1024K)]
  0x00000160f681ada0 JavaThread "Thread-5"                   daemon [_thread_in_native, id=17048, stack(0x0000002f25800000,0x0000002f25900000) (1024K)]
  0x00000160f681a080 JavaThread "Thread-6"                   daemon [_thread_in_native, id=3860, stack(0x0000002f25900000,0x0000002f25a00000) (1024K)]
  0x00000160f681a710 JavaThread "Thread-7"                   daemon [_thread_in_native, id=16108, stack(0x0000002f25a00000,0x0000002f25b00000) (1024K)]
  0x00000160f681b430 JavaThread "Thread-8"                   daemon [_thread_in_native, id=14752, stack(0x0000002f25b00000,0x0000002f25c00000) (1024K)]
  0x00000160f681bac0 JavaThread "Thread-9"                   daemon [_thread_in_native, id=14492, stack(0x0000002f25c00000,0x0000002f25d00000) (1024K)]
  0x00000160fc6cd5d0 JavaThread "Thread-10"                  daemon [_thread_in_native, id=5400, stack(0x0000002f25d00000,0x0000002f25e00000) (1024K)]
  0x00000160fc6ccf40 JavaThread "Thread-11"                  daemon [_thread_in_native, id=21268, stack(0x0000002f25e00000,0x0000002f25f00000) (1024K)]
  0x00000160fc6cbb90 JavaThread "Thread-12"                  daemon [_thread_in_native, id=11960, stack(0x0000002f25f00000,0x0000002f26000000) (1024K)]
  0x00000160fc6cc220 JavaThread "Thread-13"                  daemon [_thread_in_native, id=23052, stack(0x0000002f26000000,0x0000002f26100000) (1024K)]
  0x00000160fc6cdc60 JavaThread "pool-2-thread-1"                   [_thread_blocked, id=15588, stack(0x0000002f26100000,0x0000002f26200000) (1024K)]
  0x00000160fc6ce980 JavaThread "Worker-5"                          [_thread_blocked, id=8548, stack(0x0000002f26200000,0x0000002f26300000) (1024K)]
  0x00000160fc6cb500 JavaThread "WorkspaceEventsHandler"            [_thread_blocked, id=21700, stack(0x0000002f26300000,0x0000002f26400000) (1024K)]
  0x00000160fc6cf6a0 JavaThread "pool-1-thread-1"                   [_thread_blocked, id=8256, stack(0x0000002f26400000,0x0000002f26500000) (1024K)]
  0x00000160fc6d1770 JavaThread "Timer-0"                           [_thread_blocked, id=11188, stack(0x0000002f26600000,0x0000002f26700000) (1024K)]
=>0x00000160fcea1000 JavaThread "C2 CompilerThread1"         daemon [_thread_in_native, id=14988, stack(0x0000002f22900000,0x0000002f22a00000) (1024K)]
  0x00000160fc6d2490 JavaThread "ForkJoinPool.commonPool-worker-1" daemon [_thread_blocked, id=21124, stack(0x0000002f22a00000,0x0000002f22b00000) (1024K)]
  0x00000160fc6d2b20 JavaThread "ForkJoinPool.commonPool-worker-2" daemon [_thread_blocked, id=10076, stack(0x0000002f22b00000,0x0000002f22c00000) (1024K)]
  0x00000160fb77b8b0 JavaThread "ForkJoinPool.commonPool-worker-3" daemon [_thread_blocked, id=8324, stack(0x0000002f24900000,0x0000002f24a00000) (1024K)]
  0x00000160fb77cc60 JavaThread "ForkJoinPool.commonPool-worker-4" daemon [_thread_blocked, id=23004, stack(0x0000002f26500000,0x0000002f26600000) (1024K)]
  0x00000160fb77d2f0 JavaThread "ForkJoinPool.commonPool-worker-5" daemon [_thread_blocked, id=15760, stack(0x0000002f26700000,0x0000002f26800000) (1024K)]
  0x00000160fb779e70 JavaThread "ForkJoinPool.commonPool-worker-6" daemon [_thread_blocked, id=3300, stack(0x0000002f26800000,0x0000002f26900000) (1024K)]
  0x00000160fb77c5d0 JavaThread "ForkJoinPool.commonPool-worker-7" daemon [_thread_blocked, id=22840, stack(0x0000002f26900000,0x0000002f26a00000) (1024K)]
  0x00000160fb77bf40 JavaThread "ForkJoinPool.commonPool-worker-8" daemon [_thread_blocked, id=10812, stack(0x0000002f26a00000,0x0000002f26b00000) (1024K)]
  0x00000160fb77d980 JavaThread "ForkJoinPool.commonPool-worker-9" daemon [_thread_blocked, id=19896, stack(0x0000002f26b00000,0x0000002f26c00000) (1024K)]
  0x00000160fb77a500 JavaThread "ForkJoinPool.commonPool-worker-10" daemon [_thread_blocked, id=23204, stack(0x0000002f26c00000,0x0000002f26d00000) (1024K)]
  0x00000160fb77e010 JavaThread "ForkJoinPool.commonPool-worker-11" daemon [_thread_blocked, id=2792, stack(0x0000002f26d00000,0x0000002f26e00000) (1024K)]
  0x00000160fb77ab90 JavaThread "Connection worker"                 [_thread_blocked, id=22532, stack(0x0000002f26e00000,0x0000002f26f00000) (1024K)]
  0x00000160fb77e6a0 JavaThread "Exec process"                      [_thread_in_native, id=22892, stack(0x0000002f26f00000,0x0000002f27000000) (1024K)]
  0x00000160fb781490 JavaThread "Exec process Thread 2"             [_thread_blocked, id=23488, stack(0x0000002f27100000,0x0000002f27200000) (1024K)]
  0x00000160fce9e720 JavaThread "C2 CompilerThread2"         daemon [_thread_in_native, id=22092, stack(0x0000002f27000000,0x0000002f27100000) (1024K)]
Total: 59

Other Threads:
  0x00000160dd93eae0 VMThread "VM Thread"                           [id=17616, stack(0x0000002f22f00000,0x0000002f23000000) (1024K)]
  0x00000160dd70ca00 WatcherThread "VM Periodic Task Thread"        [id=5428, stack(0x0000002f22e00000,0x0000002f22f00000) (1024K)]
  0x00000160dd89c3c0 WorkerThread "GC Thread#0"                     [id=6540, stack(0x0000002f22d00000,0x0000002f22e00000) (1024K)]
  0x00000160f64f1c70 WorkerThread "GC Thread#1"                     [id=9124, stack(0x0000002f23c00000,0x0000002f23d00000) (1024K)]
  0x00000160f64f2780 WorkerThread "GC Thread#2"                     [id=23364, stack(0x0000002f23d00000,0x0000002f23e00000) (1024K)]
  0x00000160f64f2020 WorkerThread "GC Thread#3"                     [id=22860, stack(0x0000002f23e00000,0x0000002f23f00000) (1024K)]
  0x00000160f64f1510 WorkerThread "GC Thread#4"                     [id=15500, stack(0x0000002f23f00000,0x0000002f24000000) (1024K)]
  0x00000160f64f1160 WorkerThread "GC Thread#5"                     [id=592, stack(0x0000002f24000000,0x0000002f24100000) (1024K)]
  0x00000160f64f0db0 WorkerThread "GC Thread#6"                     [id=10300, stack(0x0000002f24100000,0x0000002f24200000) (1024K)]
  0x00000160f64f18c0 WorkerThread "GC Thread#7"                     [id=7284, stack(0x0000002f23b00000,0x0000002f23c00000) (1024K)]
  0x00000160f64f23d0 WorkerThread "GC Thread#8"                     [id=23432, stack(0x0000002f24600000,0x0000002f24700000) (1024K)]
  0x00000160fb491280 WorkerThread "GC Thread#9"                     [id=22728, stack(0x0000002f24700000,0x0000002f24800000) (1024K)]
Total: 12

Threads with active compile tasks:
C2 CompilerThread0  103591 9652       4       org.eclipse.osgi.internal.framework.EquinoxBundle::getModuleClassLoader (30 bytes)
C1 CompilerThread0  103591 9670       3       org.eclipse.jdt.internal.core.DeltaProcessor::createElement (677 bytes)
C2 CompilerThread1  103592 9620   !   4       org.eclipse.core.internal.localstore.UnifiedTree::addChildren (479 bytes)
C2 CompilerThread2  103592 9655       4       java.lang.Class::arrayContentsEq (70 bytes)
Total: 4

VM state: not at safepoint (normal execution)

VM Mutex/Monitor currently owned by a thread: None

Heap address: 0x0000000080000000, size: 2048 MB, Compressed Oops mode: 32-bit

CDS archive(s) mapped at: [0x0000016080000000-0x0000016080ba0000-0x0000016084650000), size 73728000, SharedBaseAddress: 0x0000016080000000, ArchiveRelocationMode: 1.
Compressed class space mapped at: 0x0000016085000000-0x00000160c5000000, reserved size: 1073741824
Narrow klass base: 0x0000016080000000, Narrow klass shift: 0, Narrow klass range: 0x100000000

GC Precious Log:
 CardTable entry size: 512
 CPUs: 12 total, 12 available
 Memory: 16024M
 Large Page Support: Disabled
 NUMA Support: Disabled
 Compressed Oops: Enabled (32-bit)
 Alignments: Space 512K, Generation 512K, Heap 2M
 Heap Min Capacity: 100M
 Heap Initial Capacity: 100M
 Heap Max Capacity: 2G
 Pre-touch: Disabled
 Parallel Workers: 10

Heap:
 PSYoungGen      total 10240K, used 1709K [0x00000000d5580000, 0x00000000d6700000, 0x0000000100000000)
  eden space 9728K, 14% used [0x00000000d5580000,0x00000000d56eb568,0x00000000d5f00000)
  from space 512K, 50% used [0x00000000d6600000,0x00000000d6640000,0x00000000d6680000)
  to   space 512K, 0% used [0x00000000d6680000,0x00000000d6680000,0x00000000d6700000)
 ParOldGen       total 90624K, used 90595K [0x0000000080000000, 0x0000000085880000, 0x00000000d5580000)
  object space 90624K, 99% used [0x0000000080000000,0x0000000085878ff8,0x0000000085880000)
 Metaspace       used 25173K, committed 26176K, reserved 1114112K
  class space    used 2576K, committed 2944K, reserved 1048576K

Card table byte_map: [0x00000160dd220000,0x00000160dd630000] _byte_map_base: 0x00000160dce20000

Marking Bits: (ParMarkBitMap*) 0x00007ffae0113450
 Begin Bits: [0x00000160efd30000, 0x00000160f1d30000)
 End Bits:   [0x00000160f1d30000, 0x00000160f3d30000)

Polling page: 0x00000160db680000

Metaspace:

Usage:
  Non-class:     22.07 MB used.
      Class:      2.52 MB used.
       Both:     24.58 MB used.

Virtual space:
  Non-class space:       64.00 MB reserved,      22.69 MB ( 35%) committed,  1 nodes.
      Class space:        1.00 GB reserved,       2.88 MB ( <1%) committed,  1 nodes.
             Both:        1.06 GB reserved,      25.56 MB (  2%) committed. 

Chunk freelists:
   Non-Class:  8.42 MB
       Class:  13.01 MB
        Both:  21.43 MB

MaxMetaspaceSize: unlimited
CompressedClassSpaceSize: 1.00 GB
Initial GC threshold: 21.00 MB
Current GC threshold: 35.00 MB
CDS: on
 - commit_granule_bytes: 65536.
 - commit_granule_words: 8192.
 - virtual_space_node_default_size: 8388608.
 - enlarge_chunks_in_place: 1.
 - use_allocation_guard: 0.


Internal statistics:

num_allocs_failed_limit: 3.
num_arena_births: 842.
num_arena_deaths: 8.
num_vsnodes_births: 2.
num_vsnodes_deaths: 0.
num_space_committed: 409.
num_space_uncommitted: 0.
num_chunks_returned_to_freelist: 11.
num_chunks_taken_from_freelist: 2083.
num_chunk_merges: 7.
num_chunk_splits: 1303.
num_chunks_enlarged: 762.
num_inconsistent_stats: 0.

CodeHeap 'non-profiled nmethods': size=120000Kb used=6643Kb max_used=6643Kb free=113356Kb
 bounds [0x00000160e8550000, 0x00000160e8bd0000, 0x00000160efa80000]
CodeHeap 'profiled nmethods': size=120000Kb used=19678Kb max_used=19678Kb free=100321Kb
 bounds [0x00000160e0a80000, 0x00000160e1dc0000, 0x00000160e7fb0000]
CodeHeap 'non-nmethods': size=5760Kb used=1419Kb max_used=1483Kb free=4340Kb
 bounds [0x00000160e7fb0000, 0x00000160e8220000, 0x00000160e8550000]
CodeCache: size=245760Kb, used=27740Kb, max_used=27804Kb, free=218017Kb
 total_blobs=10375, nmethods=9648, adapters=633, full_count=0
Compilation: enabled, stopped_count=0, restarted_count=0

Compilation events (20 events):
Event: 102.532 Thread 0x00000160f615ff30 9646  s    4       org.eclipse.core.internal.registry.RegistryObjectManager::getContributor (39 bytes)
Event: 102.537 Thread 0x00000160f615ff30 nmethod 9646 0x00000160e8bc9110 code [0x00000160e8bc9300, 0x00000160e8bc9928]
Event: 102.537 Thread 0x00000160f615ff30 9647       4       org.eclipse.core.internal.resources.Resource::getParent (79 bytes)
Event: 102.546 Thread 0x00000160f615ff30 nmethod 9647 0x00000160e8bc9d90 code [0x00000160e8bc9fc0, 0x00000160e8bca750]
Event: 102.546 Thread 0x00000160f615ff30 9648       4       org.eclipse.osgi.internal.framework.EquinoxBundle::checkValid (42 bytes)
Event: 102.547 Thread 0x00000160f615ff30 nmethod 9648 0x00000160e8bcad90 code [0x00000160e8bcaf20, 0x00000160e8bcb008]
Event: 102.558 Thread 0x00000160f615ff30 9649       4       java.lang.Math::min (45 bytes)
Event: 102.559 Thread 0x00000160f615ff30 nmethod 9649 0x00000160e8bcb110 code [0x00000160e8bcb2c0, 0x00000160e8bcb3b8]
Event: 102.559 Thread 0x00000160f615ff30 9650       4       org.eclipse.osgi.internal.framework.EquinoxBundle::resolve (37 bytes)
Event: 102.560 Thread 0x00000160f615ff30 nmethod 9650 0x00000160e8bcb490 code [0x00000160e8bcb620, 0x00000160e8bcb730]
Event: 102.561 Thread 0x00000160f615ff30 9651       4       org.eclipse.core.runtime.SubMonitor::newChild (194 bytes)
Event: 102.565 Thread 0x00000160f615ff30 nmethod 9651 0x00000160e8bcb890 code [0x00000160e8bcba40, 0x00000160e8bcbeb0]
Event: 102.565 Thread 0x00000160f615ff30 9652       4       org.eclipse.osgi.internal.framework.EquinoxBundle::getModuleClassLoader (30 bytes)
Event: 102.734 Thread 0x00000160f61659f0 9661       3       org.eclipse.core.internal.dtree.AbstractDataTreeNode::size (6 bytes)
Event: 102.734 Thread 0x00000160f61659f0 nmethod 9661 0x00000160e1d9a410 code [0x00000160e1d9a5a0, 0x00000160e1d9a6b8]
Event: 102.735 Thread 0x00000160f61659f0 9662       3       org.eclipse.core.internal.events.NodeIDMap::getIndex (108 bytes)
Event: 102.735 Thread 0x00000160f61659f0 nmethod 9662 0x00000160e1d9a790 code [0x00000160e1d9a980, 0x00000160e1d9af70]
Event: 102.735 Thread 0x00000160f61659f0 9663       3       org.eclipse.core.internal.resources.CharsetManager$ResourceChangeListener::moveSettingsIfDerivedChanged (229 bytes)
Event: 102.736 Thread 0x00000160f61659f0 nmethod 9663 0x00000160e1d9b190 code [0x00000160e1d9b4c0, 0x00000160e1d9c8d0]
Event: 102.736 Thread 0x00000160f61659f0 9665   !   3       org.eclipse.jdt.internal.core.DeltaProcessor::checkProjectsAndClasspathChanges (1046 bytes)

GC Heap History (20 events):
Event: 102.224 GC heap before
{Heap before GC invocations=76 (full 1):
 PSYoungGen      total 11776K, used 11648K [0x00000000d5580000, 0x00000000d6980000, 0x0000000100000000)
  eden space 9728K, 100% used [0x00000000d5580000,0x00000000d5f00000,0x00000000d5f00000)
  from space 2048K, 93% used [0x00000000d6780000,0x00000000d6960020,0x00000000d6980000)
  to   space 4096K, 0% used [0x00000000d6180000,0x00000000d6180000,0x00000000d6580000)
 ParOldGen       total 88064K, used 87815K [0x0000000080000000, 0x0000000085600000, 0x00000000d5580000)
  object space 88064K, 99% used [0x0000000080000000,0x00000000855c1f88,0x0000000085600000)
 Metaspace       used 24601K, committed 25536K, reserved 1114112K
  class space    used 2492K, committed 2880K, reserved 1048576K
}
Event: 102.227 GC heap after
{Heap after GC invocations=76 (full 1):
 PSYoungGen      total 13824K, used 448K [0x00000000d5580000, 0x00000000d6800000, 0x0000000100000000)
  eden space 9728K, 0% used [0x00000000d5580000,0x00000000d5580000,0x00000000d5f00000)
  from space 4096K, 10% used [0x00000000d6180000,0x00000000d61f0000,0x00000000d6580000)
  to   space 1536K, 0% used [0x00000000d6680000,0x00000000d6680000,0x00000000d6800000)
 ParOldGen       total 89600K, used 89583K [0x0000000080000000, 0x0000000085780000, 0x00000000d5580000)
  object space 89600K, 99% used [0x0000000080000000,0x000000008577bfb8,0x0000000085780000)
 Metaspace       used 24601K, committed 25536K, reserved 1114112K
  class space    used 2492K, committed 2880K, reserved 1048576K
}
Event: 102.275 GC heap before
{Heap before GC invocations=77 (full 1):
 PSYoungGen      total 13824K, used 10176K [0x00000000d5580000, 0x00000000d6800000, 0x0000000100000000)
  eden space 9728K, 100% used [0x00000000d5580000,0x00000000d5f00000,0x00000000d5f00000)
  from space 4096K, 10% used [0x00000000d6180000,0x00000000d61f0000,0x00000000d6580000)
  to   space 1536K, 0% used [0x00000000d6680000,0x00000000d6680000,0x00000000d6800000)
 ParOldGen       total 89600K, used 89583K [0x0000000080000000, 0x0000000085780000, 0x00000000d5580000)
  object space 89600K, 99% used [0x0000000080000000,0x000000008577bfb8,0x0000000085780000)
 Metaspace       used 24743K, committed 25664K, reserved 1114112K
  class space    used 2510K, committed 2880K, reserved 1048576K
}
Event: 102.276 GC heap after
{Heap after GC invocations=77 (full 1):
 PSYoungGen      total 10240K, used 352K [0x00000000d5580000, 0x00000000d6700000, 0x0000000100000000)
  eden space 9728K, 0% used [0x00000000d5580000,0x00000000d5580000,0x00000000d5f00000)
  from space 512K, 68% used [0x00000000d6680000,0x00000000d66d8000,0x00000000d6700000)
  to   space 1024K, 0% used [0x00000000d6500000,0x00000000d6500000,0x00000000d6600000)
 ParOldGen       total 90112K, used 89743K [0x0000000080000000, 0x0000000085800000, 0x00000000d5580000)
  object space 90112K, 99% used [0x0000000080000000,0x00000000857a3fb8,0x0000000085800000)
 Metaspace       used 24743K, committed 25664K, reserved 1114112K
  class space    used 2510K, committed 2880K, reserved 1048576K
}
Event: 102.313 GC heap before
{Heap before GC invocations=78 (full 1):
 PSYoungGen      total 10240K, used 10080K [0x00000000d5580000, 0x00000000d6700000, 0x0000000100000000)
  eden space 9728K, 100% used [0x00000000d5580000,0x00000000d5f00000,0x00000000d5f00000)
  from space 512K, 68% used [0x00000000d6680000,0x00000000d66d8000,0x00000000d6700000)
  to   space 1024K, 0% used [0x00000000d6500000,0x00000000d6500000,0x00000000d6600000)
 ParOldGen       total 90112K, used 89743K [0x0000000080000000, 0x0000000085800000, 0x00000000d5580000)
  object space 90112K, 99% used [0x0000000080000000,0x00000000857a3fb8,0x0000000085800000)
 Metaspace       used 24826K, committed 25792K, reserved 1114112K
  class space    used 2530K, committed 2944K, reserved 1048576K
}
Event: 102.314 GC heap after
{Heap after GC invocations=78 (full 1):
 PSYoungGen      total 10752K, used 320K [0x00000000d5580000, 0x00000000d6700000, 0x0000000100000000)
  eden space 9728K, 0% used [0x00000000d5580000,0x00000000d5580000,0x00000000d5f00000)
  from space 1024K, 31% used [0x00000000d6500000,0x00000000d6550000,0x00000000d6600000)
  to   space 512K, 0% used [0x00000000d6680000,0x00000000d6680000,0x00000000d6700000)
 ParOldGen       total 90112K, used 89919K [0x0000000080000000, 0x0000000085800000, 0x00000000d5580000)
  object space 90112K, 99% used [0x0000000080000000,0x00000000857cffb8,0x0000000085800000)
 Metaspace       used 24826K, committed 25792K, reserved 1114112K
  class space    used 2530K, committed 2944K, reserved 1048576K
}
Event: 102.356 GC heap before
{Heap before GC invocations=79 (full 1):
 PSYoungGen      total 10752K, used 10048K [0x00000000d5580000, 0x00000000d6700000, 0x0000000100000000)
  eden space 9728K, 100% used [0x00000000d5580000,0x00000000d5f00000,0x00000000d5f00000)
  from space 1024K, 31% used [0x00000000d6500000,0x00000000d6550000,0x00000000d6600000)
  to   space 512K, 0% used [0x00000000d6680000,0x00000000d6680000,0x00000000d6700000)
 ParOldGen       total 90112K, used 89919K [0x0000000080000000, 0x0000000085800000, 0x00000000d5580000)
  object space 90112K, 99% used [0x0000000080000000,0x00000000857cffb8,0x0000000085800000)
 Metaspace       used 24912K, committed 25856K, reserved 1114112K
  class space    used 2547K, committed 2944K, reserved 1048576K
}
Event: 102.357 GC heap after
{Heap after GC invocations=79 (full 1):
 PSYoungGen      total 10240K, used 288K [0x00000000d5580000, 0x00000000d6700000, 0x0000000100000000)
  eden space 9728K, 0% used [0x00000000d5580000,0x00000000d5580000,0x00000000d5f00000)
  from space 512K, 56% used [0x00000000d6680000,0x00000000d66c8000,0x00000000d6700000)
  to   space 512K, 0% used [0x00000000d6600000,0x00000000d6600000,0x00000000d6680000)
 ParOldGen       total 90112K, used 90039K [0x0000000080000000, 0x0000000085800000, 0x00000000d5580000)
  object space 90112K, 99% used [0x0000000080000000,0x00000000857edfb8,0x0000000085800000)
 Metaspace       used 24912K, committed 25856K, reserved 1114112K
  class space    used 2547K, committed 2944K, reserved 1048576K
}
Event: 102.401 GC heap before
{Heap before GC invocations=80 (full 1):
 PSYoungGen      total 10240K, used 10016K [0x00000000d5580000, 0x00000000d6700000, 0x0000000100000000)
  eden space 9728K, 100% used [0x00000000d5580000,0x00000000d5f00000,0x00000000d5f00000)
  from space 512K, 56% used [0x00000000d6680000,0x00000000d66c8000,0x00000000d6700000)
  to   space 512K, 0% used [0x00000000d6600000,0x00000000d6600000,0x00000000d6680000)
 ParOldGen       total 90112K, used 90039K [0x0000000080000000, 0x0000000085800000, 0x00000000d5580000)
  object space 90112K, 99% used [0x0000000080000000,0x00000000857edfb8,0x0000000085800000)
 Metaspace       used 24980K, committed 25984K, reserved 1114112K
  class space    used 2556K, committed 2944K, reserved 1048576K
}
Event: 102.402 GC heap after
{Heap after GC invocations=80 (full 1):
 PSYoungGen      total 10240K, used 320K [0x00000000d5580000, 0x00000000d6700000, 0x0000000100000000)
  eden space 9728K, 0% used [0x00000000d5580000,0x00000000d5580000,0x00000000d5f00000)
  from space 512K, 62% used [0x00000000d6600000,0x00000000d6650000,0x00000000d6680000)
  to   space 512K, 0% used [0x00000000d6680000,0x00000000d6680000,0x00000000d6700000)
 ParOldGen       total 90624K, used 90175K [0x0000000080000000, 0x0000000085880000, 0x00000000d5580000)
  object space 90624K, 99% used [0x0000000080000000,0x000000008580ffb8,0x0000000085880000)
 Metaspace       used 24980K, committed 25984K, reserved 1114112K
  class space    used 2556K, committed 2944K, reserved 1048576K
}
Event: 102.468 GC heap before
{Heap before GC invocations=81 (full 1):
 PSYoungGen      total 10240K, used 10047K [0x00000000d5580000, 0x00000000d6700000, 0x0000000100000000)
  eden space 9728K, 99% used [0x00000000d5580000,0x00000000d5efffd0,0x00000000d5f00000)
  from space 512K, 62% used [0x00000000d6600000,0x00000000d6650000,0x00000000d6680000)
  to   space 512K, 0% used [0x00000000d6680000,0x00000000d6680000,0x00000000d6700000)
 ParOldGen       total 90624K, used 90175K [0x0000000080000000, 0x0000000085880000, 0x00000000d5580000)
  object space 90624K, 99% used [0x0000000080000000,0x000000008580ffb8,0x0000000085880000)
 Metaspace       used 25003K, committed 25984K, reserved 1114112K
  class space    used 2557K, committed 2944K, reserved 1048576K
}
Event: 102.469 GC heap after
{Heap after GC invocations=81 (full 1):
 PSYoungGen      total 10240K, used 288K [0x00000000d5580000, 0x00000000d6700000, 0x0000000100000000)
  eden space 9728K, 0% used [0x00000000d5580000,0x00000000d5580000,0x00000000d5f00000)
  from space 512K, 56% used [0x00000000d6680000,0x00000000d66c8000,0x00000000d6700000)
  to   space 512K, 0% used [0x00000000d6600000,0x00000000d6600000,0x00000000d6680000)
 ParOldGen       total 90624K, used 90295K [0x0000000080000000, 0x0000000085880000, 0x00000000d5580000)
  object space 90624K, 99% used [0x0000000080000000,0x000000008582dfb8,0x0000000085880000)
 Metaspace       used 25003K, committed 25984K, reserved 1114112K
  class space    used 2557K, committed 2944K, reserved 1048576K
}
Event: 102.519 GC heap before
{Heap before GC invocations=82 (full 1):
 PSYoungGen      total 10240K, used 10016K [0x00000000d5580000, 0x00000000d6700000, 0x0000000100000000)
  eden space 9728K, 100% used [0x00000000d5580000,0x00000000d5f00000,0x00000000d5f00000)
  from space 512K, 56% used [0x00000000d6680000,0x00000000d66c8000,0x00000000d6700000)
  to   space 512K, 0% used [0x00000000d6600000,0x00000000d6600000,0x00000000d6680000)
 ParOldGen       total 90624K, used 90295K [0x0000000080000000, 0x0000000085880000, 0x00000000d5580000)
  object space 90624K, 99% used [0x0000000080000000,0x000000008582dfb8,0x0000000085880000)
 Metaspace       used 25154K, committed 26112K, reserved 1114112K
  class space    used 2576K, committed 2944K, reserved 1048576K
}
Event: 102.520 GC heap after
{Heap after GC invocations=82 (full 1):
 PSYoungGen      total 10240K, used 352K [0x00000000d5580000, 0x00000000d6700000, 0x0000000100000000)
  eden space 9728K, 0% used [0x00000000d5580000,0x00000000d5580000,0x00000000d5f00000)
  from space 512K, 68% used [0x00000000d6600000,0x00000000d6658010,0x00000000d6680000)
  to   space 512K, 0% used [0x00000000d6680000,0x00000000d6680000,0x00000000d6700000)
 ParOldGen       total 90624K, used 90379K [0x0000000080000000, 0x0000000085880000, 0x00000000d5580000)
  object space 90624K, 99% used [0x0000000080000000,0x0000000085842fc8,0x0000000085880000)
 Metaspace       used 25154K, committed 26112K, reserved 1114112K
  class space    used 2576K, committed 2944K, reserved 1048576K
}
Event: 102.582 GC heap before
{Heap before GC invocations=83 (full 1):
 PSYoungGen      total 10240K, used 10080K [0x00000000d5580000, 0x00000000d6700000, 0x0000000100000000)
  eden space 9728K, 100% used [0x00000000d5580000,0x00000000d5f00000,0x00000000d5f00000)
  from space 512K, 68% used [0x00000000d6600000,0x00000000d6658010,0x00000000d6680000)
  to   space 512K, 0% used [0x00000000d6680000,0x00000000d6680000,0x00000000d6700000)
 ParOldGen       total 90624K, used 90379K [0x0000000080000000, 0x0000000085880000, 0x00000000d5580000)
  object space 90624K, 99% used [0x0000000080000000,0x0000000085842fc8,0x0000000085880000)
 Metaspace       used 25154K, committed 26112K, reserved 1114112K
  class space    used 2576K, committed 2944K, reserved 1048576K
}
Event: 102.583 GC heap after
{Heap after GC invocations=83 (full 1):
 PSYoungGen      total 10240K, used 224K [0x00000000d5580000, 0x00000000d6700000, 0x0000000100000000)
  eden space 9728K, 0% used [0x00000000d5580000,0x00000000d5580000,0x00000000d5f00000)
  from space 512K, 43% used [0x00000000d6680000,0x00000000d66b8000,0x00000000d6700000)
  to   space 512K, 0% used [0x00000000d6600000,0x00000000d6600000,0x00000000d6680000)
 ParOldGen       total 90624K, used 90531K [0x0000000080000000, 0x0000000085880000, 0x00000000d5580000)
  object space 90624K, 99% used [0x0000000080000000,0x0000000085868ff8,0x0000000085880000)
 Metaspace       used 25154K, committed 26112K, reserved 1114112K
  class space    used 2576K, committed 2944K, reserved 1048576K
}
Event: 102.644 GC heap before
{Heap before GC invocations=84 (full 1):
 PSYoungGen      total 10240K, used 9952K [0x00000000d5580000, 0x00000000d6700000, 0x0000000100000000)
  eden space 9728K, 100% used [0x00000000d5580000,0x00000000d5f00000,0x00000000d5f00000)
  from space 512K, 43% used [0x00000000d6680000,0x00000000d66b8000,0x00000000d6700000)
  to   space 512K, 0% used [0x00000000d6600000,0x00000000d6600000,0x00000000d6680000)
 ParOldGen       total 90624K, used 90531K [0x0000000080000000, 0x0000000085880000, 0x00000000d5580000)
  object space 90624K, 99% used [0x0000000080000000,0x0000000085868ff8,0x0000000085880000)
 Metaspace       used 25154K, committed 26112K, reserved 1114112K
  class space    used 2576K, committed 2944K, reserved 1048576K
}
Event: 102.644 GC heap after
{Heap after GC invocations=84 (full 1):
 PSYoungGen      total 10240K, used 128K [0x00000000d5580000, 0x00000000d6700000, 0x0000000100000000)
  eden space 9728K, 0% used [0x00000000d5580000,0x00000000d5580000,0x00000000d5f00000)
  from space 512K, 25% used [0x00000000d6600000,0x00000000d6620000,0x00000000d6680000)
  to   space 512K, 0% used [0x00000000d6680000,0x00000000d6680000,0x00000000d6700000)
 ParOldGen       total 90624K, used 90539K [0x0000000080000000, 0x0000000085880000, 0x00000000d5580000)
  object space 90624K, 99% used [0x0000000080000000,0x000000008586aff8,0x0000000085880000)
 Metaspace       used 25154K, committed 26112K, reserved 1114112K
  class space    used 2576K, committed 2944K, reserved 1048576K
}
Event: 102.696 GC heap before
{Heap before GC invocations=85 (full 1):
 PSYoungGen      total 10240K, used 9856K [0x00000000d5580000, 0x00000000d6700000, 0x0000000100000000)
  eden space 9728K, 100% used [0x00000000d5580000,0x00000000d5f00000,0x00000000d5f00000)
  from space 512K, 25% used [0x00000000d6600000,0x00000000d6620000,0x00000000d6680000)
  to   space 512K, 0% used [0x00000000d6680000,0x00000000d6680000,0x00000000d6700000)
 ParOldGen       total 90624K, used 90539K [0x0000000080000000, 0x0000000085880000, 0x00000000d5580000)
  object space 90624K, 99% used [0x0000000080000000,0x000000008586aff8,0x0000000085880000)
 Metaspace       used 25154K, committed 26112K, reserved 1114112K
  class space    used 2576K, committed 2944K, reserved 1048576K
}
Event: 102.696 GC heap after
{Heap after GC invocations=85 (full 1):
 PSYoungGen      total 10240K, used 192K [0x00000000d5580000, 0x00000000d6700000, 0x0000000100000000)
  eden space 9728K, 0% used [0x00000000d5580000,0x00000000d5580000,0x00000000d5f00000)
  from space 512K, 37% used [0x00000000d6680000,0x00000000d66b0000,0x00000000d6700000)
  to   space 512K, 0% used [0x00000000d6600000,0x00000000d6600000,0x00000000d6680000)
 ParOldGen       total 90624K, used 90547K [0x0000000080000000, 0x0000000085880000, 0x00000000d5580000)
  object space 90624K, 99% used [0x0000000080000000,0x000000008586cff8,0x0000000085880000)
 Metaspace       used 25154K, committed 26112K, reserved 1114112K
  class space    used 2576K, committed 2944K, reserved 1048576K
}

Dll operation events (14 events):
Event: 0.049 Loaded shared library c:\Users\Rohit\.vscode\extensions\redhat.java-1.54.2026032508-win32-x64\jre\21.0.10-win32-x86_64\bin\java.dll
Event: 0.214 Loaded shared library c:\Users\Rohit\.vscode\extensions\redhat.java-1.54.2026032508-win32-x64\jre\21.0.10-win32-x86_64\bin\zip.dll
Event: 0.218 Loaded shared library C:\Users\Rohit\.vscode\extensions\redhat.java-1.54.2026032508-win32-x64\jre\21.0.10-win32-x86_64\bin\instrument.dll
Event: 0.221 Loaded shared library C:\Users\Rohit\.vscode\extensions\redhat.java-1.54.2026032508-win32-x64\jre\21.0.10-win32-x86_64\bin\net.dll
Event: 0.224 Loaded shared library C:\Users\Rohit\.vscode\extensions\redhat.java-1.54.2026032508-win32-x64\jre\21.0.10-win32-x86_64\bin\nio.dll
Event: 0.226 Loaded shared library C:\Users\Rohit\.vscode\extensions\redhat.java-1.54.2026032508-win32-x64\jre\21.0.10-win32-x86_64\bin\zip.dll
Event: 0.245 Loaded shared library C:\Users\Rohit\.vscode\extensions\redhat.java-1.54.2026032508-win32-x64\jre\21.0.10-win32-x86_64\bin\jimage.dll
Event: 0.309 Loaded shared library c:\Users\Rohit\.vscode\extensions\redhat.java-1.54.2026032508-win32-x64\jre\21.0.10-win32-x86_64\bin\verify.dll
Event: 25.441 Loaded shared library C:\Users\Rohit\AppData\Roaming\Code\User\globalStorage\redhat.java\1.54.2026032508\config_win\org.eclipse.equinox.launcher\org.eclipse.equinox.launcher.win32.win32.x86_64_1.3.0.v20260203-2149\eclipse_11919.dll
Event: 44.446 Loaded shared library C:\Users\Rohit\AppData\Local\Temp\jna-79138838\jna5314652494908993985.dll
Event: 77.922 Loaded shared library C:\Users\Rohit\.gradle\native\1def1411415f61bf3af743bc5b6707747c0891f09f0c88961ee8f79bc544acac\windows-amd64\native-platform.dll
Event: 101.144 Loaded shared library C:\Users\Rohit\.vscode\extensions\redhat.java-1.54.2026032508-win32-x64\jre\21.0.10-win32-x86_64\bin\management.dll
Event: 101.150 Loaded shared library C:\Users\Rohit\.vscode\extensions\redhat.java-1.54.2026032508-win32-x64\jre\21.0.10-win32-x86_64\bin\management_ext.dll
Event: 102.257 Loaded shared library C:\Users\Rohit\.vscode\extensions\redhat.java-1.54.2026032508-win32-x64\jre\21.0.10-win32-x86_64\bin\extnet.dll

Deoptimization events (20 events):
Event: 102.510 Thread 0x00000160fb77e6a0 Uncommon trap: trap_request=0xffffff45 fr.pc=0x00000160e874f57c relative=0x00000000000001dc
Event: 102.510 Thread 0x00000160fb77e6a0 Uncommon trap: reason=unstable_if action=reinterpret pc=0x00000160e874f57c method=java.lang.String.indexOf(Ljava/lang/String;)I @ 10 c2
Event: 102.510 Thread 0x00000160fb77e6a0 DEOPT PACKING pc=0x00000160e874f57c sp=0x0000002f26ffebe0
Event: 102.510 Thread 0x00000160fb77e6a0 DEOPT UNPACKING pc=0x00000160e8003aa2 sp=0x0000002f26ffeb80 mode 2
Event: 102.510 Thread 0x00000160fb77e6a0 Uncommon trap: trap_request=0xffffff45 fr.pc=0x00000160e85dcd38 relative=0x00000000000004b8
Event: 102.510 Thread 0x00000160fb77e6a0 Uncommon trap: reason=unstable_if action=reinterpret pc=0x00000160e85dcd38 method=java.lang.AbstractStringBuilder.inflateIfNeededFor(Ljava/lang/String;)V @ 14 c2
Event: 102.510 Thread 0x00000160fb77e6a0 DEOPT PACKING pc=0x00000160e85dcd38 sp=0x0000002f26ffeb90
Event: 102.510 Thread 0x00000160fb77e6a0 DEOPT UNPACKING pc=0x00000160e8003aa2 sp=0x0000002f26ffea40 mode 2
Event: 102.510 Thread 0x00000160fb77e6a0 Uncommon trap: trap_request=0xffffff45 fr.pc=0x00000160e8609934 relative=0x0000000000000474
Event: 102.510 Thread 0x00000160fb77e6a0 Uncommon trap: reason=unstable_if action=reinterpret pc=0x00000160e8609934 method=java.lang.AbstractStringBuilder.isLatin1()Z @ 10 c2
Event: 102.510 Thread 0x00000160fb77e6a0 DEOPT PACKING pc=0x00000160e8609934 sp=0x0000002f26ffebb0
Event: 102.510 Thread 0x00000160fb77e6a0 DEOPT UNPACKING pc=0x00000160e8003aa2 sp=0x0000002f26ffea50 mode 2
Event: 102.510 Thread 0x00000160fb77e6a0 Uncommon trap: trap_request=0xffffffc6 fr.pc=0x00000160e889efe8 relative=0x0000000000000288
Event: 102.510 Thread 0x00000160fb77e6a0 Uncommon trap: reason=bimorphic_or_optimized_type_check action=maybe_recompile pc=0x00000160e889efe8 method=java.util.regex.Matcher.getTextLength()I @ 4 c2
Event: 102.510 Thread 0x00000160fb77e6a0 DEOPT PACKING pc=0x00000160e889efe8 sp=0x0000002f26ffecc0
Event: 102.510 Thread 0x00000160fb77e6a0 DEOPT UNPACKING pc=0x00000160e8003aa2 sp=0x0000002f26ffebf0 mode 2
Event: 102.510 Thread 0x00000160fb77e6a0 Uncommon trap: trap_request=0xffffff45 fr.pc=0x00000160e8b179e8 relative=0x0000000000000808
Event: 102.510 Thread 0x00000160fb77e6a0 Uncommon trap: reason=unstable_if action=reinterpret pc=0x00000160e8b179e8 method=java.util.regex.Pattern$CharPropertyGreedy.match(Ljava/util/regex/Matcher;ILjava/lang/CharSequence;)Z @ 103 c2
Event: 102.510 Thread 0x00000160fb77e6a0 DEOPT PACKING pc=0x00000160e8b179e8 sp=0x0000002f26ffec40
Event: 102.510 Thread 0x00000160fb77e6a0 DEOPT UNPACKING pc=0x00000160e8003aa2 sp=0x0000002f26ffebd0 mode 2

Classes loaded (20 events):
Event: 46.064 Loading class com/sun/org/apache/xml/internal/serializer/XMLEntities
Event: 46.064 Loading class com/sun/org/apache/xml/internal/serializer/XMLEntities done
Event: 46.064 Loading class com/sun/org/apache/xml/internal/serializer/XMLEntities
Event: 46.064 Loading class com/sun/org/apache/xml/internal/serializer/XMLEntities done
Event: 46.064 Loading class com/sun/org/apache/xml/internal/serializer/XMLEntities_en
Event: 46.064 Loading class com/sun/org/apache/xml/internal/serializer/XMLEntities_en done
Event: 46.064 Loading class com/sun/org/apache/xml/internal/serializer/XMLEntities_en
Event: 46.064 Loading class com/sun/org/apache/xml/internal/serializer/XMLEntities_en done
Event: 46.064 Loading class com/sun/org/apache/xml/internal/serializer/XMLEntities_en_IN
Event: 46.064 Loading class com/sun/org/apache/xml/internal/serializer/XMLEntities_en_IN done
Event: 46.064 Loading class com/sun/org/apache/xml/internal/serializer/XMLEntities_en_IN
Event: 46.064 Loading class com/sun/org/apache/xml/internal/serializer/XMLEntities_en_IN done
Event: 46.352 Loading class jdk/internal/event/ThreadSleepEvent
Event: 46.352 Loading class jdk/internal/event/ThreadSleepEvent done
Event: 101.090 Loading class java/lang/invoke/BoundMethodHandle$Species_LLLLLLLLLL
Event: 101.090 Loading class java/lang/invoke/BoundMethodHandle$Species_LLLLLLLLLL done
Event: 101.093 Loading class java/lang/invoke/BoundMethodHandle$Species_LLLLLLLLLLL
Event: 101.093 Loading class java/lang/invoke/BoundMethodHandle$Species_LLLLLLLLLLL done
Event: 102.504 Loading class jdk/internal/event/ProcessStartEvent
Event: 102.505 Loading class jdk/internal/event/ProcessStartEvent done

Classes unloaded (4 events):
Event: 49.150 Thread 0x00000160dd93eae0 Unloading class 0x00000160850e7c00 'java/lang/invoke/LambdaForm$MH+0x00000160850e7c00'
Event: 49.150 Thread 0x00000160dd93eae0 Unloading class 0x00000160850e7800 'java/lang/invoke/LambdaForm$MH+0x00000160850e7800'
Event: 49.150 Thread 0x00000160dd93eae0 Unloading class 0x00000160850e7400 'java/lang/invoke/LambdaForm$MH+0x00000160850e7400'
Event: 49.150 Thread 0x00000160dd93eae0 Unloading class 0x00000160850e7000 'java/lang/invoke/LambdaForm$MH+0x00000160850e7000'

Classes redefined (0 events):
No events

Internal exceptions (20 events):
Event: 102.209 Thread 0x00000160fb77e010 Exception <a 'sun/nio/fs/WindowsException'{0x00000000d5bf4080}> (0x00000000d5bf4080) 
thrown [s\src\hotspot\share\prims\jni.cpp, line 520]
Event: 102.209 Thread 0x00000160fb77e010 Exception <a 'sun/nio/fs/WindowsException'{0x00000000d5bf4960}> (0x00000000d5bf4960) 
thrown [s\src\hotspot\share\prims\jni.cpp, line 520]
Event: 102.220 Thread 0x00000160fb77e010 Exception <a 'sun/nio/fs/WindowsException'{0x00000000d5df9160}> (0x00000000d5df9160) 
thrown [s\src\hotspot\share\prims\jni.cpp, line 520]
Event: 102.220 Thread 0x00000160fb77e010 Exception <a 'sun/nio/fs/WindowsException'{0x00000000d5df9a40}> (0x00000000d5df9a40) 
thrown [s\src\hotspot\share\prims\jni.cpp, line 520]
Event: 102.220 Thread 0x00000160fb77e010 Exception <a 'sun/nio/fs/WindowsException'{0x00000000d5dfa7e8}> (0x00000000d5dfa7e8) 
thrown [s\src\hotspot\share\prims\jni.cpp, line 520]
Event: 102.220 Thread 0x00000160fb77e010 Exception <a 'sun/nio/fs/WindowsException'{0x00000000d5dfb0c8}> (0x00000000d5dfb0c8) 
thrown [s\src\hotspot\share\prims\jni.cpp, line 520]
Event: 102.229 Thread 0x00000160fb77e010 Exception <a 'sun/nio/fs/WindowsException'{0x00000000d55e15a0}> (0x00000000d55e15a0) 
thrown [s\src\hotspot\share\prims\jni.cpp, line 520]
Event: 102.229 Thread 0x00000160fb77e010 Exception <a 'sun/nio/fs/WindowsException'{0x00000000d55e1e80}> (0x00000000d55e1e80) 
thrown [s\src\hotspot\share\prims\jni.cpp, line 520]
Event: 102.241 Thread 0x00000160fb77e010 Exception <a 'sun/nio/fs/WindowsException'{0x00000000d58961b0}> (0x00000000d58961b0) 
thrown [s\src\hotspot\share\prims\jni.cpp, line 520]
Event: 102.241 Thread 0x00000160fb77e010 Exception <a 'sun/nio/fs/WindowsException'{0x00000000d5896a90}> (0x00000000d5896a90) 
thrown [s\src\hotspot\share\prims\jni.cpp, line 520]
Event: 102.242 Thread 0x00000160fb77e010 Exception <a 'sun/nio/fs/WindowsException'{0x00000000d5897808}> (0x00000000d5897808) 
thrown [s\src\hotspot\share\prims\jni.cpp, line 520]
Event: 102.242 Thread 0x00000160fb77e010 Exception <a 'sun/nio/fs/WindowsException'{0x00000000d58980e8}> (0x00000000d58980e8) 
thrown [s\src\hotspot\share\prims\jni.cpp, line 520]
Event: 102.242 Thread 0x00000160fb77e010 Exception <a 'sun/nio/fs/WindowsException'{0x00000000d58997e0}> (0x00000000d58997e0) 
thrown [s\src\hotspot\share\prims\jni.cpp, line 520]
Event: 102.242 Thread 0x00000160fb77e010 Exception <a 'sun/nio/fs/WindowsException'{0x00000000d589a0c0}> (0x00000000d589a0c0) 
thrown [s\src\hotspot\share\prims\jni.cpp, line 520]
Event: 102.255 Thread 0x00000160fb77e010 Exception <a 'sun/nio/fs/WindowsException'{0x00000000d5abf7f0}> (0x00000000d5abf7f0) 
thrown [s\src\hotspot\share\prims\jni.cpp, line 520]
Event: 102.256 Thread 0x00000160fb77e010 Exception <a 'sun/nio/fs/WindowsException'{0x00000000d5ac00d0}> (0x00000000d5ac00d0) 
thrown [s\src\hotspot\share\prims\jni.cpp, line 520]
Event: 102.256 Thread 0x00000160fb77e010 Exception <a 'sun/nio/fs/WindowsException'{0x00000000d5ac0e30}> (0x00000000d5ac0e30) 
thrown [s\src\hotspot\share\prims\jni.cpp, line 520]
Event: 102.256 Thread 0x00000160fb77e010 Exception <a 'sun/nio/fs/WindowsException'{0x00000000d5af4fd0}> (0x00000000d5af4fd0) 
thrown [s\src\hotspot\share\prims\jni.cpp, line 520]
Event: 102.256 Thread 0x00000160fb77e010 Exception <a 'sun/nio/fs/WindowsException'{0x00000000d5af66c8}> (0x00000000d5af66c8) 
thrown [s\src\hotspot\share\prims\jni.cpp, line 520]
Event: 102.256 Thread 0x00000160fb77e010 Exception <a 'sun/nio/fs/WindowsException'{0x00000000d5af6fa8}> (0x00000000d5af6fa8) 
thrown [s\src\hotspot\share\prims\jni.cpp, line 520]

ZGC Phase Switch (0 events):
No events

VM Operations (20 events):
Event: 102.314 Executing safepoint VM operation: ParallelGCFailedAllocation (Allocation Failure) done
Event: 102.315 Executing non-safepoint VM operation: HandshakeAllThreads (Deoptimize)
Event: 102.316 Executing non-safepoint VM operation: HandshakeAllThreads (Deoptimize) done
Event: 102.356 Executing safepoint VM operation: ParallelGCFailedAllocation (Allocation Failure)
Event: 102.357 Executing safepoint VM operation: ParallelGCFailedAllocation (Allocation Failure) done
Event: 102.401 Executing safepoint VM operation: ParallelGCFailedAllocation (Allocation Failure)
Event: 102.402 Executing safepoint VM operation: ParallelGCFailedAllocation (Allocation Failure) done
Event: 102.468 Executing safepoint VM operation: ParallelGCFailedAllocation (Allocation Failure)
Event: 102.469 Executing safepoint VM operation: ParallelGCFailedAllocation (Allocation Failure) done
Event: 102.504 Executing non-safepoint VM operation: HandshakeAllThreads (Deoptimize)
Event: 102.504 Executing non-safepoint VM operation: HandshakeAllThreads (Deoptimize) done
Event: 102.519 Executing safepoint VM operation: ParallelGCFailedAllocation (Allocation Failure)
Event: 102.520 Executing safepoint VM operation: ParallelGCFailedAllocation (Allocation Failure) done
Event: 102.582 Executing safepoint VM operation: ParallelGCFailedAllocation (Allocation Failure)
Event: 102.583 Executing safepoint VM operation: ParallelGCFailedAllocation (Allocation Failure) done
Event: 102.644 Executing safepoint VM operation: ParallelGCFailedAllocation (Allocation Failure)
Event: 102.644 Executing safepoint VM operation: ParallelGCFailedAllocation (Allocation Failure) done
Event: 102.696 Executing safepoint VM operation: ParallelGCFailedAllocation (Allocation Failure)
Event: 102.696 Executing safepoint VM operation: ParallelGCFailedAllocation (Allocation Failure) done
Event: 102.751 Executing safepoint VM operation: ParallelGCFailedAllocation (Allocation Failure)

Memory protections (0 events):
No events

Nmethod flushes (0 events):
No events

Events (20 events):
Event: 77.781 Thread 0x00000160f61659f0 Thread added: 0x00000160fcea0260
Event: 79.089 Thread 0x00000160fcea0260 Thread exited: 0x00000160fcea0260
Event: 100.866 Thread 0x00000160f615ff30 Thread added: 0x00000160fcea1000
Event: 101.233 Thread 0x00000160fc6ce2f0 Thread exited: 0x00000160fc6ce2f0
Event: 101.967 Thread 0x00000160f6818cd0 Thread added: 0x00000160fc6d2490
Event: 101.967 Thread 0x00000160f6818cd0 Thread added: 0x00000160fc6d2b20
Event: 101.968 Thread 0x00000160fc6d2490 Thread added: 0x00000160fb77b8b0
Event: 101.968 Thread 0x00000160fc6d2b20 Thread added: 0x00000160fb77cc60
Event: 101.969 Thread 0x00000160fb77cc60 Thread added: 0x00000160fb77d2f0
Event: 101.969 Thread 0x00000160fb77b8b0 Thread added: 0x00000160fb779e70
Event: 101.970 Thread 0x00000160fb77d2f0 Thread added: 0x00000160fb77c5d0
Event: 101.970 Thread 0x00000160fb779e70 Thread added: 0x00000160fb77bf40
Event: 101.970 Thread 0x00000160fb77c5d0 Thread added: 0x00000160fb77d980
Event: 101.970 Thread 0x00000160fb77bf40 Thread added: 0x00000160fb77a500
Event: 101.971 Thread 0x00000160fb77d980 Thread added: 0x00000160fb77e010
Event: 102.194 Thread 0x00000160f6816570 Thread added: 0x00000160fb77ab90
Event: 102.489 Thread 0x00000160fb77ab90 Thread added: 0x00000160fb77e6a0
Event: 102.506 Thread 0x00000160fb77e6a0 Thread added: 0x00000160fb77b220
Event: 102.507 Thread 0x00000160fb77e6a0 Thread added: 0x00000160fb781490
Event: 102.508 Thread 0x00000160fb77b220 Thread exited: 0x00000160fb77b220


Dynamic libraries:
0x00007ff765420000 - 0x00007ff76542e000 	c:\Users\Rohit\.vscode\extensions\redhat.java-1.54.2026032508-win32-x64\jre\21.0.10-win32-x86_64\bin\java.exe
0x00007ffb5a000000 - 0x00007ffb5a267000 	C:\WINDOWS\SYSTEM32\ntdll.dll
0x00007ffb57da0000 - 0x00007ffb57e69000 	C:\WINDOWS\System32\KERNEL32.DLL
0x00007ffb577c0000 - 0x00007ffb57bb1000 	C:\WINDOWS\System32\KERNELBASE.dll
0x00007ffb57500000 - 0x00007ffb5764b000 	C:\WINDOWS\System32\ucrtbase.dll
0x00007ffb483b0000 - 0x00007ffb483c8000 	c:\Users\Rohit\.vscode\extensions\redhat.java-1.54.2026032508-win32-x64\jre\21.0.10-win32-x86_64\bin\jli.dll
0x00007ffb17230000 - 0x00007ffb1724e000 	c:\Users\Rohit\.vscode\extensions\redhat.java-1.54.2026032508-win32-x64\jre\21.0.10-win32-x86_64\bin\VCRUNTIME140.dll
0x00007ffb59570000 - 0x00007ffb59735000 	C:\WINDOWS\System32\USER32.dll
0x00007ffb35cd0000 - 0x00007ffb35f63000 	C:\WINDOWS\WinSxS\amd64_microsoft.windows.common-controls_6595b64144ccf1df_6.0.26100.8037_none_3e092faae333b53b\COMCTL32.dll
0x00007ffb574d0000 - 0x00007ffb574f7000 	C:\WINDOWS\System32\win32u.dll
0x00007ffb580e0000 - 0x00007ffb58189000 	C:\WINDOWS\System32\msvcrt.dll
0x00007ffb59740000 - 0x00007ffb5976b000 	C:\WINDOWS\System32\GDI32.dll
0x00007ffb57c70000 - 0x00007ffb57d9b000 	C:\WINDOWS\System32\gdi32full.dll
0x00007ffb57650000 - 0x00007ffb576f3000 	C:\WINDOWS\System32\msvcp_win.dll
0x00007ffb580a0000 - 0x00007ffb580d1000 	C:\WINDOWS\System32\IMM32.DLL
0x00007ffb4e800000 - 0x00007ffb4e80c000 	c:\Users\Rohit\.vscode\extensions\redhat.java-1.54.2026032508-win32-x64\jre\21.0.10-win32-x86_64\bin\vcruntime140_1.dll
0x00007ffb16d30000 - 0x00007ffb16dbd000 	c:\Users\Rohit\.vscode\extensions\redhat.java-1.54.2026032508-win32-x64\jre\21.0.10-win32-x86_64\bin\msvcp140.dll
0x00007ffadf450000 - 0x00007ffae01f1000 	c:\Users\Rohit\.vscode\extensions\redhat.java-1.54.2026032508-win32-x64\jre\21.0.10-win32-x86_64\bin\server\jvm.dll
0x00007ffb588d0000 - 0x00007ffb5898b000 	C:\WINDOWS\System32\ADVAPI32.dll
0x00007ffb58190000 - 0x00007ffb58237000 	C:\WINDOWS\System32\sechost.dll
0x00007ffb589a0000 - 0x00007ffb58ab8000 	C:\WINDOWS\System32\RPCRT4.dll
0x00007ffb59f20000 - 0x00007ffb59f94000 	C:\WINDOWS\System32\WS2_32.dll
0x00007ffb55dd0000 - 0x00007ffb55e2e000 	C:\WINDOWS\SYSTEM32\POWRPROF.dll
0x00007ffb440d0000 - 0x00007ffb44105000 	C:\WINDOWS\SYSTEM32\WINMM.dll
0x00007ffb4c2e0000 - 0x00007ffb4c2eb000 	C:\WINDOWS\SYSTEM32\VERSION.dll
0x00007ffb55db0000 - 0x00007ffb55dc4000 	C:\WINDOWS\SYSTEM32\UMPDC.dll
0x00007ffb55660000 - 0x00007ffb5567b000 	C:\WINDOWS\SYSTEM32\kernel.appcore.dll
0x00007ffb23070000 - 0x00007ffb2307a000 	c:\Users\Rohit\.vscode\extensions\redhat.java-1.54.2026032508-win32-x64\jre\21.0.10-win32-x86_64\bin\jimage.dll
0x00007ffb547a0000 - 0x00007ffb549e2000 	C:\WINDOWS\SYSTEM32\DBGHELP.DLL
0x00007ffb59770000 - 0x00007ffb59af2000 	C:\WINDOWS\System32\combase.dll
0x00007ffb58bc0000 - 0x00007ffb58c97000 	C:\WINDOWS\System32\OLEAUT32.dll
0x00007ffb34f30000 - 0x00007ffb34f6b000 	C:\WINDOWS\SYSTEM32\dbgcore.DLL
0x00007ffb57bc0000 - 0x00007ffb57c65000 	C:\WINDOWS\System32\bcryptPrimitives.dll
0x00007ffb4f0a0000 - 0x00007ffb4f0af000 	c:\Users\Rohit\.vscode\extensions\redhat.java-1.54.2026032508-win32-x64\jre\21.0.10-win32-x86_64\bin\instrument.dll
0x00007ffb17c80000 - 0x00007ffb17ca0000 	c:\Users\Rohit\.vscode\extensions\redhat.java-1.54.2026032508-win32-x64\jre\21.0.10-win32-x86_64\bin\java.dll
0x00007ffb58e00000 - 0x00007ffb5955f000 	C:\WINDOWS\System32\SHELL32.dll
0x00007ffb56a60000 - 0x00007ffb56bca000 	C:\WINDOWS\System32\wintypes.dll
0x00007ffb56bd0000 - 0x00007ffb57434000 	C:\WINDOWS\System32\windows.storage.dll
0x00007ffb58cb0000 - 0x00007ffb58da7000 	C:\WINDOWS\System32\SHCORE.dll
0x00007ffb59b00000 - 0x00007ffb59b67000 	C:\WINDOWS\System32\shlwapi.dll
0x00007ffb56800000 - 0x00007ffb56829000 	C:\WINDOWS\SYSTEM32\profapi.dll
0x00007ffb17250000 - 0x00007ffb17268000 	c:\Users\Rohit\.vscode\extensions\redhat.java-1.54.2026032508-win32-x64\jre\21.0.10-win32-x86_64\bin\zip.dll
0x00007ffb1b8a0000 - 0x00007ffb1b8b0000 	C:\Users\Rohit\.vscode\extensions\redhat.java-1.54.2026032508-win32-x64\jre\21.0.10-win32-x86_64\bin\net.dll
0x00007ffb4e0c0000 - 0x00007ffb4e1e7000 	C:\WINDOWS\SYSTEM32\WINHTTP.dll
0x00007ffb55c50000 - 0x00007ffb55cbb000 	C:\WINDOWS\system32\mswsock.dll
0x00007ffb17c60000 - 0x00007ffb17c76000 	C:\Users\Rohit\.vscode\extensions\redhat.java-1.54.2026032508-win32-x64\jre\21.0.10-win32-x86_64\bin\nio.dll
0x00007ffb4e810000 - 0x00007ffb4e820000 	c:\Users\Rohit\.vscode\extensions\redhat.java-1.54.2026032508-win32-x64\jre\21.0.10-win32-x86_64\bin\verify.dll
0x00007ffb30660000 - 0x00007ffb306a5000 	C:\Users\Rohit\AppData\Roaming\Code\User\globalStorage\redhat.java\1.54.2026032508\config_win\org.eclipse.equinox.launcher\org.eclipse.equinox.launcher.win32.win32.x86_64_1.3.0.v20260203-2149\eclipse_11919.dll
0x00007ffb57e70000 - 0x00007ffb58005000 	C:\WINDOWS\System32\ole32.dll
0x00007ffb55fe0000 - 0x00007ffb55ffb000 	C:\WINDOWS\SYSTEM32\CRYPTSP.dll
0x00007ffb555c0000 - 0x00007ffb555f9000 	C:\WINDOWS\system32\rsaenh.dll
0x00007ffb55d20000 - 0x00007ffb55d52000 	C:\WINDOWS\SYSTEM32\USERENV.dll
0x00007ffb567d0000 - 0x00007ffb567fa000 	C:\WINDOWS\SYSTEM32\bcrypt.dll
0x00007ffb56000000 - 0x00007ffb5600c000 	C:\WINDOWS\SYSTEM32\CRYPTBASE.dll
0x00007ffb55090000 - 0x00007ffb550c3000 	C:\WINDOWS\SYSTEM32\IPHLPAPI.DLL
0x00007ffb58ca0000 - 0x00007ffb58caa000 	C:\WINDOWS\System32\NSI.dll
0x00007ffb30610000 - 0x00007ffb30659000 	C:\Users\Rohit\AppData\Local\Temp\jna-79138838\jna5314652494908993985.dll
0x00007ffb586e0000 - 0x00007ffb586e8000 	C:\WINDOWS\System32\PSAPI.DLL
0x00007ffb4e870000 - 0x00007ffb4e88d000 	C:\WINDOWS\SYSTEM32\dhcpcsvc6.DLL
0x00007ffb4e840000 - 0x00007ffb4e863000 	C:\WINDOWS\SYSTEM32\dhcpcsvc.DLL
0x00007ffb1b8d0000 - 0x00007ffb1b8f7000 	C:\Users\Rohit\.gradle\native\1def1411415f61bf3af743bc5b6707747c0891f09f0c88961ee8f79bc544acac\windows-amd64\native-platform.dll
0x00007ffb17200000 - 0x00007ffb1720a000 	C:\Users\Rohit\.vscode\extensions\redhat.java-1.54.2026032508-win32-x64\jre\21.0.10-win32-x86_64\bin\management.dll
0x00007ffb171f0000 - 0x00007ffb171fc000 	C:\Users\Rohit\.vscode\extensions\redhat.java-1.54.2026032508-win32-x64\jre\21.0.10-win32-x86_64\bin\management_ext.dll
0x00007ffb16d20000 - 0x00007ffb16d29000 	C:\Users\Rohit\.vscode\extensions\redhat.java-1.54.2026032508-win32-x64\jre\21.0.10-win32-x86_64\bin\extnet.dll

JVMTI agents:
c:\Users\Rohit\.vscode\extensions\redhat.java-1.54.2026032508-win32-x64\lombok\lombok-1.18.39-4050.jar path:c:\Users\Rohit\.vscode\extensions\redhat.java-1.54.2026032508-win32-x64\jre\21.0.10-win32-x86_64\bin\instrument.dll, loaded, initialized, instrumentlib options:none

dbghelp: loaded successfully - version: 4.0.5 - missing functions: none
symbol engine: initialized successfully - sym options: 0x614 - pdb path: .;c:\Users\Rohit\.vscode\extensions\redhat.java-1.54.2026032508-win32-x64\jre\21.0.10-win32-x86_64\bin;C:\WINDOWS\SYSTEM32;C:\WINDOWS\WinSxS\amd64_microsoft.windows.common-controls_6595b64144ccf1df_6.0.26100.8037_none_3e092faae333b53b;c:\Users\Rohit\.vscode\extensions\redhat.java-1.54.2026032508-win32-x64\jre\21.0.10-win32-x86_64\bin\server;C:\Users\Rohit\AppData\Roaming\Code\User\globalStorage\redhat.java\1.54.2026032508\config_win\org.eclipse.equinox.launcher\org.eclipse.equinox.launcher.win32.win32.x86_64_1.3.0.v20260203-2149;C:\Users\Rohit\AppData\Local\Temp\jna-79138838;C:\Users\Rohit\.gradle\native\1def1411415f61bf3af743bc5b6707747c0891f09f0c88961ee8f79bc544acac\windows-amd64

VM Arguments:
jvm_args: --add-modules=ALL-SYSTEM --add-opens=java.base/java.util=ALL-UNNAMED --add-opens=java.base/java.lang=ALL-UNNAMED --add-opens=java.base/sun.nio.fs=ALL-UNNAMED -Declipse.application=org.eclipse.jdt.ls.core.id1 -Dosgi.bundles.defaultStartLevel=4 -Declipse.product=org.eclipse.jdt.ls.core.product -Djava.import.generatesMetadataFilesAtProjectRoot=false -DDetectVMInstallationsJob.disabled=true -Dfile.encoding=utf8 -XX:+UseParallelGC -XX:GCTimeRatio=4 -XX:AdaptiveSizePolicyWeight=90 -Dsun.zip.disableMemoryMapping=true -Xmx2G -Xms100m -Xlog:disable -javaagent:c:\Users\Rohit\.vscode\extensions\redhat.java-1.54.2026032508-win32-x64\lombok\lombok-1.18.39-4050.jar -XX:+HeapDumpOnOutOfMemoryError -XX:HeapDumpPath=c:\Users\Rohit\AppData\Roaming\Code\User\workspaceStorage\6d49a6029bcb0fc83d9f2152666a4f8f\redhat.java -Daether.dependencyCollector.impl=bf -XX:+UnlockDiagnosticVMOptions -XX:+AllowArchivingWithJavaAgent -XX:+AutoCreateSharedArchive -XX:SharedArchiveFile=c:\Users\Rohit\AppData\Roaming\Code\User\globalStorage\redhat.java\1.54.2026032508\jdtls.jsa 
java_command: c:\Users\Rohit\.vscode\extensions\redhat.java-1.54.2026032508-win32-x64\server\plugins\org.eclipse.equinox.launcher_1.7.100.v20251111-0406.jar -configuration c:\Users\Rohit\AppData\Roaming\Code\User\globalStorage\redhat.java\1.54.2026032508\config_win -data c:\Users\Rohit\AppData\Roaming\Code\User\workspaceStorage\6d49a6029bcb0fc83d9f2152666a4f8f\redhat.java\jdt_ws --pipe=\\.\pipe\lsp-252bae74c6bbe060cd62527f9df2a346-sock
java_class_path (initial): c:\Users\Rohit\.vscode\extensions\redhat.java-1.54.2026032508-win32-x64\server\plugins\org.eclipse.equinox.launcher_1.7.100.v20251111-0406.jar
Launcher Type: SUN_STANDARD

[Global flags]
    uintx AdaptiveSizePolicyWeight                 = 90                                        {product} {command line}
     bool AllowArchivingWithJavaAgent              = true                             {JVMCI diagnostic} {command line}
     bool AutoCreateSharedArchive                  = false                               {JVMCI product} {command line}
     intx CICompilerCount                          = 4                                         {product} {ergonomic}
    uintx GCTimeRatio                              = 4                                         {product} {command line}
     bool HeapDumpOnOutOfMemoryError               = true                                   {manageable} {command line}
    ccstr HeapDumpPath                             = c:\Users\Rohit\AppData\Roaming\Code\User\workspaceStorage\6d49a6029bcb0fc83d9f2152666a4f8f\redhat.java         {manageable} {command line}
   size_t InitialHeapSize                          = 104857600                                 {product} {command line}
   size_t MaxHeapSize                              = 2147483648                                {product} {command line}
   size_t MaxNewSize                               = 715653120                                 {product} {ergonomic}
   size_t MinHeapDeltaBytes                        = 524288                                    {product} {ergonomic}
   size_t MinHeapSize                              = 104857600                                 {product} {command line}
   size_t NewSize                                  = 34603008                                  {product} {ergonomic}
    uintx NonNMethodCodeHeapSize                   = 5839372                                {pd product} {ergonomic}
    uintx NonProfiledCodeHeapSize                  = 122909434                              {pd product} {ergonomic}
   size_t OldSize                                  = 70254592                                  {product} {ergonomic}
    uintx ProfiledCodeHeapSize                     = 122909434                              {pd product} {ergonomic}
    uintx ReservedCodeCacheSize                    = 251658240                              {pd product} {ergonomic}
     bool SegmentedCodeCache                       = true                                      {product} {ergonomic}
    ccstr SharedArchiveFile                        = c:\Users\Rohit\AppData\Roaming\Code\User\globalStorage\redhat.java\1.54.2026032508\jdtls.jsa      {JVMCI product} {command line}
   size_t SoftMaxHeapSize                          = 2147483648                             {manageable} {ergonomic}
     bool UnlockDiagnosticVMOptions                = true                                   {diagnostic} {command line}
     bool UseCompressedOops                        = true                           {product lp64_product} {ergonomic}
     bool UseLargePagesIndividualAllocation        = false                                  {pd product} {ergonomic}
     bool UseParallelGC                            = true                                      {product} {command line}

Logging:
Log output configuration:
 #0: stdout all=off uptime,level,tags foldmultilines=false
 #1: stderr all=off uptime,level,tags foldmultilines=false

Release file:
JAVA_VERSION="21.0.10" 
MODULES="java.base java.compiler java.datatransfer java.xml java.prefs java.desktop java.instrument java.logging java.management java.security.sasl java.naming java.rmi java.management.rmi java.net.http java.scripting java.security.jgss java.transaction.xa java.sql java.sql.rowset java.xml.crypto java.se java.smartcardio jdk.accessibility jdk.internal.jvmstat jdk.attach jdk.charsets jdk.internal.opt jdk.zipfs jdk.compiler jdk.crypto.ec jdk.crypto.cryptoki jdk.crypto.mscapi jdk.dynalink jdk.internal.ed jdk.editpad jdk.hotspot.agent jdk.httpserver jdk.internal.le jdk.internal.vm.ci jdk.internal.vm.compiler jdk.internal.vm.compiler.management jdk.jartool jdk.javadoc jdk.jcmd jdk.management jdk.management.agent jdk.jconsole jdk.jdeps jdk.jdwp.agent jdk.jdi jdk.jfr jdk.jshell jdk.jsobject jdk.jstatd jdk.localedata jdk.management.jfr jdk.naming.dns jdk.naming.rmi jdk.net jdk.nio.mapmode jdk.random jdk.sctp jdk.security.auth jdk.security.jgss jdk.unsupported jdk.unsupported.desktop jdk.xml.dom" 

Environment Variables:
JAVA_HOME=C:\Program Files\Java\jdk-17
PATH=C:\Users\Rohit\AppData\Local\Programs\Microsoft VS Code;C:\Program Files\Java\jdk-17\bin;C:\Program Files\Common Files\Oracle\Java\javapath;C:\oraclexe\app\oracle\product\10.2.0\server\bin;C:\windows\system32;C:\windows;C:\windows\System32\Wbem;C:\windows\System32\WindowsPowerShell\v1.0\;C:\windows\System32\OpenSSH\;C:\Program Files (x86)\NVIDIA Corporation\PhysX\Common;C:\Program Files\NVIDIA Corporation\NVIDIA NvDLISR;C:\Users\Administrator\AppData\Local\Microsoft\WindowsApps;C:\Program Files\HP\OMEN-Broadcast\Common;C:\ProgramData\chocolatey\bin;C:\Program Files\nodejs\;C:\xampp\php;C:\ProgramData\ComposerSetup\bin;C:\Program Files\Git\cmd;C:\Program Files\Microsoft SQL Server\150\Tools\Binn\;C:\Program Files\Microsoft SQL Server\Client SDK\ODBC\170\Tools\Binn\;C:\Program Files\dotnet\;%SystemRoot%\system32;%SystemRoot%;%SystemRoot%\System32\Wbem;%SYSTEMROOT%\System32\WindowsPowerShell\v1.0\;%SYSTEMROOT%\System32\OpenSSH\;C:\Users\Rohit\AppData\Local\Programs\Python\Python313\Scripts\;C:\Users\Rohit\AppData\Local\Programs\Python\Python313\;C:\Users\Rohit\AppData\Local\Microsoft\WindowsApps;C:\Users\Rohit\AppData\Local\Programs\Microsoft VS Code\bin;C:\Program Files\Java\jdk-17\bin;D:\Android\Flutter\SDK\flutter\bin;C:\Users\Rohit\AppData\Local\GitHubDesktop\bin;C:\Users\Rohit\AppData\Roaming\npm;C:\Users\Rohit\AppData\Local\Android\Sdk;C:\Users\Rohit\AppData\Roaming\Composer\vendor\bin;C:\Users\Rohit\.dotnet\tools;C:\Program Files\MySQL\MySQL Server 9.3\bin;
USERNAME=Rohit
OS=Windows_NT
PROCESSOR_IDENTIFIER=Intel64 Family 6 Model 186 Stepping 2, GenuineIntel
TMP=C:\Users\Rohit\AppData\Local\Temp
TEMP=C:\Users\Rohit\AppData\Local\Temp




Periodic native trim disabled

---------------  S Y S T E M  ---------------

OS:
 Windows 11 , 64 bit Build 26100 (10.0.26100.7920)
OS uptime: 0 days 3:28 hours
Hyper-V role detected

CPU: total 12 (initial active 12) (6 cores per cpu, 2 threads per core) family 6 model 186 stepping 2 microcode 0x4122, cx8, cmov, fxsr, ht, mmx, 3dnowpref, sse, sse2, sse3, ssse3, sse4.1, sse4.2, popcnt, lzcnt, tsc, tscinvbit, avx, avx2, aes, erms, clmul, bmi1, bmi2, adx, sha, fma, vzeroupper, clflush, clflushopt, clwb, hv, serialize, rdtscp, rdpid, fsrm, f16c, cet_ibt, cet_ss
Processor Information for the first 12 processors :
  Max Mhz: 2100, Current Mhz: 2100, Mhz Limit: 2100

Memory: 4k page, system-wide physical 16024M (655M free)
TotalPageFile size 42587M (AvailPageFile size 6M)
current process WorkingSet (physical memory assigned to process): 332M, peak: 335M
current process commit charge ("private bytes"): 411M, peak: 417M

vm_info: OpenJDK 64-Bit Server VM (21.0.10+7-LTS) for windows-amd64 JRE (21.0.10+7-LTS), built on 2026-01-20T00:00:00Z by "admin" with MS VC++ 17.12 (VS2022)

END.
